Aba
Abadanas
Abakalikis
Abakanas
Abenguru
Abeokuta
Aberdynas
Abha
Abidžanas
Abikas
Abilenas
Aboharas
Abomėjus
Abotabadas
Abotsfordas
Abu Dabis
Abu Kabiras
Abudža
Achenas
Acugis
Adana
Adapazarai
Adas
Adelaidė
Adenas
Adijamanas
Adilabadas
Adis Abeba
Aditjapuras
Adiverna
Adonis
Adždabija
Adžmanas
Adžmeras
Afionkarahisaras
Agadiras
Agartala
Ageo
Agra
Aguas Lindasas
Aguaskalientesas
Ahmadabadas
Ahmadnagaras
Ahvazas
Aidynas
Aidzuvakamacu
Ain Usera
Ain el Beida
Ainas
Aizaulas
Ajakučas
Ajer Itamas
Ajunas
Akapulkas
Akarigua
Akašis
Akita
Akišima
Akmečetė
Akola
Akra
Akronas
Aksarajus
Aksu
Aktau
Aktiubinskas
Akunja
Akurė
Alagoinjasas
Alahabadas
Alanduras
Alanija
Alapuža
Albasetė
Albertonas
Albukerkė
Alchesirasas
Aleksandrija
Alentaunas
Alepas
Aligarhas
Alikantė
Alkala de Henaresas
Alkobendasas
Alkorkonas
Almalykas
Almata
Almerija
Almerė
Almetjevskas
Alor Setaras
Altajus
Alvalas
Alvaras
Alvorada
Alčevskas
Alžyras
Amadora
Amagasakis
Amaigbas
Amanas
Amara
Amarilas
Ambala
Ambala Sadaras
Ambarnathas
Ambatas
Ambaturas
Ambonas
Amburas
Amerikana
Amersfortas
Amjenas
Amolis
Ampang Džaja
Amravatis
Amritsaras
Amroha
Amsterdamas
An Arboras
Anaba
Anahaimas
Anakas
Anandas
Ananindeua
Anantapuras
Anapolis
Anbu
Anchelesas
Ancirabė
Anda
Andimeškas
Andižanas
Andongas
Andžio
Angarskas
Angra dos Reisas
Angrenas
Anjama
Anjangas
Ankangas
Ankara
Ankona
Ankoridžas
Ansanas
Antakja
Antalja
Antananaryvas
Antiokas
Antipolas
Antofagasta
Antverpenas
Ančingas
Ančiu
Anšanas
Anšunas
Anžė
Aomenas
Aomoris
Aparesida
Apeldornas
Apodaka
Apopa
Apurakana
Ara
Araaras
Aradas
Araguaina
Arakas
Arakažu
Arapiraka
Ararakvara
Ararasas
Araruama
Arasatuba
Araukarija
Archangelskas
Ardabilis
Ardžavinangunas
Arekipa
Arika
Arišas
Arjana
Arlingtonas
Armaviras
Armenija
Arnhemas
Aruša
Arvada
Arzamasas
Aržantėjus
Asahikava
Asaka
Asansolas
Asfis
Asjutas
Asmara
Astana
Astanadžapura
Astrachanė
Asunsjonas
Asvanas
Atbara
Atensas
Atibaja
Atlanta
Atyrau
Atėnai
Augsburgas
Aurangabadas
Avadis
Avasa
Avka
Azamgarhas
Azarė
Azizija
Ačalpuras
Ačengas
Ačinskas
Ašchabadas
Ašdodas
Ašiamanas
Ašikaga
Aškelonas
Ašoknagaras Kaljangarhas
Bab Ezuaras
Babakanas
Babas
Babolis
Babruiskas
Badachosas
Badalona
Badambangas
Badaodziangas
Badlapuras
Bafalas
Bafusamas
Bagaha
Bagas
Bagdadas
Bagijas
Baglanas
Bahadurgarhas
Baharampuras
Bahavalnagaras
Bahavalpuras
Bahija Blanka
Bahir Daras
Bahraičas
Baida
Baidabas
Baidjabatis
Bainas
Baičengas
Baja Marė
Bajamas
Bajamonas
Bakeu
Baklieu
Bakolodas
Bakooras
Baku
Bakuba
Balakovas
Balaradža
Balašicha
Balchas
Balešvaras
Balija
Balikesiras
Balikpapanas
Balinda
Balio Kantonmentas
Balis
Baliuagas
Balstogė
Baltimorė
Balurghatas
Bama
Bamakas
Bamenda
Bamijanas
Banda
Banda Ačehas
Bandar Lampungas
Bandar Maharanis
Bandar Pengaramas
Bandirma
Bandundu
Bandungas
Bandžaranas
Bandžarmasinas
Bangaloras
Bangaonas
Bangis
Bani Suveifas
Bania Luka
Banjuvangis
Bankokas
Bankura
Bansbarija
Bantou
Banė
Baodingas
Baodzi
Baotou
Baošanas
Bara Mansa
Barakis
Barakpuras
Baranagaras
Barankabermecha
Barankilja
Baranovičiai
Barasatas
Barbasena
Bardhamanas
Bareirasas
Barelis
Baretosas
Barinasas
Baripada
Baris
Barisalas
Barkisimetas
Barnala
Barnaulas
Barselona
Barsis
Barueris
Baruta
Barysavas
Basirhatas
Basra
Bastis
Bat Jamas
Bata
Bataiskas
Batala
Batamas
Batangas
Batangasas
Batervortas
Bathinda
Batmanas
Batna
Baton Ružas
Batu Sembilan Čerasas
Batumis
Baturadža
Bauru
Baučis
Baušaras
Bazelis
Bazildonas
Beavaras
Bedžaja
Begamgandžas
Begusarajus
Behta Hadžipuras
Beibėjus
Beihajus
Beikersfildas
Beipiao
Beira
Beirutas
Bejanas
Bekasis
Belaris
Belavanas
Belcis
Belenas
Belfastas
Belford Rošas
Belgaumas
Belgorodas
Belgradas
Beljas
Belo Horizontė
Belsko Biala
Belvju
Bender Abasas
Bender Enzelis
Bene Berakas
Bengazis
Bengbu
Bengela
Benha
Beni Melalas
Beninas
Benkulu
Benonis
Bensi
Bepu
Ber Ševa
Berbankas
Berbera
Berdianskas
Bereznikai
Bergamas
Bergenas
Bergiš Gladbachas
Berklis
Berlynas
Bernas
Bertua
Betalas
Betija
Betinas
Bezansonas
Bešaras
Bhadravatis
Bhadresvaras
Bhagalpuras
Bhairab Bazaras
Bhalsva Džahangirpuras
Bharatpuras
Bharučas
Bhatpara
Bhavnagaras
Bhilajus
Bhilvara
Bhimavaramas
Bhindas
Bhivandis
Bhivanis
Bhopalas
Bhubanesvaras
Bhudžas
Bhulis
Bhusavalas
Bida
Bidaras
Bidas
Bidhanagaras
Bidžapuras
Bienhoa
Biharas
Bijskas
Bikaneras
Bila Cerkva
Bilaspuras
Bilbao
Bilbesas
Bilkasas
Bimbas
Binangonanas
Bindžajus
Bindžou
Bintulu
Biratnagaras
Birdžendas
Birgandžas
Birigis
Birmingamas
Birmingemas
Birnin Kebis
Bisau
Biskra
Bitungas
Bizerta
Bišas
Biškekas
Bjatarajanapura
Blagoveščenskas
Blakbernas
Blakpulas
Blantairas
Blida
Blitaras
Blumenau
Blumfonteinas
Bo
Bo Basenas
Boa Vista
Bobo Diulasas
Bochumas
Bodžnurdas
Bodžong Gedė
Bodžou
Bogora
Bogoras
Bogota
Bohikonas
Boisė
Bokaras
Boksburgas
Bolonija
Boltonas
Boma
Bomanahalis
Bomontas
Bona
Bontangas
Bordo
Bordž Bu Areridžas
Bordž el Kifanas
Bornmutas
Borudžerdas
Bostonas
Botadas
Botošanis
Botropas
Botukatu
Bočabelas
Bošanas
Bradfordas
Braga
Bragansa Paulista
Brahmanbarija
Brahmapuras
Braitonas
Brakpanas
Bratislava
Bratskas
Braunsvilis
Braunšveigas
Brazavilis
Brazilija
Brašovas
Brebesas
Breda
Breila
Breisgau Freiburgas
Brestas
Breša
Brianskas
Bricas
Bridžportas
Brisbenas
Bristolis
Briugė
Briuselio centras
Briuselis
Brno
Brėmenas
Brėmerhafenas
Bu Saada
Buakė
Buchara
Budapeštas
Budaunas
Buenaventura
Buenavista
Buenos Airės
Buga
Bugama
Buhė
Bukanas
Bukaramanga
Bukareštas
Bukavu
Bukit Mertadžamas
Bulandšahras
Bulaonas
Bulavajas
Bulonė-Bijankūras
Bunis
Buraida
Burevala
Burgasas
Burgosas
Burhanpuras
Bursa
Busanas
Butembas
Butuanas
Buzeu
Bušehras
Bužumbūra
Bydgoščius
Bylefeldas
Bytomas
Cangdžou
Chabarovskas
Chaenas
Chalapa
Chan Junisas
Charkovas
Chartumas
Chasaviurtas
Chemnicas
Cheneral Alvaresas
Cheneral Eskobedas
Chenšela
Cheres de la Frontera
Chersonas
Chetafė
Chichonas
Chikas
Chimkai
Chirardotas
Chironas
Chiutepekas
Chmelnyckis
Chojus
Cholas
Chomeinišehras
Choramabadas
Choramšehras
Chožuvas
Chuaresas
Chudžandas
Chuliaka
Churibga
Ciurichas
Cu
Cukuba
Cučiura
Daanas
Dadiangasas
Dadlis
Dadu
Dagupanas
Dahukas
Daipo
Daito
Daka
Dakaras
Dalasas
Dalatas
Dali
Dalianas
Daliangas
Dalo Pura
Daloa
Damamas
Damanhuras
Damaras
Damaskas
Damaturu
Damazinas
Damiras
Damohas
Danangas
Dandi
Dandongas
Danidinas
Danšujus
Dar es Salamas
Darbhanga
Dardžilingas
Darhemas
Darmštatas
Dasarahalis
Dasianas
Daska
Dasmarinjasas
Datongas
Daugpilis
Daukou
Daunis
Davanagerė
Davao
Davėjus
De Moinas
Debre Zeitas
Debrecenas
Dedžou
Dehivala
Dehra Dunas
Dehris
Dehujus
Deir az Zoras
Deitonas
Dejangas
Delio Kantonmentas
Delis
Delisiasas
Delma
Denizlis
Denpasaras
Dentonas
Denveris
Deolis
Deorija
Depokas
Dera Ghazi Chanas
Dera Ismail Chanas
Derbentas
Derbis
Derindžė
Desė
Detroitas
Devasas
Devgharas
Dezfulis
Dhanbadas
Dharanas
Dharmavaramas
Dhaulpuras
Dhulė
Diadema
Dibrugarhas
Didao
Didieji Lukai
Digosas
Dijarbakiras
Dikirnisas
Dilis
Dimapuras
Dimitrovgradas
Dinadžpuras
Dinapuras
Dindigulas
Dingdžou
Dire Dava
Disukas
Diurbelis
Diuseldorfas
Divanija
Divas
Divinopolis
Dižonas
Dnieprodzeržinskas
Dniepropetrovskas
Dodoma
Doha
Dombrova Gurniča
Doneckas
Donghajus
Dongingas
Dongli
Donglingas
Dongtajus
Donguanas
Dongčangas
Dordrechtas
Dortmundas
Dorudas
Dos Hermanasas
Dos Kebradasas
Douradosas
Dresdenas
Drobeta-Turnu Severinas
Duainas
Duala
Dubajus
Dublinas
Duisburgas
Duke de Kašiasas
Dum Dumas
Duma
Dumagetė
Dumajus
Dunhua
Durangas
Durbanas
Duresis
Durgapuras
Durgas
Dušanbė
Dzalantunas
Dzama
Dzaodžuangas
Dzaojangas
Dzeržinskas
Dziadzi
Dziagedagi
Dziajuguanas
Dziamusi
Dzianas
Dzianginas
Dziangjou
Dziangmenas
Dziaodziangas
Dziaodzuo
Dziaodžou
Dziaohė
Dziasingas
Dzieši
Dziešou
Dzigongas
Dzinanas
Dzindžou
Dzingdedženas
Dzingdžou
Dzingmenas
Dzinhua
Dziningas
Dzinma
Dzinsi
Dzinčangas
Dzinčengas
Dzinčengdziangas
Dzisi
Dziudziangas
Dziulongas
Dziupu
Dziutajus
Dzišou
Dzišu
Dzousianas
Dzuni
Dėras
Džabalija
Džabalpuras
Džadida
Džafna
Džagadhris
Džaipuras
Džajapura
Džakarta
Džalainuras
Džalalabadas
Džalandharas
Džalgaonas
Džalibas
Džalingas
Džalna
Džalpaiguris
Džamalpuras
Džamamė
Džambis
Džamnagaras
Džamu
Džamurija
Džamšedpuras
Džandziangas
Džangdianas
Džangdziakou
Džangdžou
Džaodongas
Džaojangas
Džaotongas
Džaočengas
Džaočingas
Džaranvala
Džaridihas
Džaunpuras
Džehromas
Džeikobabadas
Džeksonas
Džeksonvilis
Dželfa
Džemberas
Džendziangas
Džengdžou
Džersi Sitis
Džesoras
Džetpuras
Džezkazganas
Džhangas
Džhansis
Džhelumas
Džhundžhununas
Džibutis
Džida
Džidželis
Džilingamas
Džilongas
Džima
Džimeta
Džindas
Džioecu
Džirdža
Džiroftas
Džizakas
Džizanas
Džičengas
Džodhpuras
Džohor Baru
Džokjakarta
Džolietas
Džombangas
Džongšanas
Džordžas
Džordžtaunas
Džosas
Džoucunas
Džoukou
Džoučengas
Džuba
Džubailis
Džudzi
Džudžou
Džugu
Džuhajus
Džumadianas
Džunagadhas
Džunaina
Džunmenas
Džuodžou
Džučengas
Ebecu
Ebina
Echidas
Edinburgas
Edirnė
Edisonas
Edmontonas
Edė
Edėja
Edžigbas
Edžou
Efon Alajė
Eidžongbu
Eindhovenas
Eitenhagė
Eivangas
Ekatepekas
Ekibastuzas
Ekseteris
El Altas
El Limonas
El Montė
El Pasas
El Progresas
El Tigrė
Elazihas
Elbasanis
Elbingas
Eldoretas
Elektrostalė
Elista
Elizabetas
Elma
Eloi Alfaras
Eluru
Elčė
Embalenlė
Embu
Emenas
Emilijos Redžas
Emnambitis
Engelsas
Enschedė
Ensenada
Enugu
Envigadas
Enčengas
Epumalanga
Epvertas
Erfurtas
Erlangenas
Erodė
Ervinas
Ervingas
Erzindžanas
Erzurumas
Esenas
Esenjurtas
Eskišehiras
Eskondidas
Eskuintla
Eslamšehras
Esmeraldasas
Espas
Estero Santjagas
Eta
Etadamenas
Etava
Eupatorija
Evansvilis
Ezė
Faisalabadas
Faizabadas
Fajumas
Falaborva
Faludža
Fanderbeilparkas
Fanthietas
Faridabadas
Faridpuras
Faruchabadas
Fatehpuras
Fau
Fašeras
Feira de Santana
Fejetvilis
Fengjuanas
Fengčengas
Fengšanas
Ferara
Feras de Vaskonselosas
Ferenigingas
Ferfildas
Fergana
Fernando de la Mora
Fervurdburgas
Fesas
Fianarancoa
Filadelfija
Finiksas
Firozabadas
Firozpuras
Fiurtas
Flintas
Florencija
Florensija
Florianopolis
Floridablanka
Fodža
Fokšanis
Fontana
Forli
Formosa
Fort Kolinsas
Fort Loderdeilas
Fort Veinas
Fort Vertas
Fortaleza
Fos do Iguasu
Fošanas
Franka
Frankfurtas prie Maino
Franko da Roša
Fransisko Moratas
Fremontas
Fresnas
Fresniljas
Friheidas
Fritaunas
Fudžieda
Fudžimis
Fudžinomija
Fudžis
Fudžisava
Fudžou
Fuenlabrada
Fujangas
Fuju
Fukaja
Fukujama
Fukujis
Fukuoka
Fukušima
Fulertonas
Fulingas
Funabašis
Funtua
Fusinas
Fučiu
Fušunas
Gabesas
Gaboronas
Gadagas
Gadžuvaka
Gaibanda
Gaja
Galacis
Gandadžika
Gandhidhamas
Gandhinagaras
Gandžou
Ganganagaras
Gangapuras
Gangavatis
Gangdongas
Ganjoa
Gaodžou
Gaomi
Garanjunsas
Garden Grovas
Gardezas
Gardinas
Garlendas
Garsa Garsija
Garua
Garutas
Garuė
Gaza
Gaziantepas
Gazipuras
Gaznis
Gašua
Gbokas
Gbonganas
Gdanskas
Gdynė
Gebzė
Gedarefas
Gedžiu
Geinsvilis
Gelma
Gelugoras
Gelzenkirchenas
Gemena
Gentas
Genuja
Geteborgas
Getingenas
Ghatlodija
Ghaziabadas
Ghazipuras
Giandža
Gifu
Gilbertas
Girinas
Giumris
Giza
Glazgas
Glazovas
Glendeilas
Glivicės
Glosteris
Godhra
Godžra
Gojanija
Gojaso Valparaisas
Gokalpuras
Gold Kostas
Goma
Gombė
Gomelis
Gomes Palasijas
Gonbad Kabusas
Gonda
Gondalas
Gonderas
Gondija
Gongdžulingas
Gorakhpuras
Gorganas
Gorontalas
Governador Valadaresas
Gožuvas
Gracas
Gran Kanarijos las Palmas
Granada
Grand Preris
Grand Rapidsas
Gravataji
Grenoblis
Grin Bėjus
Grinsboras
Grogolas
Groningenas
Groznas
Guadalupė
Guaiba
Guaimas
Guakara
Guanarė
Guangdžou
Guangjuanas
Guangšujus
Guaraparis
Guarapuava
Guaratingeta
Guarenasas
Guaruljosas
Guaruža
Guatirė
Gudaluras
Gudivada
Gudžranvala
Gudžratas
Guelfas
Guilinas
Gujangas
Gujongas
Gulbarga
Gulu
Guna
Guntakalas
Gunturas
Gunung Putris
Gurgaonas
Guruė
Gusau
Guvahatis
Gvadalachara
Gvajakilis
Gvalioras
Gvantanamas
Gvatemala
Gveru
Gėra
Habikinas
Habra
Hadanas
Hadedžija
Hadersfildas
Hadžipuras
Hafaras
Hafizabadas
Haga
Hagenas
Hagonojus
Haibovanas
Haidarabadas
Haifa
Haifongas
Haikou
Hailaras
Hailends Rančas
Hailis
Hailunas
Haimenas
Hainanas
Haičengas
Hajalija
Hakodatė
Haldija
Haldvanis
Halifaksas
Halisaharas
Halė
Hama
Hamadanas
Hamamacu
Hamas
Hamburgas
Hamhengas
Hami
Hamiltonas
Hamis Mušaitas
Hamisatas
Hamparan Perakas
Hanamas
Handa
Handanas
Handžongas
Hangdžou
Hangu
Hanojus
Hanoveris
Hantington Byčas
Hantsvilis
Hanumangarhas
Haora
Hapuras
Hararė
Harbinas
Hardojus
Hardžas
Hargeisa
Haridvaras
Harlemas
Hartfordas
Hasanas
Hathrasas
Hatjajus
Havamidija
Havana
Havija
Havras
Hazaribagas
Hačinohė
Hačiodžis
Hebi
Hebronas
Hedzė
Hedžu
Hefėjus
Hegangas
Heidelbergas
Heihė
Heilbronas
Heilinas
Heivordas
Hekou
Helsinkis
Hemptonas
Hendersonas
Hengjangas
Hengnamas
Hengšanas
Hengšujus
Henzada
Hepo
Heraklionas
Heratas
Hermosiljas
Hernė
Hertogenbosas
Hetianas
Hidalgas
Higašihirošima
Higašikurumė
Higašimurajama
Higašiosaka
Higuėjus
Hikonė
Hila
Hildesheimas
Himedžis
Hinas
Hindupuras
Hiracuka
Hirakata
Hirosakis
Hirošima
Hisaras
Hitačinaka
Hitačis
Hiustonas
Hoabinis
Hobartas
Hofdorpas
Hofu
Hohotas
Hoja
Holginas
Holivudas
Holonas
Homsas
Hongajus
Hongangas
Honghu
Honolulu
Horlivka
Hortolandija
Hospetas
Hosuras
Houma
Hošangabadas
Hošiarpuras
Hošiminas
Huabėjus
Huadianas
Huaihua
Huainanas
Huainas
Hualianas
Huambas
Huangangas
Huangcunas
Huangdžou
Huangjanas
Huangpu
Huangši
Huankajas
Huanukas
Hubaras
Hublis
Hudaida
Hudžou
Huelva
Hufufas
Hugli Čunčura
Huidžou
Huiskilukanas
Huičengas
Hulan Ergi
Hulanas
Humenas
Humsas
Huė
Hvadas
Ibadanas
Ibagė
Ibara
Ibarakis
Ibas
Ibinas
Ibiritė
Ibris
Idfu
Idku
Idlibas
Idu
Idzumis
Idžebu Igbas
Idžebu Odė
Idžengas
Idžeras
Ifon Osunas
Ifė
Igbohas
Iguala
Ijangas
Ijida
Ika
Ikarė
Ikerė
Ikikė
Ikirunas
Ikirė
Ikitosas
Ikolė
Ikoma
Ikorodu
Ikot Ekpenė
Iksanas
Ila
Ilamas
Ilavė
Ilebas
Ileša
Iliganas
Iljeusas
Ilobu
Iloilas
Ilorinas
Imabaris
Imperatrisas
Imphalas
Imusas
Inadzava
Indajatuba
Independensas
Indianapolis
Indramaju
Induras
Inegėlis
Ingdžongas
Ingkou
Inglvudas
Ingolštatas
Ingradž Bazaras
Ingtajus
Ingčengas
Iningas
Inisa
Insbrukas
Inčonas
Inčuanas
Ipatinga
Ipohas
Ipsvičas
Iranšehras
Irapuatas
Irbidas
Irbilis
Iringa
Irkutskas
Iruma
Isehara
Isejinas
Isesakis
Isfahanas
Isiras
Iskenderunas
Islamabadas
Ismailija
Isparta
Ist Londonas
Ist Los Andželas
Istapaluka
Istbornas
Isė
Itaboraji
Itabuna
Itaguaji
Itaguji
Itakvakesetuba
Itamis
Itapeserika
Itapetininga
Itapevis
Itarsis
Itažaji
Itu
Ivacukis
Ivakis
Ivakunis
Ivano Frankivskas
Ivanovas
Ivas
Izmiras
Izmitas
Ičalkarandžis
Ičangas
Ičihara
Ičikava
Ičinomija
Ičonas
Ičunas
Išinomakis
Iževskas
Jaanas
Jacuširas
Jaidzu
Jakeši
Jakutskas
Jamagata
Jamagučis
Jamatas
Jamunanagaras
Jamusukras
Jananas
Janbu
Jandzi
Jangdziangas
Jangdžou
Jangmėjus
Jangonas
Jangčiuanas
Jantajus
Jančengas
Jao
Jaroslavlis
Jasai
Jasudžas
Jaundė
Javatmalas
Jačijas
Jekaterinburgas
Jelahanka
Jelecas
Jenandžaunas
Jerevanas
Jeruzalė
Jezdas
Johanesburgas
Jokaičis
Jokohama
Jokosuka
Jonagas
Jonganas
Jonginas
Jonkersas
Jorkas
Josu
Jočonas
Joškar Ola
Juanlinas
Juanlongas
Juci
Judžinas
Juejangas
Juhongas
Jujao
Julinas
Jungho
Junjangas
Junkangas
Junčengas
Jušanas
Jušu
Južno Sachalinskas
Jėna
Kabanatuanas
Kabankalanas
Kabimasas
Kabo Frijas
Kabo de Santo Agostinjas
Kabudarė
Kabulas
Kabvė
Kachamarka
Kacina
Kadapa
Kadisas
Kadoma
Kaduna
Kadžangas Sungai Čua
Kaemšehras
Kafr ad Davaras
Kafr aš Šeichas
Kagajanas
Kagošima
Kagua
Kahramanmarašas
Kaifengas
Kaili
Kainta
Kairas
Kairuanas
Kaiseris
Kaithalas
Kajuanas
Kakamigahara
Kakinada
Kakogava
Kalabaras
Kalabrijos Redžas
Kalama
Kalamba
Kalemijė
Kalgaris
Kalis
Kalitėja
Kališas
Kaljanas
Kaljaris
Kaljubas
Kalmunė
Kalolas
Kaluga
Kamagaja
Kamaguėjus
Kamakura
Kamalija
Kamaražibė
Kamarhatis
Kamasaris
Kamau
Kamfa
Kamokė
Kampala
Kampanijos Džuljanas
Kampečė
Kampina Grandė
Kampinasas
Kampo Grandė
Kamposas
Kamranis
Kamyšinas
Kamčiatkos Petropavlovskas
Kanadzava
Kananga
Kanas
Kanbera
Kandaharas
Kandis
Kangjė
Kangnengas
Kankanas
Kankunas
Kanoasas
Kanpuras
Kanskas
Kanthas
Kanzas Sitis
Kančipuramas
Kančrapara
Kaolakas
Kaosiungas
Kap Haisjenas
Kapjata
Kapra
Kara
Karaganda
Karakasas
Karaliaučius
Karamajus
Karamanas
Karang Tenga
Karapikuiba
Karaval Nagaras
Karavangas
Karačis
Kardifas
Karfuras
Kariasika
Karija
Karimnagaras
Karlsrūhė
Karltonvilis
Karmenas
Karnalas
Karnulas
Karolina
Karoltonas
Kartachena
Kartagas
Karuaru
Karupanas
Karčakas
Karši
Kasablanka
Kasala
Kaselis
Kaskavelas
Kasr al Kabiras
Kastanjalas
Kasteljon de la Plana
Kasuga
Kasugajus
Kasukabė
Kasuras
Kataka
Katamarka
Katanduva
Katanija
Katiharas
Katija
Katmandu
Katovicai
Katumba
Kaukaja
Kaunas
Kavagojė
Kavagučis
Kavanišis
Kavasakis
Kavačinaganas
Kavitė
Kazanė
Kazvinas
Kašanas
Kaši
Kašias do Sulas
Kašiasas
Kašihara
Kašipuras
Kašiva
Kašoeiras
Kašoeirinja
Kebumenas
Kecaltenangas
Kediris
Kedungvunis
Keimadosas
Keip Koralas
Keip Kostas
Keiptaunas
Kelcai
Kelimanė
Kelnas
Kelouna
Kelusas
Kemangas
Kembridžas
Kemerovas
Kendaris
Kenema
Kenitra
Kerbela
Keredžas
Keretaras
Keris
Kermanas
Kermanšahas
Kernsas
Kerčė
Kesongas
Ketapangas
Kevedas
Kečkemėtas
Khairpuras
Khamamas
Khana
Khandva
Khanevalas
Khanpuras
Kharagpuras
Khardaha
Khlongluangas
Khonkenas
Khurdža
Khuzdaras
Khušabas
Kigalis
Kigoma
Kijevas
Kikvitas
Kilinas
Kilpuė
Kilungas
Kimberlis
Kimhė
Kimpas
Kimčekas
Kina
Kindija
Kindu
Kingstonas
Kingstonas prie Halo
Kinšasa
Kiongdžu
Kiongsanas
Kiotas
Kirari Suleman Nagaras
Kirikalė
Kiriu
Kirkukas
Kirovas
Kirovohradas
Kisanganis
Kisaradzu
Kisaranas
Kiseliovskas
Kislovodskas
Kismajas
Kisumu
Kitakiušiu
Kitamis
Kitas
Kitvė
Kiutahja
Kiziltepė
Kičeneris
Kišangarhas
Kišiniovas
Kišis
Kišivada
Klaipėda
Klangas
Klarksvilis
Klatenas
Klerksdorpas
Klermonas-Feranas
Klirvoteris
Klivlendas
Kluangas
Klužas-Napoka
Koacakoalkosas
Koakalkas
Koblencas
Kobė
Kodaira
Kofu
Koganejis
Kohatas
Koimbra
Kojampaturas
Kojangas
Kokandas
Kokimbas
Koks Bazaras
Kokubundžis
Kokčetavas
Kolamas
Kolambija
Kolambusas
Kolaras
Kolatina
Kolhapuras
Kolima
Kolkata
Kolombas
Kolomna
Kolorado Springsas
Kolpinas
Kolvezis
Kolčesteris
Komacu
Komakis
Komila
Komodoro Rivadavija
Komsomolskas
Konakris
Konanas
Konja
Konkordas
Konkordija
Konseljeiro Lafajetė
Konsepsionas
Konstanca
Konstantina
Kontaženas
Kopenhaga
Kopiapo
Koral Springsas
Koras
Korba
Kordoba
Korhogas
Korientesas
Korijama
Korkas
Korla
Koroliovas
Korona
Koronadalis
Koronel Fabrisianas
Korpas Kraistis
Kosta Mesa
Kostroma
Kot Adu
Kota
Kota Baru
Kota Kinabalu
Kotabatas
Kotija
Kotonu
Kotė
Koventris
Kovrovas
Kočabamba
Kočis
Košalinas
Košicė
Košigaja
Kožikodas
Kragujevacas
Kraisčerčas
Krajova
Kramatorskas
Krasnodaras
Krasnojarskas
Kremenčukas
Kresekas
Krisiuma
Kriugersdorpas
Krišnanagaras
Krišnaradžapura
Krokuva
Krolis
Kronstadas
Kryvyj Rihas
Krėfeldas
Kua
Kuala Lumpūras
Kuala Terenganu
Kuantanas
Kuautitlanas
Kuautla
Kubataunas
Kubos Santjagas
Kudsas
Kuenka
Kuernavaka
Kufa
Kuhdeštas
Kuinionas
Kuitas
Kuitunas
Kuičingas
Kujaba
Kukatpalė
Kukuta
Kuliakanas
Kulimas
Kulna
Kultis
Kumagaja
Kumamotas
Kumana
Kumanovas
Kumas
Kumasis
Kumba
Kumbakonamas
Kumis
Kundūzas
Kunmingas
Kunpas
Kunsanas
Kupangas
Kurainas
Kurajatas
Kurašikis
Kurganas
Kuriko
Kuris
Kuritiba
Kurskas
Kurumė
Kurė
Kusacu
Kuseris
Kuskas
Kustanajus
Kustis
Kutaisis
Kutas
Kutubulapuras
Kuvana
Kuznecko Leninskas
Kučanas
Kučingas
Kuširas
Kuštija
Kvangdžu
Kvangmiongas
Kvebekas
Kveta
Kvinstaunas
Kylis
Kyzylas
La Korunja
La Pasas
La Plata
La Riocha
La Romana
La Seiba
La Serena
La Vega
Labokas
Lafejetas
Lafiagis
Lafija
Lagosas
Laguatas
Lahad Datu
Lahoras
Lajangas
Laju
Lakhimpuras
Lakhnau
Lalbahadur Nagaras
Lalitpuras
Lambarė
Lampangas
Landžou
Langfangas
Lankasteris
Lansingas
Laoagas
Laohekou
Lapu Lapu
Larašas
Laredas
Larisa
Larkana
Las Tunasas
Las Vegasas
Lasa
Latakija
Latina
Laturas
Lauro de Freitasas
Lavangas
Lašijas
Lažesas
Le Manas
Leganesas
Legaspis
Legnica
Leidenas
Leikvudas
Leipcigas
Leičengas
Lejangas
Leksingtonas
Lembangas
Lengšuidziangas
Leonas
Lerida
Lesteris
Leuviliangas
Lečengas
Lešanas
Liančengas
Lianžanas
Liaojangas
Liaojuanas
Liaočengas
Librevilis
Lidsas
Likasis
Lilis
Lilongvė
Lima
Limasolas
Limeira
Limožas
Lincas
Linfenas
Linhajus
Linhė
Lini
Linjaresas
Linkolnas
Linsi
Linsia
Linčingas
Linčuanas
Linšujus
Lionas
Lipa
Lipeckas
Lira
Lisabona
Litl Rokas
Liubekas
Liubercai
Liubliana
Liublinas
Liudvigshafenas prie Reino
Liudžou
Liupanšujus
Liuša
Liverpulis
Livingstonas
Livornas
Ličengas
Lišinga
Lježas
Ljobregato l'Hospitaletas
Loa Džananas
Lobitas
Locha
Lodzė
Logronjas
Lomė
Londonas
Londrina
Long Byčas
Longdziangas
Longdzingas
Longfengas
Longjanas
Longsiujenas
Lonis
Lopes Mateosas
Los Anchelesas
Los Andželas
Los Močisas
Los Rejesas
Los Tekesas
Loudi
Louelas
Louer Hatas
Lozana
Luanas
Luanda
Luančengas
Luanšja
Lubangas
Lubomas
Lubuk Lingau
Lubumbašis
Luckas
Ludhiana
Ludžou
Luhanskas
Luisvilis
Luksoras
Lukė
Lumadžangas
Lumas
Luohė
Luojangas
Lusaka
Lusena
Lutonas
Luzianija
Lučiao
Lučou
Lvovas
Lysyčanskas
Lėverkuzenas
Maanšanas
Maba
Mabalakatas
Machačkala
Macubara
Macudas
Macujama
Macujė
Macumotas
Macusaka
Madanapalė
Maderas
Madhjamgramas
Madina
Madisonas
Madiunas
Madridas
Madurajus
Madzijė
Madžalaja
Maebašis
Magangė
Magdeburgas
Magelangas
Magnitogorskas
Mahabadas
Mahadevapura
Mahadžanga
Mahala al Kubra
Mahbubnagaras
Mahesana
Maheštala
Maiduguris
Maikao
Maikopas
Maimansinghas
Maincas
Maisuru
Majamis
Makajė
Makalenas
Makapa
Makasaras
Makijivka
Makurdis
Malabas
Malaga
Malajeras
Malakalis
Malambas
Malangas
Malatja
Malavis
Malegaonas
Maler Kotla
Maljorkos Palma
Malkadžgiris
Malmė
Malolosas
Manadas
Managva
Manakilis
Manas
Manausas
Mandalajus
Mandauė
Mandi Bahaudinas
Mandja
Mandsauras
Mangaluru
Mangas
Manheimas
Manila
Manisa
Manisalesas
Mansaniljas
Mansura
Manta
Manukau
Manzinis
Mančesteris
Maomingas
Maputu
Mar del Plata
Maraba
Maradis
Marakaibas
Marakajus
Marakanau
Marakešas
Maras
Maravis
Marbelja
Mardanas
Margilanas
Mariara
Marilija
Maringa
Mariupolis
Marivanas
Marka
Marselis
Martapura
Marua
Masaja
Masanas
Masatlanas
Masejo
Maseru
Maskva
Mastrichtas
Matadis
Matagalpa
Matamorosas
Matansasas
Mataramas
Mataro
Mathura
Matola
Matruhas
Maturinas
Mau
Maua
Mazari Šarifas
Mačala
Mačengas
Mačida
Mačilipatnamas
Mašišė
Mažė
Mbandaka
Mbeja
Mbuda
Mburas
Mbuži Majis
Mecas
Mechikalis
Mechikanosas
Medanas
Medeljinas
Medina
Medėja
Meidžou
Meikauajanas
Meiktila
Meilu
Meka
Mekelė
Meknesas
Meksikas
Melaka
Melburnas
Melitopolis
Memfis
Menama
Menchengladbachas
Mendosa
Mentougou
Meragė
Merendas
Merida
Mersedesas
Mersinas
Mervdeštas
Mesa
Mesdžed Soleimanas
Mesina
Meskitas
Metepekas
Meteris
Methuotas
Metras
Mešhedas
Meždurečenskas
Miandoabas
Mianjangas
Miančangas
Miasas
Midelburgas
Midlsbro
Midnapuras
Midrandas
Mijadzakis
Mijakonodžio
Milagras
Milanas
Milvokis
Mina
Minatitlanas
Mineapolis
Mingaora
Mingšujus
Minja
Mino
Minskas
Mira Bhajandaras
Miramaras
Miratas
Miris
Mirjalaguda
Mirpur Chasas
Mirzapuras
Misatas
Miskas
Misrata
Mit Gamras
Mitaka
Mitas
Miulheimas prie Rūro
Miulūzas
Miunchenas
Miunsteris
Mišima
Miškolcas
Mjeikas
Mjindžanas
Mobailas
Modakekė
Modena
Modestas
Modinagaras
Modžokertas
Moga
Mogadišas
Mogiliavas
Mohalis
Mokolas
Mokpas
Molamjainas
Mombasa
Monca
Moniva
Monklova
Monpeljė
Monrealis
Monrovija
Montalbanas
Monterija
Monterėjus
Montes Klarosas
Montevidėjas
Montgomeris
Moptis
Moradabadas
Moratuva
Morelija
Morena
Moreno Valis
Morigučis
Morioka
Mormugao
Morogoras
Morvis
Mosoro
Mostaganemas
Mostaras
Mostolesas
Mosulas
Motiharis
Mozyrius
Mošis
Moži Guasu
Moži das Kruzesas
Msila
Mubarazas
Mubis
Mudandziangas
Mufulira
Muhamadija
Mukala
Multanas
Mumbajus
Mundu
Mungeras
Munšigandžas
Muridkė
Murmanskas
Muromas
Mursija
Murvara
Musašinas
Musoma
Mustafabadas
Mutarė
Muzafargarhas
Muzafarnagaras
Muzafarpuras
Mvanza
Mvene Ditu
Mykolajivas
Mytiščiai
Mzuzu
Mėrsas
Naberežnyje Čelnai
Nabulusas
Nachodka
Nadiadas
Naduras
Nadžafas
Nadžranas
Naga
Naganas
Nagaoka
Nagaonas
Nagarejama
Nagasakis
Nagda
Nagerkoilas
Nagoja
Nagpuras
Naha
Naidželas
Naihatis
Nairobis
Nakala
Nakhonpathomas
Nakhonračasima
Nakhonsithamaratas
Nakuru
Nalasopara
Nalgonda
Nalčikas
Namanganas
Namdinis
Namiūras
Nampas
Nampula
Nandedas
Nandjalas
Nandurbaras
Nandzingas
Nangloi Džatas
Naningas
Nanjangas
Nanpiao
Nanpingas
Nansi
Nantas
Nantongas
Nantongkuangas
Nantou
Nanča
Nančangas
Nančongas
Nara
Narajangandžas
Narašinas
Narita
Narsingdis
Nasau
Nasirija
Natalas
Naugaonas
Naugardas
Naujasis Delis
Naujasis Mumbajus
Naujasis Mumbajus Panvelas
Naujasis Orleanas
Naukalpanas
Navabgandžas
Navabšahas
Navachoa
Navadvipas
Navapolackas
Navgharas
Navoji
Navsaris
Nazilis
Nazranė
Nazretas
Našikas
Našvilis
Ndola
Ndžamena
Neapolis
Nedžefabadas
Neftejuganskas
Neftekamskas
Negombas
Nehė
Neidziangas
Neimegenas
Neipervilis
Neiva
Neivelis
Neišaburas
Nejagava
Nelspreitas
Neluras
Nesahualkojotlis
Netanja
Neukenas
Nevinomyskas
Nevis
Nezerabadas
Ngampra
Ngaunderė
Nguru
Niamėjus
Niačangas
Nica
Nijala
Nijidza
Nijigata
Nijihama
Nikolas Romeras
Nikopolis
Nikosija
Nilopolis
Nimas
Nimačas
Ningbo
Niterojis
Niu Heivenas
Niuarkas
Niujorkas
Niukaslas prie Taino
Niukaslis
Niuport Niusas
Niuportas
Niurnbergas
Nizamabadas
Nišas
Nišijas
Nišinomija
Nižnekamskas
Nižnevartovskas
Nkongsamba
Nkporas
Noakhalis
Nobeoka
Noda
Nogalesas
Noginskas
Noida
Noisas
Noksvilis
Nonthaburis
Norfolkas
Noridžas
Norilskas
Normenas
Nort Las Vegasas
Nort Šoras
Nortamptonas
Norvolkas
Nosa Senjora
Notingamas
Nova Friburgas
Nova Iguasu
Novara
Novi Sadas
Novo Hamburgas
Novokuibyševskas
Novokuzneckas
Novomoskovskas
Novorosijskas
Novosibirskas
Novotroickas
Novočeboksarskas
Novočerkaskas
Nsuka
Nuakšotas
Nueva San Salvadoras
Nuevo Laredas
Nuhudas
Nukusas
Numadzu
Nyredhaza
Nzerekorė
Oachaka
Obeidas
Oberhauzenas
Obihiras
Obninskas
Obosis
Obregonas
Obuasis
Ocu
Odavara
Odensė
Odesa
Odincovas
Ofa
Ofenbachas
Ogakis
Ogasta
Ogbomošas
Oita
Ojama
Ojas
Okadzakis
Okajama
Okara
Okenė
Okigvė
Okinava
Oklahoma Sitis
Oklandas
Okpokas
Okrika
Oksfordas
Oksnardas
Oktiabrskis
Okumarė
Olatas
Olberis
Olborgas
Oldamas
Oldberis
Oldenburgas
Olinda
Olomoucas
Olongapas
Olštynas
Omaha
Omdurmanas
Omskas
Omuta
Omė
Ondas
Ongolė
Oniča
Ontarijas
Opobas
Opolė
Oradia
Orajus
Oralas
Oranas
Ordu
Orechovas-Zujevas
Orenburgas
Orhusas
Orindžas
Oriolas
Orisaba
Orknis
Orlandas
Orleanas
Oronas
Orora
Orskas
Oruras
Orša
Osaka
Osanas
Osaskas
Oskemenas
Oslas
Osmanijė
Osnabriukas
Osornas
Ostinas
Ostrava
Ota
Otaru
Otava
Otukpas
Oulu
Ourensė
Oušensaidas
Ovas
Overis
Overland Parkas
Ovjedas
Ošas
Ošava
Ošogbas
Ožukarajus
Pabna
Padalarangas
Padang Sidempuanas
Padangas
Paderbornas
Paduva
Pagadianas
Pajakumbuhas
Pajūrio Sautendas
Pakoku
Pakpatanas
Pakretas
Palakadas
Palankaraja
Palanpuras
Palavaramas
Palembangas
Palermas
Palis
Paljosa
Palma Sorianas
Palmasas
Palmdeilas
Palmira
Palo Negras
Palu
Palvalas
Pamanukanas
Pamplona
Pamulangas
Panama
Pandzinas
Pandžihua
Panevėžys
Panihatis
Panipatas
Panka
Pankalpinangas
Panvelas
Pančiao
Pančkula
Paradaisas
Paraku
Paramaribas
Parana
Paranagva
Parbhanis
Pareparė
Parlas
Parma
Parnaiba
Parnamirinas
Parungas
Paryžius
Pasadena
Pasarkemisas
Pasehas
Pasir Gudangas
Paso Fundas
Pastas
Pasuruanas
Patanagerė
Patanas
Patersonas
Pathankotas
Patheinas
Patiala
Patis
Patna
Patos de Minasas
Patrai
Patė
Paulista
Pavlodaras
Pavlohradas
Pačetas
Pačuka
Pchenjanas
Pekalonganas
Pekan Baru
Pekinas
Pelotasas
Pemalangas
Pematang Siantaras
Pemba
Pembrok Painsas
Penza
Peorija
Perbaunganas
Pereira
Peristerijas
Permė
Perpinjanas
Persabadas
Pertas
Perudža
Pervouralskas
Perčut Sei Tuanas
Peskara
Petah Tikva
Petaling Džaja
Petapa
Petarė
Petjonvilis
Petrolina
Petropavlas
Petropolis
Petrozavodskas
Pečas
Pešavaras
Pforcheimas
Phagvara
Phitsanulokas
Phrapradengas
Piatigorskas
Piatra Niamcas
Pietų Dum Dumas
Pilibhitas
Pilzenas
Pimpris
Pinar del Rijas
Pindamonjangaba
Pindiga
Pingdingšanas
Pingliangas
Pingsiangas
Pingtungas
Pingčenas
Pingšanas
Pinjaisas
Pinskas
Piongsongas
Piongtekas
Pirasikaba
Pirėjas
Piterboras
Pitermaricburgas
Pitersburgas
Piteštis
Pitsbergas
Pjajus
Pjačenca
Pjedras Negrasas
Pjin U Lin
Pjura
Planas
Pleiku
Plevenas
Plimutas
Plockas
Ploještis
Plovdivas
Plumbonas
Pnompenis
Poa
Podgorica
Podolskas
Pohangas
Pokhara
Poltava
Pomona
Ponanis
Pondičeris
Pondok Arenas
Ponsė
Ponta Grosa
Pontianakas
Popajanas
Porbandaras
Port Bleras
Port Elizabetas
Port Harkortas
Port Luisas
Port Morsbis
Port Saidas
Port Sent Liusi
Port Sudanas
Port o Prensas
Port Žantilis
Portas
Portlendas
Portmoras
Porto Alegrė
Porto Novas
Porto Seguras
Porto Veljas
Portoviechas
Portsmutas
Posa Rika
Posadasas
Posos de Kaldasas
Potgitersriusas
Potosi
Potsdamas
Pouso Alegrė
Poznanė
Počefstrumas
Prabumulihas
Praha
Praja
Praja Grandė
Pratas
Presidente Prudentė
Prestonas
Pretorija
Pringsevu
Prizrenas
Priština
Probolingas
Prodaturas
Prokopjevskas
Provanso Eksas
Provas
Providensas
Pskovas
Pudukotajus
Puebla
Pueblas
Puent Nuaras
Puente Altas
Puerto Kabeljas
Puerto Montas
Puerto Plata
Puerto Prinsesa
Puerto la Krusas
Pujangas
Pukalpa
Pulandianas
Pulas
Puna
Punas
Punta Arenasas
Punto Fichas
Puris
Purnija
Purulija
Purvakarta
Purvodadis
Purvokertas
Purvoredžas
Putianas
Puči
Pučonas
Rabakas
Rabatas
Radomas
Radžamahendris
Radžapalajamas
Radžarhatas Gopalpuras
Radžendranagaras
Radžia
Radžkotas
Radžnandgaonas
Radžpuras
Radžšahis
Rae Barelis
Rafa
Rafsandžanas
Rahim Jar Chanas
Raigandžas
Raigarhas
Raipuras
Raičuras
Rajanas
Rajongas
Raka
Ramadis
Ramagundamas
Ramat Ganas
Rampuras
Randfonteinas
Rangpuras
Ranigandžas
Rankagva
Rankasbitungas
Rantauprapatas
Rančaekekas
Rančis
Rančo Kukamonga
Ras al Haima
Ratlamas
Raurkela
Raurkela CT
Ravalpindis
Ravangas
Ravena
Redingas
Redžaina
Rehovotas
Reikjavikas
Reimsas
Reinosa
Reklinghauzenas
Relizanas
Remšeidas
Renas
Rengasdenklokas
Resendė
Resifė
Resistensija
Reva
Revaris
Reštas
Rialtas
Riazanė
Ribeiraun Piresas
Ribeiraun Pretas
Ribeiraun das Nevesas
Rijadas
Rijeka
Riminis
Rimniku Vilča
Rio Brankas
Rio Grandė
Rio Klaras
Rio Kuartas
Rio Verdė
Rio de Žaneiras
Riobamba
Riustenburgas
Riversaidas
Rivnė
Ričards Bėjus
Ričardsonas
Ričmondas
Rišon Lezijonas
Rišra
Robertsonpetas
Rochasas
Roderamas
Rohtakas
Roitlingenas
Rokfordas
Rolis
Roma
Rondonopolis
Rosarijas
Rostokas
Rostovas prie Dono
Roterdamas
Rozvilis
Ročesteris
Ruanas
Rubcovskas
Rudnis
Rudrapuras
Ruiru
Rurkis
Rusaifa
Rustavis
Rusė
Rybinskas
Rybnikas
Ryga
Rytų Ahmadpuras
Rėgensburgas
Sabadelis
Sabara
Sabha
Sabrata
Sadberis
Sadikabadas
Saertu
Saga
Sagamihara
Sagaras
Sagenė
Saharanpuras
Saharsa
Sahivalas
Saida
Saidpuras
Saigongas
Saitama
Sajama
Sakajus
Sakaka
Sakata
Sakatekasas
Sakramentas
Sakura
Salala
Salamanka
Salatiga
Salavatas
Salernas
Salihorskas
Salimija
Salinasas
Salonikai
Salta
Saltiljas
Salvadoras
Samara
Samarinda
Samarkandas
Samava
Sambalpuras
Sambhalas
Samora
Samsunas
Samutprakanas
San Antonijas
San Bernardas
San Bernardinas
San Bernardo do Kampas
San Buenaventura
San Chose del Montė
San Chosė
San Chuan Sakatepekesas
San Chuan del Rijas
San Chuanas
San Diegas
San Fernandas
San Franciskas
San Fransisko de Makorisas
San Gonsalas
San Kaetano do Sulas
San Karlosas
San Kristobal de la Lagūna
San Kristobal de las Kasasas
San Kristobalis
San Leopoldas
San Lorensas
San Luis Potosi
San Luis Rio Koloradas
San Luisas
San Mateo
San Migelis
San Migelitas
San Nikolas de los Garsa
San Nikolasas
San Pablas
San Pablo de las Salinasas
San Paulas
San Pedras
San Pedro Sula
San Pedro de Makorisas
San Rafaelis
San Salvadoras
San Sebastianas
San Visentė
San Žoao de Meritis
San Žozė
San Žozė do Rio Pretas
San Žozė dos Kamposas
San Žozė dos Pinjaisas
Sana
Sanbu
Sanda
Sandakanas
Sanderlandas
Sangli Miradžas
Sango Ota
Saniveilas
Sanja
Sankt Peterburgas
Sankti Spiritusas
Sanmensia
Sanmingas
Sanraiz Manoras
Sansia
Santa Ana
Santa Barbara Doestė
Santa Fė
Santa Katarina
Santa Klara
Santa Klarita
Santa Koloma de Gramenetas
Santa Krus do Sulas
Santa Krusas
Santa Luzija
Santa Marija
Santa Marta
Santa Rita
Santa Rosa
Santa Roza
Santa Tereza
Santanderas
Santarenas
Santjagas
Santo Andrė
Santo Domingas
Santosas
Sančungas
Sanšain Kostas
Sapelė
Sapopanas
Saporas
Sapukaja
Saragosa
Sarajevas
Saranskas
Sarapulas
Saratovas
Sarbriukenas
Sargodha
Sarhas
Saris
Sarivonas
Sasaramas
Sasaris
Sasebas
Saskatunas
Satara
Satkhira
Satna
Saton Koldfildas
Satu Marė
Saut Bendas
Sautamptonas
Savajus Madhopuras
Savana
Savanganas
Savė
Sebu
Sebzevaras
Segedas
Seilemas
Sekezas
Sekešfehėrvaras
Sekondis
Sekudajus
Selaja
Selajang Baru
Selamas
Semarangas
Semejus
Semnanas
Sen Deni
Sen Luji
Senaras
Senasis Oskolas
Sendajus
Senendedžas
Sent Džonsas
Sent Etjenas
Sent Helensas
Sent Katerinsas
Sent Luisas
Sent Pitersbergas
Sent Polas
Seonis
Sepatanas
Sera
Serangas
Sere Kunda
Serembanas
Sergijev Posadas
Serilungampalė
Serpuchovas
Setas
Setatas
Sete Lagoasas
Setifas
Setubalis
Seulas
Sevastopolis
Severodvinskas
Severskas
Sevilija
Sfaksas
Siadženas
Sialkotas
Siamenas
Sianas
Siangangdao
Siangdongas
Siangfanas
Siangtanas
Sianingas
Sianjangas
Siantao
Siaoganas
Siaolanas
Siatlis
Sibiu
Sibu
Sidar Rapidsas
Sidi Ameras
Sidi bel Abesas
Sidnis
Sidoardžas
Siego de Avila
Siemreabas
Sienfuegosas
Sieros Santa Krusas
Sigongas
Sihanukvilis
Sikandarabadas
Sikaras
Sikasas
Silangas
Silezijos Ruda
Silhatas
Silinhaotė
Silčaras
Simferopolis
Simi Valis
Simoes Filjas
Sinanas
Sindzi
Sindžou
Sineidžu
Singapūras
Singaradža
Singi
Singraulis
Singtajus
Singčengas
Siningas
Sinjangas
Sinkavangas
Sinopas
Sinpu
Sinselechas
Sinsiangas
Sinsinatis
Sintajus
Sintienas
Sinču
Sinčuangas
Sipingas
Siradžgandžas
Sirakjusas
Sirakūzai
Sirača
Sirdžanas
Sirsa
Sirtas
Sitapuras
Sitvė
Siuandžou
Siuanhua
Siudad Bolivaras
Siudad Guajana
Siudad del Estė
Siudžou
Siučangas
Sivanas
Sivasas
Siverekas
Sičangas
Siči
Sjeverodoneckas
Skikda
Skopjė
Skotsdeilas
Slau
Slovjanskas
Smolenskas
Soača
Sobralas
Sofija
Sogamosas
Sohagas
Sojapangas
Soka
Sokodė
Sokotas
Soledadas
Solikamskas
Solt Leik Sitis
Somerset Vestas
Songnamas
Songnimas
Songėja
Sonipatas
Soreangas
Sorokaba
Sorongas
Sosnovecas
Sovetas
Sočis
Spaniš Taunas
Splitas
Spokanas
Spring Valis
Springfildas
Springsas
Srikakulamas
Srinagaras
Stambulas
Stamfordas
Stara Zagora
Stavangeris
Stavropolis
Sterling Haitsas
Sterlitamakas
Stokas prie Trento
Stokholmas
Stokportas
Stoktonas
Strasbūras
Su Folsas
Suba as Salimas
Subang Džaja
Subangas
Sudziatunas
Sudzuka
Sudžis
Sudžou
Suecas
Suharas
Suidžou
Suihua
Suiningas
Suita
Suk Ahrasas
Sukabumis
Sukaradža
Sukrė
Sukuras
Suledža
Suleimanija
Suljana
Sultanbeilis
Sultanpuras
Sultanpuras Madžra
Sumai
Sumarė
Sumedangas
Sumgajitas
Sungai Ara
Sungai Petanis
Sungalas
Sunčonas
Surabaja
Surakarta
Suras
Suratas
Surathanis
Surendranagaras
Surgutas
Suriapetas
Surtas
Susas
Suva
Suvaikas
Suvonas
Suzanas
Sučava
Sučengas
Svindonas
Svonsis
Sybas
Syktyvkaras
Syzranė
Taboao da Sera
Tabora
Tabukas
Tadepalegudemas
Tadžimis
Taganrogas
Tagumas
Taidžou
Taifas
Tainanas
Taipingas
Taipėjus
Taitajus
Taitungas
Taizas
Taičengas
Taičungas
Tajanas
Tajuanas
Takacukis
Takamacu
Takaoka
Takaradzuka
Takasakis
Takba
Taklobanas
Takna
Takoma
Takoradis
Tal Afaras
Talahasis
Taldy Kurganas
Talha
Tali
Talinas
Talisajus
Talka
Talkahuanas
Talsa
Tama
Tamalė
Taman Grinvudas
Tamanas
Tambaramas
Tambovas
Tambunas
Tampa
Tamperė
Tampikas
Tandilis
Tando Adamas
Tando Alah Jaras
Tandžung Balajus
Tandžung Balajus Meralas
Tandžung Morava
Tandžung Pinangas
Tanetė
Tanga
Tangajalas
Tangerangas
Tangu
Tangšanas
Tansa
Tanta
Tanšujus
Tanžeras
Taojuanas
Taonanas
Tapačula
Taragona
Tarantas
Tarapotas
Tarazas
Tarhuna
Taricha
Tarlakas
Tarnuvas
Tarsusas
Tartu
Tasikmalaja
Taubatė
Taundžis
Taunsvilis
Tauranga
Tauzand Oksas
Tavau
Taza
Tačikava
Tašauzas
Taškentas
Tbilisis
Tebesa
Tebingtingis
Tebrizas
Tedžonas
Tegalas
Tegu
Tegusigalpa
Teheranas
Tehuakanas
Teišeira
Tekirdahas
Tel Avivas
Teluknaga
Tema
Tembisa
Temirtau
Tempė
Temukas
Tenalis
Tenerifės Santa Krusas
Tengdžou
Teofilo Otonis
Tepikas
Terasa
Terezina
Terezopolis
Termezas
Ternatė
Ternis
Ternopilis
Teskokas
Tetuanas
Tetė
Tešijė
Thaingujenas
Thana
Thandžavuras
Thanesaras
Thanhoa
Thaniaburis
Thatonas
Thiruvananthapuramas
Thuthukudis
Tiandzinas
Tianmenas
Tiaretas
Tichuana
Tieli
Tielingas
Tiesas
Tigina
Tilburgas
Timišoara
Timonas
Tipitapa
Tirana
Tiraspolis
Tirgu Murešas
Tirunelvelis
Tirupatis
Tirupuras
Tiruvanamalajus
Tiruvotijuras
Tiručirapalis
Titagarhas
Tiumenė
Tizi Uzu
Tlakepakė
Tlalnepantla
Tlemsenas
Toamasina
Toda
Tojama
Tojohašis
Tojokava
Tojonaka
Tojota
Tokajus
Tokatas
Tokijas
Tokorodzava
Tokujama
Tokušima
Toledas
Toliaris
Toljatis
Toluka
Tomakomajus
Toms Riveris
Tomskas
Tonala
Tondabajašis
Tongdžou
Tonghė
Tongliao
Tonglingas
Tongu
Tongčuanas
Tonkas
Topika
Toransas
Torbete Heiderijė
Torechon de Ardosas
Toreonas
Torntonas
Torontas
Torunė
Totoris
Touliu
Trabzonas
Trentas
Triestas
Trinkomalis
Tripolis
Trisuras
Trondheimas
Trua Rivjeras
Truchiljas
Tryras
Tubrukas
Tugegarao
Tukumanas
Tula
Tulansingas
Tulonas
Tulua
Tulūza
Tumbesas
Tumkuras
Tuncha
Tungis
Tunisas
Turas
Turgutlu
Turhalas
Turinas
Turku
Turmeras
Tusonas
Tustla Gutjeresas
Tuzla
Tučengas
Tverė
Tychos
Uagadugu
Uargla
Uberaba
Uberlandija
Ubonračathanis
Ubė
Uchta
Ucunomija
Uda
Udaipuras
Udgiras
Udonthanis
Udupis
Udžainas
Udžda
Udžis
Udžou
Ueda
Uedas
Ufa
Ufengas
Ugepas
Uhanas
Uhu
Ujas
Ulan Batoras
Ulan Udė
Ulanhaotė
Ulhasnagaras
Uljanovskas
Ulmas
Ulsanas
Ulubarija
Um el Buagis
Umuahija
Unaiza
Unao
Ungaranas
Uningas
Upalas Kalanas
Upsala
Urajasu
Uralo Kamenskas
Urasojė
Urdaneta
Urfa
Urgenčas
Urmija
Uromis
Uruapanas
Uruguajana
Urumči
Usi
Ust Ilimskas
Usujė
Usurijskas
Utarpara Kotrungas
Utrechtas
Uvira
Uvėjus
Ušakas
Užhorodas
Vad Medanis
Vadi as Siras
Vadodara
Vafangdianas
Vahas
Vaitakerė
Vakajama
Valbžychas
Valdivija
Valensija
Valjadolidas
Valjarta
Valjechas
Valjeduparas
Valjesas
Valparaisas
Vanadzoras
Vanas
Vankuveris
Vansianas
Vanta
Varaminas
Varanasis
Varangalas
Vardha
Varis
Varna
Varu
Varzea Grandė
Varzea Paulista
Varšuva
Varžinja
Vaskoasas
Vau
Vazirabadas
Vašingtonas
Vedžalpuras
Veifangas
Veihajus
Veikas
Veinanas
Velingtonas
Velkomas
Veluru
Vendžou
Venecija
Venčengas
Verakrusas
Veravalas
Verona
Veru
Vest Bromičas
Vest Džordanas
Vest Kovina
Vest Vali Sitis
Vesterosas
Vestminsteris
Vestonarija
Viamaunas
Vidiša
Vidžajavada
Viena
Vientianas
Vigas
Viharis
Viktorija
Vila Velja
Vilerbanas
Vilja Kanalesas
Vilja Nueva
Viljahermosa
Viljavisensijas
Vilnius
Vindhukas
Vindzoras
Vinipegas
Vinis
Vinja del Maras
Vinlongas
Vinstonas
Vinycia
Viranšehiras
Viraras
Virdžinija
Virdžinija Byčas
Visakhapatnamas
Visalija
Vitbenkas
Vitebskas
Vitenas
Vitorija
Vitorija da Konkista
Vitorija de Santo Antaunas
Vitorija-Gasteisas
Viurcburgas
Vizianagaramas
Vičenca
Vičita
Vičita Folsas
Vladikaukazas
Vladimiras
Vladivostokas
Vloclavekas
Vokingas
Volfsburgas
Volgodonskas
Volgogradas
Vologda
Volslas
Volta Redonda
Volžskis
Vondžu
Vonsanas
Vorenas
Voronežas
Voterberis
Votfordas
Vroclavas
Vulongongas
Vulverhamptonas
Vungtau
Vupertalis
Vusteris
Vysbadenas
Zabolis
Zabžas
Zagrebas
Zahedanas
Zakazikas
Zalcburgas
Zalcgiteris
Zamboanga
Zanstadas
Zanzibaras
Zaporožė
Zarija
Zarka
Zavija
Zelenodolskas
Zelenogradas
Zeliona Gura
Zendžanas
Zenica
Ziginšoras
Zinderis
Zlatoustas
Zolingenas
Zonguldakas
Zubairas
Zutermeras
Zuvara
Zvolė
Zygenas
Čakvalas
Čalkas
Čampdanis
Čandanagaras
Čandausis
Čandigarhas
Čandleris
Čandpuras
Čandrapuras
Čangdzi
Čangdė
Čangdži
Čangdžou
Čanghva
Čangvonas
Čangčunas
Čangša
Čaodžou
Čaohu
Čaojangas
Čaravalė
Čardžou
Čarlstonas
Čaroda
Časas
Čatanuga
Čavakačeris
Čeboksarai
Čedžu
Čeliabinskas
Čelmsfordas
Čeltnamas
Čenajus
Čendžou
Čengdu
Čengdė
Čenghajus
Čenstakava
Čerepovecas
Čerkasai
Čerkeskas
Černigovas
Černivciai
Česapikas
Četumalis
Čečonas
Čhapra
Čhatarpuras
Čhindvara
Čiaji
Čiamisas
Čiampėja
Čiandziangas
Čiandžuras
Čiangmajus
Čianguo
Čiba
Čibadakas
Čibinongas
Čibitungas
Čibungbulangas
Čidžou
Čifengas
Čigasakis
Čihuahua
Čikaga
Čikampekas
Čikapa
Čikarangas
Čiklajas
Čikmagaluras
Čikupa
Čikušinas
Čilačapas
Čilegonas
Čileungsis
Čileunjis
Čiljanas
Čilpansingas
Čimahis
Čimalhuakanas
Čimbotė
Čimkentas
Činandega
Čindžou
Čindžu
Čingdao
Čingjuanas
Čingola
Činhuangdao
Činhė
Činiotas
Činča Alta
Činčengas
Čiofu
Čiomasas
Čiparajus
Čiputatas
Čirebonas
Čirmiris
Čirčikas
Čisaatas
Čisarua
Čita
Čitagongas
Čitaihė
Čitaurgarhas
Čiteureupas
Čitradurga
Čitungviza
Čituras
Čiuandžou
Čiuanvanas
Čiudzingas
Čičalenka
Čičiharas
Čištian Mandis
Čoloma
Čolula
Čonanas
Čonburis
Čondžu
Čongdžinas
Čongdžu
Čongčingas
Čorlu
Čorumas
Čuadanga
Čudžou
Čula Vista
Čungdžu
Čungho
Čungli
Čunčengas
Čunčonas
Čupėjus
Čuru
Čurugas
Šachtos
Šagamu
Šah Alamas
Šahdžadpuras
Šahdžahanpuras
Šahinšehras
Šahrudas
Šahė
Šai Šajus
Šakis
Šanchajus
Šangčiu
Šangžao
Šantipuras
Šantou
Šanvėjus
Šaoguanas
Šaojangas
Šaosingas
Šaou
Šapeko
Šapingas
Šardža
Šarlerua
Šarlotas
Šat al Arabas
Šatianas
Šaši
Šefildas
Šehre Kordas
Šehreza
Šekhupura
Šelifas
Šendženas
Šenjangas
Šerbrukas
Šerpuras
Šetija
Šiauliai
Šiaurės Barakpuras
Šiaurės Chartumas
Šiaurės Dum Dumas
Šibin al Komas
Šidziadžuangas
Šidzuišanas
Šidzuoka
Šihedzi
Šihengas
Šijanas
Šikarpuras
Šiliguris
Šilongas
Šimla
Šimoga
Šimojas
Šimonosekis
Šinjanga
Šiongšujus
Širazas
Šivapuris
Šičiao
Šiši
Šišou
Šokčangas
Šolapuras
Šrirampuras
Šrivportas
Štutgartas
Šuangjašanas
Šuangčengas
Šubra al Heima
Šulinas
Šuni
Ščecinas
Ščiolkovas
Žaboataunas
Žakareji
Žandira
Žanghulu
Žaragva
Žau
Žekijė
Železnodorožnas
Žemutinis Naugardas
Žemutinis Tagilas
Ženeva
Žešuvas
Ži Parana
Židžao
Žoao Pesoa
Žoinvilė
Žongčengas
Žuazeiras
Žuazeiro do Nortė
Žuis de Fora
Žujanas
Žukovskis
Žundiaji
Žužujus
Žytomyras
