15 minučių
8k
aaa wrislit
ab
abb
accel elektronika
ace logistics
acg-nystrom
achema
achema 
achempak
acme baltija
acme kompiuterių komponentai
ad men 
ad rem
ad rem lez
ad rem plus
ad verbum
adb
administracija
affecto
afirmata
ag group
ag trade
aga
agaras
agava
agentūra
agrenta
agro grūdų centras
agrochema
agrochema eesti
agrochema latvia
agrochemos mažmena
agrofirma
agrokoncerno
agrorodeo
agrotiekimas
agrovet
agrowill group
agservice
ahlers klaipėda
aibė baltic
aibės logistika
aibės mažmena
ainava
aitra
aitura
aivita
akadas
akademija
akmena
akmenės cementas
akmenės energija
akropolis
aksa
alantas
alexandr insurance brokers
alexela oil
alfa limited
alfaturas
alfva
algol chemicals
alinita
alita
alita distribution
alkesta
alma litera
alma littera
almecha
alna
alna business solutions
alna group
alna intelligence
alna software
alna,
alseka
alsuva
altas draudimo brokeris
altas komercinis transportas
altechna
alterna
alterna auto
alternos statybos
aludarių asociacija
alvas ir ko 
alvora
alytaus duona
alytaus gelžbetonis
alytaus kolegija
alytaus kranai
alytaus melga
alytaus pataisos namai
alytaus tekstilė
alytaus vista
alyvos žiedas
amber garantas
amilina
andres stiklas
animpeksas
antikva
antkona
antrasis operatyvinių tarnybų departamentas
antrasis operatyvinių tarnybų departamentas prie krašto apsaugos ministerijos 
antstolių rūmai
anykščių energetinė statyba
anykščių ratas
anykščių vynas
aon lietuva
apb apranga
apeliacinis teismas
aplinkos apsaugos agentūra
aplinkos apsaugos departamentas
aplinkos ministerija
aplinkos ministerijos aplinkos projektų valdymo agentūra
aplinkos ministerijos jūrinių tyrimų centras
aplinkos projektų valdymo agentūra
apranga
apranga bee
apranga bpb lt
apranga bpb lv
apranga estonia
apranga lt
apranga lv
apranga pb trade
apranga plt
apranga plv
apranga slt
apranga slv2
apranga st retail
apsaugos komanda 
apsidrauskime
apskrities archyvas
apskrities valstybinės maisto ir veterinarijos tarnyba
apskrities viršininko administracija
apskritis
apvalūs medžio gaminiai
apygardos prokuratūra
apygardos teismas
apylinkės teismas
arauša
arbitražo teismas
arevita
arginta
argivana
argus
ari - lux
aricom
arijus
arimex
aristavos
arkada
arlina
armi servisas
armila
arnika
arsenalas - ehg
artakija 
artilux nmf
artiomovsk- energija
arvi
arvi agro s.r.l.
arvi biokuras
arvi cukrus
arvi fertis
arvi ir ko
arvi kalakutai
arvi npk
arx baltica
arx corporis
arčia
as baltic disc
as new vision
asf
ashburn international
asmens dokumentų išrašymo centras
asmens dokumentų išrašymo centras prie vidaus reikalų ministerijos
asociacija
astra
astrida
astrum vitae
atea baltic
atida
atrama
audimas
audėjas
augalų genų bankas
aukmergės baldai
auksinis varnas
auksė multipurpose shipping
aukštaitijos traktas
aukščiausiasis teismas
aulaukis
aura shipping
aurika
autobrava
autoerdvė
autoestetika
automatikos sistemos
autosabina
autoservisas vaišvydava
autostartas
autotoja
autotopus
autotrade
autotrekas
autoverslas
autoūkis
autuva
aušra
aveplast
avesko
avestis
avestis capital
avia asset management
avia solutions group
aviaekspresas
aviation asset management
aviaturas ir partneriai
avis
avitela
avitelos prekyba
aviva
aviva lietuva
avokada
avon cosmetics
axis industries
azarto technika
azovlitas
ažr
ba prekyba
bac
bafph draudimas
bajorų kalvos
baldai jums
baldutura
baldų mozaika
baldų rojus
baloša
baltasis pyragas
baltexim
baltic amadeus
baltic american concord
baltic aviation academy
baltic business corporation
baltic clipper
baltic construction development group
baltic data center
baltic engineering centre
baltic freight services
baltic furniture components
baltic ground services
baltic metal center
baltic optical disc
baltic orthoservice
baltic petroleum
baltic premator klaipėda
baltic saitas
baltic travel service
baltical
balticum tv
baltieva
baltijos
baltijos baldų
baltijos garantas
baltijos kelionių agentūra
baltijos laivų statykla
baltijos polistirenas
baltijos statybinės mašinos
baltik vairas
baltika
baltikums draudimas
baltkalis 
baltlitstroij
baltnetos komunikacijos
balto link
baltos lankos
baltvita
baltwood
baltų lankų knygynas
baltų tinklo prekyba
bang & bonsomer
bangenė
bankų asociacija
baušų
bbg
bega
belam telekomunikacijos
bendida
bendrasis pagalbos centras
bendrasis pagalbos centras prie vidaus reikalų ministerijos
benefita draudimas
bennet distributors
berlin chemie menarini baltic
bernatoniai
beržūna
beržų
beržų kompleksas
betonika
bhj baltic
biblioteka
bigso
bikuvos prekyba
bildunga
bioeksma
biofuture
biok
bionovus
biovela
birštono mineraliniai vandenys ir ko
birštono verslininkų asociacija
biržų bekonas
biržų duona
biseris
bitė lietuva
biuro mašinos
biuro pasaulis
biznio draudimo brokeris
biznio mašinų kompanija
bleiras
blue bridge
blue bridge bond
bms megapolis 
bod group
bodesa
boen lietuva
bonum publicum
bpc travel
brd
bretalita
bridimekso veislininkystės ferma
brolių tomkų leidyba
broup db
bs/2 americas
bs4
bsms
bta
budrus sakalas
budsava
buhalterių ir auditorių asociacija
bureau veritas lit.
būsimųjų benamių asociacija
būsto paskolų draudimas
camelia vaistinės
carat
castrade
celsis
centralizuota finansų ir turto tarnyba
centralizuota finansų ir turto tarnyba prie krašto apsaugos ministerijos 
centrinė hipotekos įstaiga
centro partija
cerebrinio paralyžiaus asociacija
citma
cito draudimas
citroma
citva
city plaza
city service
civilinių bylų teismas
civilinės aviacijos administracija 
civilinės saugos departamentas
civilinės saugos departamentas prie vidaus reikalų ministerijos 
coface austria
colemont draudimo brokeris
comco
compensa life
compservis
concept events & media
constructus
constructus latvija
constructus švedija
corpus a
corpus a draudimas
cosmica
cowen asset management limited
cowi baltic
cvo group company
d.o.o.
d.o.o. hip-azotara
d.o.o. pančevo
dailinta
dailista
daily service
dainava
daivera
daldehog
dalios baldai
daltonas
dan communications
danfoss
danisco sugar
danplastas
danske bank
danske capital
darbo birža
darbo partija
dataksas
dauniškis ir ko
dekociti
delano
delano lietuvoje
deloitte
deloitte lietuva
delta
delta management solutions
destinija
dextera
dfds lisco
dhl lietuva
diena media news
diena media print
dilikas
dirvonų lentpjūvė
displėjaus sistemos
divadis
divenda
dnb nord bankas
dnb nord investicijų valdymas
dnb nord kapitalforvaltning
doclogix
dojus agro
dolena
doleta
dolomitas
domenta  
dominus in
dommo grupa
dommo nerija
domus centras
dovainonių paukštynas
doverta
dpb
dpd lietuva
draudimas
draudimo brokerių asociacija
draudimo koordinacinis centras
draudimo kryptis
draudimo pasaulis
draudimo priežiūros komisija
draudimo rūmai
draudina
draudlita
draudvija
draudė
draugija
draukeda
draumasta
drauseta
drausma
drauvelita
driežas lt
drobė
drogas
druka
druskininkų rasa
drūtsraigtis
dsv transport
duab
dubingiai
dujotekana
dujų kelias
durpeta
duventa
dv invest
dvarčionių keramika
dvms
dzūkijos arnika
dzūkijos statyba
džeiranos agroservisas
džeiranos investicinė grupė
džeiremta
e energija
e-draudimas
ean lietuva
eccua
echo stamp
ecoservice
edrija
edvonis
efektyvus sprendimas
effigy
egesta
eglės sanatorija
egmasta
egzotika
eiginta
eika
eikla
eiropica
eiropica latvijoje
eivora
eko group
ekobetonas
ekofrisa
ekonominės konsultacijos ir tyrimai
ekonomiškos statybos centras
ekoprojektas
ekoritmas
ekosta
ekotakas                                                                                                     
ekra
eksma
eksmos medicininės technikos centras
ekspla
eksporto kreditų draudimo brokeris
ekstra žurnalas
ekstremalių sveikatai situacijų centras
elbingos transportas
elektrifikacijos darbai
elektrobalt
elektrokomplektas
elektromarktas
elektromontuotojas 
elektros tinklo paslaugos
elektros įranga
elektroskandia
elfanta
elga
elinta
eliuda
elme messer lit
elmonta
elmova
elpa ir partneriai
elsis
elsis biuro sistemos
elsis pro
elsis spb
elsis ts
elstila
elta
eltaka
eltel networks
elviladė
emiridė
emp recycling
energetikos pajėgos
energetikos valstybinė inspekcija
energetikos valstybinė inspekcija prie ūkio ministerijos
energetinių projektų centras
energija būstui
energijos realizacijos centras
energijos taupymo centras
enso baltic
entafarma
eood
eproma
erabalta
ergo
ergo lietuva
ergolain
ermitažas
ernst & young
erp
esame kartu
estetinės odontologijos asociacija
estilita
etalink
etalinkas
eternit baltic
etna
etninės kultūros globos taryba
euro garantas
euroapotheca
eurobroker
eurocash1
eurocom
euroelektronika
euromaksas
euromechanika
europos judėjimas lietuvoje
europos komisija
europos parlamentas
europos rekonstrukcijos ir plėtros bankas
europos taryba
europos teisės departamentas
europos teisės departamentas prie teisingumo ministerijos 
euroreklama
eurovia
evekas
eveleta
evelkas
evli securities
excursus
fakultetas
falck security
farmacijos departamentas
farmacijos departamentas prie sveikatos apsaugos ministerijos 
farmacijos pramonės įmonių asociacija
fasa
fasma
fauga
federacija
fegda 
fermentas
festina
filialas baltijos šalyse
fillix
fima
finansinių nusikaltimų tyrimo tarnyba
finansinių nusikaltimų tyrimo tarnyba prie vidaus reikalų ministerijos
finansų lyderis
finansų maklerių asociacija
finansų ministerija 
finasta asset management
finasta bankas
finbaltus
finhill
finvesta
finėjas
firma
firma marisa
fl technics flylal charters
flylal
flylal charters
flylal group services
flylal technics
flylal training
fmį
fmį finasta
fondas
fonogramų gamintojų ir platintojų asociacija
forlika
fornestas
forte flex
fortesta
fortesta invest
fortis investment management
forumo rūmai
freda
fronto partija
ft broker
g-logistika
g. steponkaus kontora
g4s lietuva
gabijos investicijos
gairana
gairasa
galinta ir partneriai
gamafondas
garantas
garantinio fondo administracija
garantinio fondo administracija prie socialinės apsaugos ir darbo ministerijos
garfus
gargždų mida
garsų pasaulis
gaudrė
gausių šeimų asociacija
ge security
ge security baltic
gea klimatechnik
gelna
gelsva
generalinė miškų urėdija
generalinė miškų urėdija prie aplinkos ministerijos
generalinė prokuratūra
generolo jono žemaičio lietuvos karo akademija
genrusta
gensina
genys
geotechnika
gerdrauda
gerdukas
germanika
gimnazijų asociacija
gimtasis žodis
gintaro baldai
girelės paukštynas
girių bizonas
girių bizonas 
girteka
gjensidige baltic
gkf
glaskek langai
glasma lt
glastika
global logistics projects
global logistics projects 
gmbh
gotija
gotlitas
grafija
grafų baldai
greitai.lt
grens cargo
gridera
gridins
gridins enterprise
gridins group
gridinsenta
grifs ag
grigiškės
grinda
grinduva
grontmij carl bro
grožio terapijos ir chirurgijos klinika
grundfos pumps
grundolita
grąžtai
grūstė
gubernija
gudelių šilas
gudobelė
gulbelė
gulbelės prekyba
gurda 
gyvenimo logikos partija
gyventojų registro tarnyba
gyventojų registro tarnyba prie vidaus reikalų ministerijos 
gyvybės draudimo įmonių asociacija
h5 development
hanner
hanner ag
hanner development
hanner property
hansa draudimo brokeris
hansa flex hidraulinės jungtys
hansab
hefestas
heidelberg lietuva
heimdal enterprises limited arvi
heliopolis
helisota
hermis capital
hidroprojektas
hidrostatyba
high logistics
hilti
hilti complete systems
hnit-baltic
hoechst-biotika
hokena
hoptransa
hronas
humanistų partija
husqvarna
idea artis
if draudimas
if p&c insurance
iglus
ignalinos atominė elektrinė
ignalinos atominės elektrinės apsaugos rinktinė 
iizi
ikoda
ima
imeta ir ko
imlitex
impress teva
ims antera
industrijos garantas
infleks
infobalt
infobalt epa
infoera
informacinės visuomenės plėtros komitetas
informacinės visuomenės plėtros komitetas prie lietuvos respublikos vyriausybės
informatikos ir ryšių departamentas
informatikos ir ryšių departamentas prie vidaus reikalų ministerijos 
infostruktūra
infrastruktūros inžinerija
ingman ledai
ingo baltic
inspekcija
inspired communications
insurance brokers group
inta
interlinks
interneto partneris
interscalit
intersurgical
invalda
investicijų brokeris
investicijų portfelių valdymas
investicinių kompanijų asociacija
investors forum
ip limbela logistics
iremas
iris
irlanda
ism vadybos ir ekonomikos universitetas
itaina 
itella information
itnovena
ivabaltė
iį
jara
jarimpeksas
jaukurai
javinė
jelfa s.a.
joldija
jonavos grūdai
joniškio grūdai
jopada
jotrungė
jsic baltikums
jt investicijų valdymas
jubana
junesta
jungtinės architektų dirbtuvės
jungtinės tautos
jupoja
jupojos statybinės medžiagos
jupojos technika
jurby water tech
juta
jūrinių tyrimų centras
jūrės medis
jūrų agentūra forsa
jūsų spurtas
jūsų tarpininkas
kabantys sodai
kaišiadorių miškų urėdija
kaišiadorių paukštynas
kaliningradskij energo remont 
kalnapilio - tauro grupė
kalpokų
kalvis
kalėjimų departamentas
kalėjimų departamentas prie teisingumo ministerijos 
kaminta 
kapitalo srautai
kapratas
karbonas
karigė
karininkų ramovė 
karinių oro pajėgų aviacijos bazė 
karinės jūrų pajėgos 
karinės oro pajėgos 
karmada
karo prievolės administravimo tarnyba
karo prievolės administravimo tarnyba prie krašto apsaugos ministerijos 
kata
katedra
kauno autobusai
kauno baldai
kauno energetikos remontas
kauno energija
kauno grūdai
kauno hidrogeologija
kauno keliai
kauno kolegija
kauno komprojektas
kauno medicinos universitetas
kauno melga
kauno miškų ir aplinkos inžinerijos kolegija
kauno nepilnamečių tardymo izoliatorius-pataisos namai
kauno regiono keliai
kauno regiono pataisos inspekcija
kauno tardymo izoliatorius
kauno technikos kolegija
kauno technologijos universitetas
kauno tiekimas
kauno vandenys
kauno verslo kolegija
kauno švara
kausta guder
kautra
kaušėnų paukštynas
kavaska
kavita
kazlų rūdos mokomoji miškų urėdija
kb
kelda
kelias
kelio transportas
kelio ženklai
kelių remonto
kelmės pieninė
kelmės pieno centras
kelprojektas
keluva
kelvesta
kemek engineering
kerista
kesgvytis
kesko agro lietuva
keturi žiedai
kia auto
kirptė
kitron
klaimseta
klaipedos konteinerių terminalas
klaipėdos baldai
klaipėdos baldų prekyba
klaipėdos duona
klaipėdos energija
klaipėdos grundolita
klaipėdos jachtklubo uostas
klaipėdos jūrų krovinių kompanija
klaipėdos jūrų krovinių kompanija 
klaipėdos kartonas
klaipėdos keleivių ir krovinių terminalas
klaipėdos kolegija
klaipėdos kranai
klaipėdos laivų remontas
klaipėdos margarinas
klaipėdos mediena
klaipėdos melga
klaipėdos miesto ir apskrities profesinė sąjunga
klaipėdos nafta
klaipėdos nk centras
klaipėdos policijos mokykla
klaipėdos regiono pataisos inspekcija
klaipėdos smeltė
klaipėdos socialinių mokslų kolegija
klaipėdos statybinės medžiagos
klaipėdos transekspedicija
klaipėdos universitetas
klaipėdos vanduo
klaipėdos verslo ir technologijų kolegija
klaipėdos verslo kolegija
klasco
klasikinė tekstilė
knygų klubas
kolegija
kolpingo kolegija
komisija
komitetas
komparsa
kompensa
kompetencijos ugdymo centras
kompiuterinių sistemų centras
koncernas
konekesko lietuva
konfederacija
konica minolta baltia
konig
konkurencijos taryba
konsolė
konsorciumas
konsorciumas vaivorykštė
konstitucinis teismas
kontvainiai
kooperatyvas
korporacija matininkai
kortas
koslita
koslita 
kovenda
kraft foods lietuva 
krantas forwarding
krantas shipping
krantas travel
krasta auto
krašto apsaugos archyvas
krašto apsaugos archyvas prie krašto apsaugos ministerijos
krašto apsaugos ministerija
krašto apsaugos savanorių pajėgos 
krašto apsaugos savanorių pajėgų dariaus ir girėno aviacijos eskadrilė 
krašto apsaugos savanorių pajėgų rinktinė 
kreditų draudimo brokeris
krekenava
krekenavos agrofirma
kretingos grūdai
krikščioniškosios demokratijos partija
krikščionių konservatorių socialinė sąjunga
krizių valdymo centras
krizių valdymo centras prie krašto apsaugos ministerijos
krovinių terminalas
krs
kruonio hidroakumuliacinės elektrinės statyba
kruonio investicijos
kuehne & nagel
kultūros centrų asociacija
kultūros ministerija 
kultūros paveldo departamentas
kuršasta
kustodija
kuusakoski
kvistija
kvėdarsta
kybartų pataisos namai
kėdainių grūdai
kūno kultūros ir sporto departamentas
kūno kultūros ir sporto departamentas prie lietuvos respublikos vyriausybės
labochema
laboratorija
laboratorium farmaceutyczne homeofarm
labtesta
lagedra
laisvės atėmimo vietų ligoninė
laivyno technikos priežiūros bazė
lakaja
lakmalit
lamantinas
lankava
lankmeta
lastra
latgales energija
lauksva
lautra motors 
lbi
le kogeneracija
le remonts
legator
leiboristų partija
leidybos centras
leidėjų asociacija
lemminkainen
lemona
leo lt
lg
lhv pank
liberalai demokratai
liberalų ir centro sąjunga
liberalų sąjūdis
libra
libra vitalis
lietaus dizainas
lietaus šalys
lietemas
lietkabelis
lietuva statoil
lietuviškas midus
lietuvos aeroklubas
lietuvos aludarių asociacija
lietuvos antstolių rūmai
lietuvos apeliacinis teismas
lietuvos aprangos ir tekstilės įmonių asociacija
lietuvos archyvų departamentas
lietuvos archyvų departamentas prie lietuvos respublikos vyriausybės
lietuvos aukščiausiasis teismas
lietuvos automatika
lietuvos automobilių kelių direkcija
lietuvos automobilių kelių direkcija prie susisiekimo ministerijos
lietuvos bankas
lietuvos banko valdyba
lietuvos bankų asociacija
lietuvos bioetikos komitetas 
lietuvos buhalterių ir auditorių asociacija
lietuvos butų ūkis
lietuvos centrinis valstybės archyvas
lietuvos centro partija
lietuvos cukraus pramonės įmonių asociacija
lietuvos darbo birža
lietuvos darbo birža prie socialinės apsaugos ir darbo ministerijos
lietuvos darbo rinkos mokymo tarnyba
lietuvos darbo rinkos mokymo tarnyba prie socialinės apsaugos ir darbo ministerijos
lietuvos draudikų asociacija
lietuvos draudimas
lietuvos draudimo brokerių asociacija
lietuvos dujos
lietuvos dujų asociacija
lietuvos elektrinė
lietuvos energija
lietuvos farmacijos pramonės įmonių asociacija
lietuvos filialas
lietuvos finansų maklerių asociacija
lietuvos geležinkeliai
lietuvos geologijos tarnyba
lietuvos geologijos tarnyba prie aplinkos ministerijos
lietuvos gimnazijų asociacija
lietuvos gretutinių teisių asociacija
lietuvos gyvenimo logikos partija
lietuvos gyventojų genocido ir rezistencijos tyrimo centras
lietuvos gyvybės draudimo įmonių asociacija
lietuvos humanistų partija
lietuvos invalidų reikalų taryba
lietuvos invalidų reikalų taryba prie lietuvos respublikos vyriausybės
lietuvos jūreivystės kolegija
lietuvos jūrų laivininkystė
lietuvos kaimo turizmo asociacija
lietuvos kariuomenė
lietuvos kariuomenės arsenalas 
lietuvos kariuomenės centrinis poligonas 
lietuvos kariuomenės judėjimo kontrolės centras 
lietuvos kariuomenės jėgerių mokykla 
lietuvos kariuomenės karinių oro pajėgų oro gynybos batalionas 
lietuvos kariuomenės karo kartografijos centras 
lietuvos kariuomenės karo medicinos tarnyba 
lietuvos kariuomenės lauko pajėgų vadovybė 
lietuvos kariuomenės logistikos valdyba 
lietuvos keliai
lietuvos kelias
lietuvos kerlingo asociacija
lietuvos kokybės vadybos asociacija
lietuvos kooperatyvų sąjunga
lietuvos kredito unijos
lietuvos krikščioniškojo fondo aukštoji mokykla
lietuvos krikščioniškosios demokratijos partija
lietuvos krikščionys demokratai
lietuvos kriminalinės policijos biuras
lietuvos kultūros centrų asociacija
lietuvos kūno kultūros akademija
lietuvos laisvės sąjunga
lietuvos leidėjų asociacija
lietuvos lenkų liaudies partija
lietuvos lenkų rinkimų akcija
lietuvos liaudies sąjunga
lietuvos literatūros ir meno archyvas
lietuvos lizingo asociacija
lietuvos maisto pramonė
lietuvos mediena
lietuvos metrologijos inspekcija
lietuvos muziejų asociacija
lietuvos muzikos akademija
lietuvos muzikų sąjunga
lietuvos nacionaldemokratų partija
lietuvos nacionalinis radijas ir televizija
lietuvos nacionalinė vežėjų automobiliais asociacija
lietuvos nuolatinė atstovybė europos sąjungoje
lietuvos nuolatinė atstovybė unesco
lietuvos oro uostai
lietuvos parodų centras
lietuvos paštas
lietuvos policijos aptarnavimo paslaugų centras
lietuvos policijos eskortavimo rinktinė
lietuvos policijos greitojo reagavimo rinktinė aras
lietuvos policijos kriminalistinių tyrimų centras
lietuvos policijos liudytojų ir nukentėjusiųjų apsaugos tarnyba
lietuvos policijos materialinio aprūpinimo centras
lietuvos policijos mokymo centras
lietuvos policijos operatyvinės veiklos tarnyba
lietuvos prekybos įmonių asociacija
lietuvos protėvių atgimimo partija
lietuvos radijo ir televizijos centras
lietuvos reformų partija
lietuvos respublikos aplinkos ministerija
lietuvos respublikos draudimo priežiūros komisija
lietuvos respublikos finansų ministerija 
lietuvos respublikos generalinė prokuratūra
lietuvos respublikos ginklų fondas
lietuvos respublikos konkurencijos taryba
lietuvos respublikos konstitucinis teismas
lietuvos respublikos krašto apsaugos ministerija
lietuvos respublikos kultūros ministerija 
lietuvos respublikos liberalų sąjūdis
lietuvos respublikos seimas
lietuvos respublikos seimo kanceliarija
lietuvos respublikos seimo kontrolierių įstaiga
lietuvos respublikos socialinės apsaugos ir darbo ministerija 
lietuvos respublikos specialiųjų tyrimų tarnyba
lietuvos respublikos susisiekimo ministerija 
lietuvos respublikos sveikatos apsaugos ministerija 
lietuvos respublikos teisingumo ministerija 
lietuvos respublikos teisėjų asociacija
lietuvos respublikos trišalės tarybos sekretoriatas prie socialinės apsaugos ir darbo ministerijos
lietuvos respublikos valstybės kontrolė
lietuvos respublikos valstybės saugumo departamentas
lietuvos respublikos vertybinių popierių komisija
lietuvos respublikos vidaus reikalų ministerija 
lietuvos respublikos vyriausioji rinkimų komisija
lietuvos respublikos vyriausybė
lietuvos respublikos vyriausybės kanceliarija
lietuvos respublikos švietimo ir mokslo ministerija 
lietuvos respublikos ūkio ministerija 
lietuvos respublikos žemės ūkio ministerija 
lietuvos rusų sąjunga
lietuvos rytas
lietuvos ryto spaustuvė
lietuvos ryto televizija
lietuvos saugios laivybos administracija
lietuvos savivaldybių asociacija
lietuvos skyrius
lietuvos socialdemokratų partija
lietuvos socialdemokratų sąjunga
lietuvos socialinio teisingumo sąjunga
lietuvos socialistų partija
lietuvos spaustuvininkų asociacija
lietuvos standartizacijos departamentas
lietuvos standartizacijos departamentas prie aplinkos ministerijos
lietuvos teisingumo partija
lietuvos teismo ekspertizės centras 
lietuvos teisės universitetas
lietuvos turizmo asociacija
lietuvos tūkstantmečio minėjimo direkcija prie lietuvos respublikos prezidento kanceliarijos
lietuvos valstiečių liaudininkų sąjunga
lietuvos valstybinis mokslo ir studijų fondas
lietuvos valstybinė veterinarijos preparatų inspekcija
lietuvos valstybės istorijos archyvas
lietuvos valstybės naujasis archyvas
lietuvos vandens tiekėjų asociacija
lietuvos vartotojų asociacija
lietuvos vertėjų asociacija
lietuvos veterinarijos akademija
lietuvos viešbučių ir restoranų asociacija
lietuvos viešojo administravimo lavinimo institucijų asociacija
lietuvos viešosios policijos rinktinė vytis
lietuvos vyriausiasis administracinis teismas
lietuvos ypatingasis archyvas
lietuvos šilumos tiekėjų asociacija
lietuvos ūkininkų sąjunga
lietuvos ūkio partija
lietuvos žalioji partija
lietuvos žemės ūkio bendrovių asociacija
lietuvos žemės ūkio universitetas
lietuvos žmogaus teisių asociacija
life lt
lifosa
lifosa                       
lignita
ligoninė
limarko
limarko jūrų agentūra
limarko laivininkystės kompanija
limarko laivyninkystės kompanija
limedika
limeta
linas
linas agro
linava
lindorff oy
lindstrom
lineka
lintel
lintera
linų audiniai
lirungė
lisandra
lisco optima shipping
lisco shipping logistics
lisiplast
litagra
litagros grūdai
litagros grūdų centras
litagros prekyba
litagros žemės ūkio centras
litamilk
litana
litana ir ko
liteximp prostki
litexpo
litfarma
litfarma vaistinių grupė
litforina
lithuanian airlines
lithuanian tours
litideal
litlive
litmaris
liubartas ir partneriai
liuks
liumenas
lizingo asociacija
llc
lodvila
loginvesta
logotipas
lonas ir partneriai
lords lb asset management
lotelita
lr nuolatinė atstovybė prie et
lr nuolatinė atstovybė prie jt biuro
lr nuolatinė misija jt
lrytas
ltd
ltk aibe
lukas
lukiškių tardymo izoliatorius-kalėjimas
lukoil baltija 
lupra
lytagra
lėvuo 
magnus logistics
mai lietuva
maksidora
malonė
malsena
maltosa
manrasta
mantinga
manvesta
map lietuva
marex boats
marijampolės grūdai
marijampolės kolegija
marijampolės miškų urėdija
marijampolės pataisos namai
marijampolės pašarai
marijampolės pieno konservai
marisa
maristika
mars lietuva
marsh lietuva
masada
masterfoods
matuizų plytinė
mavista
maxima
maxima bulgaria
maxima eesti
maxima latvija
maxima lt
mazeikiu nafta trading house
mažeikiu nafta tirdzniecibas nams
mažeikių automobilių keliai
mažeikių lyra
mažeikių mėsinė
mažeikių nafta
mažeikių naftos prekybos namai
mažeikių naftos sveikatos priežiūros centras
mažeikių strėlė
mažeikių varduva
mb group
mc wealth management
meandra
mebius it
mechanika
mechel nemunas
media house
media team
mediacom
mediacom lietuva
mediapool
medicinos bankas
medikona
medva
medva cargo services
medva logistics
medva transport
megrame
melesta
melga
melgos
melgos ratai
melgos servisas
menapak
merko statyba
metalistas lt
metalo centras 
metalo meistrai
metalo prekyba
metalplast
metgiza
mg baltic
mg baltic investment
mg baltic investment 
mg baltic media
mg baltic trade
mg baltic trade 
mg valda
mg valda 
mg valda turtas
mgs lt
miesto energija
miesto sodas
miestprojektas
migracijos departamentas
migracijos departamentas prie vidaus reikalų ministerijos
milsa
mineraliniai vandenys
ministerija
mitnija
miško genetinių išteklių, sėklų ir sodmenų tarnyba
miško sanitarinės apsaugos tarnyba
mobili linija
mobilizacijos departamentas 
mobilizacijos departamentas prie krašto apsaugos ministerijos 
mobusta
modest
mokestinių ginčų komisija
mokestinių ginčų komisija prie lietuvos respublikos vyriausybės
mokesčių srautas
mokslo taryba
mokykla
molesta
moller auto
montuotojas
moterų ir vyrų lygių galimybių kontrolieriaus tarnyba
motus recto
mp bank
mp pension funds baltic
mrija
mtf mrija
mtl spaustuvė
muitinės departamentas
muitinės departamentas prie finansų ministerijos
muitinės informacinių sistemų centras
muitinės kriminalinė tarnyba
muitinės laboratorija
multimeda
murestos prekyba
muziejų asociacija
mėlynoji uoga
mį organizacijų vystymo centras
nacionaldemokratų partija
nacionalinio parko direkcija
nacionalinis akreditacijos biuras
nacionalinis akreditacijos biuras prie aplinkos ministerijos
nacionalinių projektų rengimas
nacionalinė gėrimų gamintojų asociacija
nacionalinė mokėjimo agentūra
nacionalinė mokėjimo agentūra prie žemės ūkio ministerijos
nacionalinė skaitmeninė televizija
nacionalinė sveikatos taryba
nacionalinė teismų administracija
nacionalinė vartotojų teisių apsaugos taryba
nacionalinė vartotojų teisių apsaugos taryba prie teisingumo ministerijos
nacionalinė veterinarijos laboratorija
nacionalinė žemės tarnyba
nacionalinė žemės tarnyba prie žemės ūkio ministerijos 
naftėnas
nalšia
narbutas ir ko
naresta
narkotikų kontrolės departamentas
narkotikų kontrolės departamentas prie lietuvos respublikos vyriausybės
naudra
naujasis aitvaras
naujasis bruklinas
naujoji agluona
naujoji rūta
naujoji sąjunga
naujoji tvarka
naujoji vaidra
naujos idėjos
naujųjų maisto technologijų prekyba
neaustima
neaustinių medžiagų fabrikas
nektonas ir ko
nematekas
neo group
nepriklausomos energijos paslaugos
neste lietuva
new vision baltija
nit
nnsa
nordcarrier
nordcarrier baltic
nordea bank
nordea life
nordic sugar
norfos mažmena
norvelita
nosted mechanika
nota bene
novaturas
novo mebel
noxale
npr
nt draudimas
nuolatinė atstovybė
nuolatinė misija
oao
ober-haus
ober-haus nekilnojamas turtas
objektas
ogmina
ogmios
ogmios centras
ogmios prekyba
ogmios pulsas
ogmios pulsas pro
ogmios real estate
ogmirenta
ogmita
olifėja
olvirga
olympic casino group baltija
omnibetas
omniteksas
omnitel
onninen
ooo
optikos pasaulis
optita
optolita
orakulas
orem
orestina 
orfis
organizacijų vystymo centras
oriflame kosmetika
orion securities
ormina
oro navigacija
ortitas
ortopedijos technika 
osama
ovalda
ovc
ovc consulting
ovc mokymai
pagryžuvio kompleksas
pagėgių rinktinė 
pajūrio gintaras
pakaita
pakmarkas
pakrančių apsaugos rinktinė 
palangos reabilitacijos ligoninė
palink
paliūtis
pamario draudimas
panevėžio aurida
panevėžio autobusų parkas
panevėžio citma
panevėžio energija
panevėžio keliai
panevėžio kolegija
panevėžio lytagra
panevėžio miestprojektas
panevėžio pataisos namai
panevėžio regiono pataisos inspekcija
panevėžio specialus autotransportas
panevėžio statybos trestas
panevėžio stiklas
panoden
papyrus lietuva
paradis
parama
pardavimo automatai
parex bankas
parex investicijų valdymas
partija
partija tvarka ir teisingumas
partijos skyrius
partnerių statybinės medžiagos
pasaulio bankas
pasaulio sveikatos organizacija
pasienio ir transporto valstybinė veterinarijos tarnyba
paslaugos tau
passenger terminal
pastatų idėjų įgyvendinimas
paulemas
pavilnys
pažaislio vaistinė
pc šilas
pegasas
penki kontinentai
penkių kontinentų bankinės technologijos
penkių kontinentų komunikacijų centras
pensininkų partija
pentacom
perdanga
perksas
petro ofsetas
pieno žvaigždės
pigiau lt
pilies projektai
pilietinės demokratijos partija
pineka
piniava
pirmoji kava
plasta
plungės jonis
plungės lagūna
plungės lytagra
policijos departamentas
policijos departamentas prie vidaus reikalų ministerijos
policijos komisariatas
poliklinika
politinė partija rusų aljansas
poraistė
portalas
poškų karjeras
požeminiai darbai
pramonės energija
pramprojektas
pravieniškių 1-ieji pataisos namai
pravieniškių 2-ieji pataisos namai-atviroji kolonija
pravieniškių 3-ieji pataisos namai
pravieniškių gydymo ir pataisos namai
prekybos centras
prekybos marketingo paslaugos
prekybos įmonių asociacija
premia kpc
prezidentūra
prienų energija
priešgaisrinė gelbėjimo tarnyba 
priešgaisrinės apsaugos ir gelbėjimo departamentas
priešgaisrinės apsaugos ir gelbėjimo departamentas prie vidaus reikalų ministerijos
primadis
pristis
proact
proact lietuva
problematika
profesinė sąjunga
projektų centras
protraining academy
prudentis
ps trests
pst
pst investicijos
pt bravo alco
publicum
puntukas
putokšnis
pzu
pzu lietuva
rackunai project holdings
radiacinės saugos centras 
ragutis
raidra
raigesta
raitas
raiška
raminora
ranga
ranga group
ranga iv
ranga iv investicijos
ranga iv latvija
ranktinėliai
rasa multipurpose shipping
raseinių javai
rasmitas 
raudonojo kryžiaus organizacija
rautaruukki corporation
rdd
refinvesta
refta
regioninio parko direkcija
rehau
reimpex
reklamos galimybių centras
rekolas
religijos studijų kolegija
remtarna
reneta
reso europa
respublikinė techninės pagalbos asociacija
respublikonų partija
respublikos investicija
respublikos leidiniai
respublikos prezidentas
respublikos prezidento institucija
respublikos spaustuvė
respublikos teisėjų asociacija
restoranų fortas
retal europe
retoras
reval hotel lietuva
rezervato direkcija
rg uno
rhea
rhenus svoris
riamona
rifas 
rimi lietuva
rinkos spektras
rinkuškiai
riv projektai
rivona
rizikos cesija
rizikos partneriai
rizikos valdymo specialistai
roda
rodiklis
rokauta
rokiškio sūris
romasta
rožė
rst
rudesta
ruukki lietuva
rytojaus garantas
rytra
rytų skirstomieji tinklai
ryšių ir informacinių sistemų tarnyba
ryšių ir informacinių sistemų tarnyba prie krašto apsaugos ministerijos
ryšių reguliavimo tarnyba
rūta
s.r.o.
sabelijos
sagauta
saitas
sakuona
samarina
sampo life
samsonas
sanara
sanda
sandėjas
sanistal
sanitas
sanitex
santa monica networks 
santechniniai darbai
santeka
saprega
sareme
sauliaus transporto sistemos
saulėgrąžų vaistinė
saurida
sausumos laivai
savex
savingė
savivaldybių asociacija
savivaldybė
savivaldybės administracija
savivaldybės kontrolieriaus tarnyba
savivaldybės taryba
sba
sba baldų kompanija
sba furniture group
scaent baltic
scapa baltic
schenker
schmitz cargobull baltic
sdg
search group
seb
seb bankas
seb enskilda
seb investicijų valdymas
seesam
seesam lietuva
seimas
seimo frakcija
seimo kanceliarija
seimo komisija
seimo komitetas
seimo kontrolierių įstaiga
seimo pakomitetis
seimo pirmininko sekretoriatas
selita ir ko
selteka
senukai
serdra
serpantinas
sg finansai
sia melga plus
sia new vision
sicor biotech
sidabra
sidabrinis krioklys
sidabrė
siemens
signeda
silberauto
simplika
sindicatum capital international
sintuva
siūlas
skaidula
skaita
skaitmeninio sertifikavimo centras
skala
skinest baltija
skinija
skirnuva
skydmedis
slapaberžės
slo
smulkaus ir vidutinio verslo partija
smulkus urmas
smėliakalnis
snaigė
snoras
snoras asset management
snoro bankas
socialdemokratų sąjunga
socialinių įstaigų priežiūros ir audito departamentas
socialinių įstaigų priežiūros ir audito departamentas prie socialinės apsaugos ir darbo ministerijos
socialinės apsaugos ir darbo ministerija 
socialinės garantijos
socialistų partija
socialliberalai
sodra
sofa travel
solvera vaistinė
solvida
somlita
sooo biovtorresurs
sostena
sostinės gatvės
sp.z.o.o.
spaineta
spainetos draudimas
sparta
spauda
spaudos kontūrai
spaustuvininkų asociacija
spaustuvė
specialiųjų tyrimų tarnyba
specialus autotransportas
spekas ir ko
splius 
sport line
sprusas
srava
staginis
stamex
stamita
star communications worldwide
statistikos departamentas
statistikos departamentas prie lietuvos respublikos vyriausybės
statrentus
statva
statybos ir remonto tarnyba
statybos ir remonto tarnyba prie krašto apsaugos ministerijos 
statybos ritmas
statybos strategija
statybų ir investicijų draudimas
statybų trikampis
steda
stevila
stigma
stiklo gama
strateginių sprendimų
straujos prekybos sistemos
stronglasas
struktūra
studijų kokybės vertinimo centras
stumbras
sugardas
sulinkiai
susisiekimo ministerija 
suslavičius-felix
sveikatos apsaugos ministerija 
sveikatos apsaugos ministerijos ekstremalių sveikatai situacijų centras
sveikatos priežiūros tarnyba
sveikatos priežiūros tarnyba prie vidaus reikalų ministerijos
svenska handelsbanken
sweco bkg lspi
swedbank
swedbank draudimo brokeris
swedbank elukindlustus
swedbank investicijų valdymas
swedbankas
synergium
sąjunga
sėklos
sėkmės partneris
sėkmės tiltas
tamro vaistinės
tanagra
tarptautinis valiutos fondas
tarptautinių mokslo ir technologijų plėtros programų agentūra
tarptautinė aukštoji vadybos mokykla
tarptautinė finansų korporacija
tarptautinė migracijos organizacija
taryba
tarybos administracija
tasara
tauragės grūdai
tauragės maistas
taurakalnis
taurakelis
taurus-ekspres
tautinių mažumų ir išeivijos departamentas
tautinių mažumų ir išeivijos departamentas prie lietuvos respublikos vyriausybės
tautos pažangos partija
tautos prisikėlimo partija
techasas
teisingumo ministerija 
tele2
telekonta
telelanas
telerena
televizijos ir ryšio sistemos
telnita
telšių kunigų seminarija
telšių miškų urėdija
telšių statyba
teniso pasaulis
teo
teo lt
teo sportas
teritorinė ligonių kasa
teritorinė muitinė
teritorinė statistikos valdyba
tetas
tete-a-tete kazino  
tev
textilis
tez tour
thymus vaistinė
tido
tikras kelias
tikroji vaivorykštė
tilsta
tiltra group
timidus
tmd partneriai
tns gallup
tobis
tokvila
top clean
topo centras
traidenis
trakų istorinio nacionalinio parko direkcija
trakų rajono komunalinių įmonių kombinatas
transdadus
transekspedicija
transeurina ir ko 
transimeksa 
transmedos valda
transporto investicijų direkcija
transporto marisa
transtira
transvelas
travelman
trendmark
trevena
trivilita-interscalit
troja
tromina
trukmė
turizmo agentūra
turto valdymo ir ūkio departamentas
turto valdymo ir ūkio departamentas prie vidaus reikalų ministerijos 
tvirtų garantijų
tyla
tyto alba
tėvija
tėvynės sąjunga
tėvynės sąjunga-lietuvos krikščionys demokratai
tūb
uab
uadb
uadbb
ubs
ugniagesių gelbėjimo mokykla
ukmergės keliai
ukmergės miškų urėdija
ukmergės rajono vartotojų kooperatyvas 
ukmergės statyba
ukragro npk
umaras
umega
umėja
undena
unicredit bank
unimodus
unitree sia
universal mccann
universalūs medžio produktai
universitetas
uno transport klaipėda
urbanistika
utenos kolegija
utenos lytagra
utenos melga
utenos melioracija
utenos mėsa
utenos rajono vartotojų kooperatyvas
utenos trikotažas
utenos vandenys
utenos šilumos tinklai
už teisingą lietuvą
užlietavos vaistinė
užmojai su garantijomis
užsieniečių registracijos centras 
va reals
vadovybės apsaugos departamentas
vadovybės apsaugos departamentas prie vidaus reikalų ministerijos 
vae legetecha
vagos prekyba
vaiko teisių apsaugos kontrolieriaus įstaiga
vaikų darželis
vailendas
vaineta
vairema
vaivorykštė
vaivorykštės korporacija
vakarų krova
vakarų laivų gamykla
vakarų lietuvos verslo kolegija
vakarų medienos
valentis
valstiečių laikraštis
valstiečių liaudininkų sąjunga
valstybinio kernavės kultūrinio rezervato direkcija 
valstybinio socialinio draudimo fondo valdyba
valstybinio socialinio draudimo fondo valdybos teritorinis skyrius
valstybinis patentų biuras 
valstybinis pilietinio pasipriešinimo centras
valstybinis pilietinio pasipriešinimo centras prie krašto apsaugos ministerijos
valstybinis turizmo departamentas
valstybinis turizmo departamentas prie ūkio ministerijos
valstybinė akreditavimo sveikatos priežiūros veiklai tarnyba
valstybinė akreditavimo sveikatos priežiūros veiklai tarnyba prie sveikatos apsaugos ministerijos
valstybinė aplinkos apsaugos inspekcija
valstybinė atominės energetikos saugos inspekcija
valstybinė augalų apsaugos tarnyba 
valstybinė darbo inspekcija
valstybinė darbo inspekcija prie socialinės apsaugos ir darbo ministerijos 
valstybinė duomenų apsaugos inspekcija
valstybinė geležinkelio inspekcija
valstybinė geležinkelio inspekcija prie susisiekimo ministerijos 
valstybinė gyvulių veislininkystės priežiūros tarnyba
valstybinė gyvulių veislininkystės priežiūros tarnyba prie žemės ūkio ministerijos
valstybinė kainų ir energetikos kontrolės komisija
valstybinė kalbos inspekcija 
valstybinė kelių transporto inspekcija
valstybinė kelių transporto inspekcija prie susisiekimo ministerijos 
valstybinė lietuvių kalbos komisija
valstybinė ligonių kasa
valstybinė ligonių kasa prie sveikatos apsaugos ministerijos
valstybinė lošimų priežiūros komisija
valstybinė maisto ir veterinarijos tarnyba
valstybinė medicininio audito inspekcija
valstybinė medicininio audito inspekcija prie sveikatos apsaugos ministerijos
valstybinė metrologijos tarnyba
valstybinė metrologijos tarnyba prie aplinkos ministerijos
valstybinė miškotvarkos tarnyba
valstybinė mokesčių inspekcija
valstybinė mokesčių inspekcija prie finansų ministerijos 
valstybinė ne maisto produktų inspekcija
valstybinė ne maisto produktų inspekcija prie ūkio ministerijos 
valstybinė paminklosaugos komisija
valstybinė saugomų teritorijų tarnyba
valstybinė saugomų teritorijų tarnyba prie aplinkos ministerijos
valstybinė sėklų ir grūdų tarnyba
valstybinė sėklų ir grūdų tarnyba prie žemės ūkio ministerijos 
valstybinė tabako ir alkoholio kontrolės
valstybinė tabako ir alkoholio kontrolės tarnyba prie lietuvos respublikos vyriausybės
valstybinė teritorijų planavimo ir statybos inspekcija
valstybinė teritorijų planavimo ir statybos inspekcija prie aplinkos ministerijos
valstybinė vaistų kontrolės tarnyba
valstybinė vaistų kontrolės tarnyba prie sveikatos apsaugos ministerijos 
valstybinė vidaus vandenų laivybos inspekcija 
valstybinė visuomenės sveikatos priežiūros tarnyba
valstybinė visuomenės sveikatos priežiūros tarnyba prie sveikatos apsaugos ministerijos
valstybės dokumentų technologinės apsaugos tarnyba
valstybės dokumentų technologinės apsaugos tarnyba prie finansų ministerijos 
valstybės kontrolė
valstybės saugumo departamentas
valstybės sienos apsaugos tarnyba
valstybės sienos apsaugos tarnyba prie vidaus reikalų ministerijos 
valstybės tarnybos departamentas 
valstybės tarnybos departamentas prie vidaus reikalų ministerijos
valvaurė
valvėsta
vandesta
vartotojų aptarnavimo centras
vartotojų asociacija
vd kepykla
veda
vedautos autotransportas
veeseadmed
veho
veikmė
vekada
vektrona
ventus nafta
ventus-nafta 
vereinigte hagelversicherung
verkių slėnis
vernitas 
verpstas
verslo plėtros asociacija
verslo trikampis
verslo žinios
versus aureus
vertma
vertybinių popierių komisija
vertėjų asociacija
veskonas
vestaka
vestekspress
via regia
vidaus audito tarnyba
vidaus reikalų ministerija 
vidaus reikalų ministerijos autoūkis
vidaus tarnybos i pulkas 
vidaus tarnybos ii pulkas 
vidzemes energija
vienas pasaulis
viešbučių ir restoranų asociacija
viešųjų pirkimų tarnyba
viešųjų pirkimų tarnyba prie lietuvos respublikos vyriausybės
viešųjų ryšių partneriai
vikeda
viking malt
vilniaus 1-ieji pataisos namai
vilniaus 2-ieji pataisos namai
vilniaus dailės akademija
vilniaus gedimino technikos universitetas
vilniaus kolegija
vilniaus kooperacijos kolegija
vilniaus pedagoginis universitetas
vilniaus pilių valstybinio kultūrinio rezervato direkcija
vilniaus regiono pataisos inspekcija
vilniaus statybos ir dizaino kolegija
vilniaus technikos kolegija
vilniaus teisės ir verslo kolegija
vilniaus universitetas
vilniaus vadybos kolegija
vilniaus verslo kolegija
vilniaus verslo plėtros asociacija
vilniaus šv. juozapo kunigų seminarija
vimareka
vingriai 
virenda
virgula
visagino atominė elektrinė
visagino linija
visagino pasieniečių mokykla
vita baltic international
vital forsikring
vitapolis
vitaresta
vitaresta 
vito gerulaičio teniso akademija
vivum
vmg
voicecom
voira
voltera
vp draudimas
vrp hill&knowlton
vst
vya
vyriausiasis administracinis teismas
vyriausioji administracinių ginčų komisija
vyriausioji rinkimų komisija
vyriausioji tarnybinės etikos komisija
vyriausybė
vyriausybės atstovas
vyriausybės kanceliarija
vytauto didžiojo universitetas
vytrolma
vėjo tiltas
vėtrija
vėtrūna
vį
všį
warta glass
willenbrock baltic
wirtgen lietuva
wood team production
yazaki wiring technologies
yglė
yit kausta
yit kausta būstas
yit technika
zia valda balkan
čili bistro
čili holdings
čili kaimas
čili kinija
čili pica
įmonių asociacija
įmonių bankroto valdymo departamentas
įmonių bankroto valdymo departamentas prie ūkio ministerijos 
įmonių grupė
įsigijimų tarnyba prie krašto apsaugos ministerijos 
įvaikinimo tarnyba
įvaikinimo tarnyba prie socialinės apsaugos ir darbo ministerijos
šatrija
šeba
šeimos vaistinės
šešupė
šiauliai plius
šiaulių autoservisas
šiaulių bankas
šiaulių energija
šiaulių fobas
šiaulių jaunystė
šiaulių kelias
šiaulių kolegija
šiaulių kraštas
šiaulių krašto vadybos, teisės ir kalbų kolegija
šiaulių lyra
šiaulių medelyno prekyba
šiaulių naujienos
šiaulių plentas
šiaulių ranga
šiaulių regiono pataisos inspekcija
šiaulių tara
šiaulių tardymo izoliatorius 
šiaulių tauro televizoriai
šiaulių tiekimo bazė
šiaulių universitetas
šiaulių vandenys
šiaulių žemės ūkio technika
šiaulių žemės ūkio technikos transporto centras
šiaurinė žvaigždė
šiaurės brokeris
šiaurės lietuvos kolegija
šiaurės ministrų taryba
šilna
šilutės automobilių keliai
šilutės baldai
šilutės miškų urėdija
šilutės polderiai
šilutės prekyba
šturvalas
švaros diena
švaros projektai
šviesa
švietimo ir mokslo ministerija 
švitė
švykai
švytis
švyturys-utenos alus
švytėjimas
ūkininkų sąjunga
ūkio bankas
ūkio banko investicijų valdymas
ūkio ministerija 
žabolis ir partneriai
žaibas
žaibo ratas
žalgirio loto
žalvaris
žemaitijos grūdai
žemaitijos keliai
žemaitijos kolegija
žemaitijos pienas
žemaičių lanša
žemda
žemės ūkio bendrovių asociacija
žemės ūkio ministerija 
žia valda
žiemgalos automobiliai
žinių partneriai
žmogaus teisių asociacija
žurnalistų etikos inspektorius
žuvininkystės departamentas
žuvininkystės departamentas prie žemės ūkio ministerijos 
žūb
žūb džeirana
žūk
