administracijos direktorius
administratoriumi
administratorius
administratorė
advokatas
advokato padėjėjas
aeroklubo vadovas
agentas
agronomas
akcijų brokeris
akcijų makleris
akrobatai
aktorius
aktorė
aktuaras
akušeris
ambasadorius
ambasadorius ypatingiems pavedimams
anatomas
anglų kalbos mokytojas
antrasis sekretorius
antropologas
antstolis
aplinkos apsaugos vyriausiasis specialistas
apskrities viršininko pavaduotojas
apylinkės įgaliotinis
apžvalgininkas
archeologas
architektas
architekto
arkivyskupas
artistas
artistė
asmeninių kompiuterių tinklo administratorius
astrofizikas
astrologas
astronomai
astronomams
astronomas
astronomo
astronomė
atašė
atlikėja
atlikėjai
atlikėjas
atomo fizikas
atsakingasis sekretorius
atstovais
atstovams
atstovas
atstovas europos žmogaus teisių teisme
atstovas ryšiams su visuomene
atstovas spaudai
auditorius
auklėtojas
autoriumi
autorius
baletmeisteris
baleto šokėjas
banko pirmininkas 
bardas
barmenas
baro šokėjas
baudžiamosios teisės specialistas
bendraautorius
bendrųjų reikalų direktorius
biochemikas
biofizikas
biografas
biologas
biometrijos statistikas
biržos brokeris
biržos makleris 
biuro viršininkas
botanikas
branduolio fizikas
breiko čempionas
brokerio padėjėjas
bufetininkas
buhalteris
buhalteris auditorius
buhalteris ekonomistas
buhalterė
burnos chirurgas
burnos higienistas
būrėjas
centras
chiromantas
chirurgai
chirurgas
choreografas
choro dainininkas
cirko akrobatai
cirko artistas
cirko artistė
cirko teoretikas
civilinės teisės specialistas
dailininkas
dainininkai
dainininkas
dainininke
dainininkei
dainininko
dainininkė
dainininkės
dainininkę
dainų autorius
daktaras
daktaro
dantų technikas
darbuotojas
darbų vadovas
daržininkystės specialistas
dekanas
demografijos statistikas
departamento direktoriaus pavaduotojas
departamento direktorius
departamento patarėjas
dermatovenerologas
didžėjus
didžėjų
dietologas
diktatoriui
diktatorių
diktorius
direktoriaus
direktoriaus pavaduotoja
direktoriaus pavaduotojas
direktoriumi
direktorius
direktorių
dirigentas
dirvožemininkas
diskotekos vedėjas
dizainerio
dizaineris
dizaineriu
doc.
docentas
drabužių modeliuotojas
dramaturgas
draudimo agentas
draudimo brokeris
draudimo statistikos matematikas
draudimo vadybininkas
duomenų bazių administratorius
duomenų bazių analitikas
duomenų bazių programuotojas
duomenų bazių specialistas
dvasininkas
dėstytojas
echoskopuotojas
eismo policijos pareigūnas
eismo reguliuotojas
ekologas
ekonomikos direktorius
ekonomikos ir finansų direktorius
ekonomikos statistikas
ekskursijų vadovas
ekspeditorius
ekspertas
ekspertė
eksploatacijos direktorius
endokrinologas
epidemiologas
ergoterapeutas
eseistas
etimologas
etnologas
europarlamentaras
fanai
fantastas
farmakologas
farmakologas toksikologas
federalinio rezervo vadovus
festivalio direktorių
filologas
filosofas
filosofas politologas
finansininkas
finansų analitikas
finansų direktorius
finansų makleris
finansų statistikas
finansų vadybininkas
fizikas
fizikas teoretikas
fiziologas
fotografas
fotokorespondentas
frakcijos seniūnas
frakcijos seniūno pavaduotojas
gamybos direktorius
gamybos vadovas
garso operatorius
garso režisierius
gastroenterologas
gatvės muzikantas
genealogas
generalinio
generalinio direktoriaus
generalinio direktoriaus pavaduotojas
generalinis
generalinis direktorius
generalinis direktorius 
generalinis inspektorius
generalinis konsulas
generalinis sekretorius
generalinis urėdas
generolui
genetikas
geografas
geografijos mokytojas
geografinių informacinių sistemų analitikas
gestų kalbos vertėjas
ginekologas
gitaristas
grafikas
grafinių sistemų analitikas
grafologas
grimuotojas
grupės narys
grupės vokalistu
grupės vokalistė
guru
gydytojas stažuotojas
gynybos patarėjas
gynybos patarėjo pavaduotojas
gynėjas
gyvulininkystės specialistas
gėlininkystės specialistas
hidrobiologas
homeopatas
imamas
imunologas
infektologas
instrumentalistas
interjero architektas
intervencinės radiologijos gydytojas
investicijų brokeris
inžinierius genetikas
inžinierius programuotojas
istorijos mokytojas
istorikas
kalbininkas
kameros operatorius
kanceliarijos padėjėjas
kanclerio pavaduotojas
kancleris
kapelionas
kapelmeisteris
kapitonas
kardiologas
karių
karjeros konsultantas
karjeros valstybės tarnautojas
karvedys
karys
kelionių konsultantas
kelionių organizatorius
kelių eismo inžinierius
kelių eismo sistemos planuotojas
ketvirtu numeriu
kineziterapeutas
kino aktorius
kino filmo operatorius
kino filmų kritikas
kino filmų režisierius
kino operatorius
kirpėjas
kirpėjas modeliuotojas
klavišininko
klebonas
klientų aptarnavimo specialistas
klimatologas
knygų kritikas
knygų redaktorius
komercijos direktorius
komisijos pirmininkas
komisijos pirmininką
komiteto pirmininkas
komiteto pirmininko pavaduotojas
kompiuterinių sistemų analitikas
kompiuterinių sistemų inžinierius
kompiuterinių sistemų projektuotojas
kompiuterių ryšių analitikas
kompiuterių sistemų specialistas
kompiuterių tinklo administratorius
kompozitorius
komunistų partijos sekretorių
koncertmeisteris
koncertų organizatorius
konferansjė
kongresmenas
konsulas
konsultantė
kontrolieriaus pavaduotojas
kontrolierius
kosmetikas
kosmoso tyrinėtojai
kraujagyslių chirurgijos gydytojas
kraštovaizdžio architektas
krepšininkų
kriminologas
kritikas
kulinaras
kultūros istorikas
kūrinio autorius
laidų vedėja
laikinasis reikalų patikėtinis
laikraščio redaktorius
laivo kapitonas
laivo virėjas
lakūnas
lakūnas bandytojas
lektoriai
lektorius
lektorė
lengvasis krašto puolėjas
lietuvių kalbos konsultantas
lietuvių kalbos mokytojas
lietuvos nuolatinis atstovas
literatūrologas
literatūros kritikas
locmanas
logistas
logistikos specialistas
logistikos vadybininkas
lyderio
lyderis
madų demonstruotojas
madų kūrėjas
maketuotojas
makiažo specialistas
manekenas
manikiūrininkas
manualinės terapijos gydytojas
masažuotojas
matematikas
matematikos mokytojas
medicinos patologas
medicinos psichologas
menininkas
meno kritikas
meras
mero padėjėjas
mero patarėjas
meteorologas
meteorologas klimatologas
miesto projektuotojas
mikrobiologas
ministerijos sekretorius
ministrais pirmininkais
ministras
ministras patarėjas
ministras pirmininkas
ministro atstovas spaudai
ministro padėjėjas
ministro patarėjas
ministro pirmininko atstovas spaudai
ministro pirmininko padėjėjas
ministro pirmininko patarėjas
ministro pirmininko patarėjas 
ministro pirmininko sekretoriato vadovas
ministro pirmininko vyriausiasis patarėjas
ministrui
ministrų
ministrų pirmininkų
misionierius
miškininkas
miškininkystės specialistas
modelis
mokslininkai
mokslininkas
mokslininko
mokslo darbuotojas
molekulių biologas
moterų kirpėjas
muitinės inspektorius
muitinės tarpininkas
muzikantas
muzikantų
muzikologas
muzikos aranžuotojas
muzikos kritikas
muzikos mokytojas
muzikos prodiuseris
naktinio klubo šokėjas
nariui
narys
nekilnojamojo turto agentas
nekilnojamojo turto pardavėjas
neurochirurgas
neurologas
neuropatologas
notaras
novelistas
numerologas
odontologas
oftalmologas
oligarchų
onkologas
onkologas chemoterapeutas
onkologas chirurgas
operacijų tyrimo analitikas
operatoriaus padėjėjas
operatorius
operos dainininkas
optikos fizikas 
organizatorius
orkestro vadovas
orlaivio vadas
ornitologas
otorinolaringologas
padavėjas
padedantys dainininkai
padėjėjas
pagrindinis grupės gitaristas
pakomitečio pirmininkas
pamainos viršininkas
pardavimo vadybininkas
pardavimų vadybininkas
pareigūnai
parlamentaras
pasienietis
pastatų architektas
pastorius
patarėjas
patologas
patologas chirurgas
patologas veterinaras
pavaduotojo patarėjas
penkto numerio pozicija
penktu numeriu
penktų numerių
personalo atrankos specialistas
personalo direktorius
personalo mokymo specialistas
personalo rengimo specialistas
personalo specialistas
personalo vadybininkas
pilotas
pilotas bandytojas
pirkimo agentas
pirkimo vadybininkas
pirmasis sekretorius
pirmininkais
pirmininkas
pirmininko pavaduotojas
pirmininką
pirmininkų
pirtininkas
pjesių autorius
poetas
poetės
policijos pareigūnas
policijos patrulis
policininkas
politiko
politologas
prekių žinovas
premjeras
prezidentas
prezidento
prezidento atstovas spaudai
prezidento konsultantas
prezidento padėjėjas
prezidento patarėjas
prezidento patarėjo padėjėjas
prezidento patarėjo pavaduotojas
prezidento referentas
prezidentūros sekretoriaus padėjėjas
prezidentų
prezidiumo narys
prezidiumo sekretorius
priklausomybės ligų psichiatras
prodekanas
prodiuseris
prodiuserį
produkto vadybininkas
prof.
profesijos konsultantas
profesinio orientavimo konsultantas
profesoriaus
profesorius
profesorė
programinės įrangos inžinierius
programuotojas 
programų direktorius
programų koordinatorius
projekto vadovas
projektuotojas konstruktorius
prokuroras
prokuroro padėjėjas
prorektorius
psichiatras
psichologas
psichologas psichoterapeutas
psichoterapeutas
pulmonologas
puolėjas
puslaidininkių fizikas
rabinas
radijo laidų kritikas
radijo laidų vedėjas
rašytojas
rašytojas fantastas
rašytojo
redaktorius
redaktorių
referentas
reginio vedėjas
reikalų tvarkytoja
reklamos modelis
reklamos tekstų autorius
rektorius
renginio organizatorius
reporteris
respublikonų kongresmenas
respublikos prezidentas
respublikos prezidento atstovas spaudai
respublikos prezidento atstovas ypatingiems pavedimams
respublikos prezidento atstovo spaudai padėjėjas
respublikos prezidento konsultantas
respublikos prezidento patarėjas 
respublikos prezidento patarėjo padėjėjas
respublikos prezidento patarėjo pavaduotojas
respublikos prezidento referentas
restauratorius
reumatologas
režisierius
režisierė
režisierės
rinkodaros specialistas
rinkodaros vadybininkas
rinkos tyrimo analitikas
rokerio
romanistas
ryšių programuotojas
ryšių su žiniasklaida specialistas
savivaldybės kontrolieriaus pavaduotojas
savivaldybės kontrolierius
scenografas
seimo frakcijos seniūnas
seimo frakcijos seniūno pavaduotojas
seimo frakcijos seniūno referentas
seimo kanceliarijos padėjėjas
seimo kanceliarijos patarėjas
seimo kanceliarijos vyresnysis patarėjas
seimo kanceliarijos vyriausiasis patarėjas
seimo kanclerio pavaduotojas
seimo kancleris
seimo komiteto pirmininko pavaduotojas
seimo nario padėjejas
seimo nariui
seimo narys
seimo pirmininkas
seimo pirmininko atstovas spaudai
seimo pirmininko padėjėjas
seimo pirmininko patarėjas
seimo pirmininko pavaduotojas
seimo pirmininko pavaduotojo patarėjas
seimo pirmininko sekretoriato vadovas
seimo pirmininko sekretoriato vadovo pavaduotojas
seimo pirmininko vyresnysis patarėjas
sekretoriato vadovas
sekretoriato vadovo pavaduotojas
sekretoriaus padėjėjas
sekretorius
sekretorių
senatorius
seniūnas
seniūno pavaduotojas
sinoptikas
sklandytojas
skulptorius
skyriaus patarėjas
skyriaus vedėjas 
skyriaus vedėjo pavaduotojas
socialinis darbuotojas
socialinis pedagogas
sociologas
sociologas kriminologas
sodininkystės specialistas
spaudos fotografas
specialiojo atašė pavaduotojas
specialistai
specialistas
specialistė
specialusis atašė
sportinių šokių šokėjas
sporto komentatorius
sporto redaktorius
sraigtasparnio pilotas
statistikas
stilistas
strategas
striptizo šokėjas
sunkusis krašto puolėjas
sveikatos statistikas ir informatikas
svetainės administratoriumi
tapytojas
tardytojas
tatuiruotojas
tautinių šokių šokėjas
tautosakininkas
teatro aktorius
teatro kritikas
teatro režisierius
technikos direktorius
technikos direktorius 
techninis programuotojas
techninis redaktorius
teisininkas
teisininko padėjėjas
teisininkė
teismo antstolis
teismo bylų advokatas
teismo medicinos ekspertas
teismo medicinos gydytojas 
teismo medicinos patologas
teismo pirmininkas
teismo pirmininko padėjėjas
teismo pirmininko patarėjas
teismo psichiatras
teismo vykdytojas
teisėjas
teisėjo padėjėjas
tekstų ekspertas
televizijos laidų kritikas
televizijos laidų vedėjas
teologas
teoretikas
teritorijų planavimo architektas
teritorijų planavimo specialistas
termodinamikos fizikas 
tiekėjas
tinklaraštininkas
treneris
treneriui
trečiasis sekretorius
turizmo vadybininkas
turto agentas
turto pardavėjas
tyrimų statistikas
tyrinėtojai
ugniagesys
ugniagesys gelbėtojas
universiteto profesorius
uosto kapitonas
urologas
užimtumo specialistas
vadas
vadovai
vadovas
vadovus
vadovų
vadybininkas
vaikų ligų gydytojas
valdybos pirmininkas
valdybos pirmininko pavaduotojas
valdybos sekretorius
valdytojas
valstybinis auditorius
valstybės sekretorius
vedėja
vedėjas
vedėjo pavaduotojas
vedėjos
verslo konsultantė
verslo organizatorius
vertybinių popierių brokeris
vertybinių popierių pardavėjas
vertėjas
vertėjas referentas
vicekonsulas
viceministras
viceprezidento
vidaus auditorius
vidaus ligų gydytojas
vidurio puolėjas
vienuolis
vienuolė
viešosios nuomonės apklausos statistikas
virėjas
viršininkas
viršininko pavaduotojas
visuomenės informavimo specialistas
vokalistu
vokalistė
vokalistę
vykdantysis direktorius
vyresnioji specialistė
vyresnysis auditorius
vyresnysis patarėjas
vyresnysis specialistas
vyresnysis valstybinis auditorius
vyresnysis vidaus auditorius
vyriausiajam treneriui
vyriausiasis
vyriausiasis architektas
vyriausiasis auditorius
vyriausiasis buhalteris
vyriausiasis dailininkas
vyriausiasis finansininkas
vyriausiasis gydytojas
vyriausiasis laikraščio redaktorius
vyriausiasis patarėjas
vyriausiasis programų direktorius
vyriausiasis prokuroras
vyriausiasis redaktorius
vyriausiasis režisierius
vyriausiasis specialistas
vyriausiasis strategas
vyriausiasis valstybinis auditorius
vyriausiasis vidaus auditorius
vyriausiasis virėjas
vyriausiasis žurnalo redaktorius
vyriausioji finansininkė
vyriausioji specialistė
vyriausioji teisininkė
vyriausybės kanclerio pavaduotojas
vyriausybės kancleris
vyriausybės įgaliotinio pavaduotojas
vyriausybės įgaliotinis
vyrų kirpėjas
vyskupas
zoologas
zootechnikas
čempionas
įgaliotasis ministras
įgaliotinio pavaduotojas
įgaliotinis
įkūrėja
įkūrėjas
įmonės likvidatorius
šeimos gydytojas
širdies chirurgijos gydytojas
šokėja
šturmanas
žaidėjui
žemės ūkio specialistas
žiniasklaidos atstovams
žinių komentatorius
žinių vedėjas
žmonių elgesio ekspertė
žurnalistai
žurnalistams
žurnalistas
žurnalistės
žvejų
