administracijos direktorius
administracijos praktikantę 
administracinio darbo praktika
administratoriaus 
administratoriumi
administratorius
administratorė
administratorės
administratorę
advokatas
advokato padėjėjas
advokatui
aeroklubo vadovas
agentas
agro konsultanto ( šakių raj.
agronomas
akcijų brokeris
akcijų makleris
akrobatai
aktorius
aktorė
aktuaras
aktuaro
aktyvaus pardavimų vadybininko klaipėdoje   
aktyvių pardavimų vadybininkas 
aktyvių pardavimų vadybininko
aktyvių pardavimų vadybininką
akušeris
ambasadorius
ambasadorius ypatingiems pavedimams
analitikas
analitikų
anatomas
anglų kalbos mokytojas
antrasis sekretorius
antropologas
antstolis
apklausų atlikėjas
apklausų atlikėjų telefonu
aplinkos apsaugos vyriausiasis specialistas
aplinkosaugos, darbo ir priešgaisrinės saugos vadovas
application hosting services - sap administrator (2nd level support with english
application server administrator - db2/sql
apsaugos darbuotojas
apsaugos vadovas
apskaitininkas
apskaitininko
apskaitininkė
apskaitininkė 
apskrities viršininko pavaduotojas
apylinkės įgaliotinis
apžvalgininkas
archeologas
architektas
architektas-projektuotojas
architekto
areal manager lithuania
arkivyskupas
artistas
artistė
asmeninis sekretorius
asmeninių kompiuterių tinklo administratorius
astrofizikas
astrologas
astronomai
astronomams
astronomas
astronomo
astronomė
atašė
atlikėja
atlikėjai
atlikėjas
atlygio valdymo projektų vadovas
atomo fizikas
atsakingasis sekretorius
atsargų valdymo vadybininkas
atskaitomybės specialisto
atstovais
atstovams
atstovas
atstovas europos žmogaus teisių teisme
atstovas ryšiams su visuomene
atstovas spaudai
audit assistant
audit assistants
audito grupės vadovui
auditorius
auklėtojas
automatikas inžinierius 
automatikos inžinieriaus klaipėdoje
automobilių plovėjas-mechanikas
autoriumi
autorius
autoserviso vadovas
baletmeisteris
baleto šokėjas
baltic key account manager based in riga
baltic product development manager
banko pirmininkas 
bardas
barmenas
baro šokėjas
baudžiamosios teisės specialistas
bendraautorius
bendrųjų reikalų direktorius
biochemikas
biofizikas
biografas
biologas
biometrijos statistikas
biržos brokeris
biržos makleris 
biuro administratorė
biuro viršininkas
botanikas
branduolio fizikas
breiko čempionas
brokeriai
brokerio padėjėjas
bufetininkas
buhalteris
buhalteris auditorius
buhalteris ekonomistas
buhalterė
burnos chirurgas
burnos higienistas
būrėjas
c++ developer
centras
channel sales manager 
chiromantas
chirurgai
chirurgas
choreografas
choro dainininkas
cirko akrobatai
cirko artistas
cirko artistė
cirko teoretikas
civil construction engineer
civilinės teisės specialistas
clinical research associate
customer service language specialist
dailininkas
dainininkai
dainininkas
dainininke
dainininkei
dainininko
dainininkė
dainininkės
dainininkę
dainų autorius
daktaras
daktaro
dantų technikas
darbuotojas
darbų vadovas
darbų vadovo
daržininkystės specialistas
datawarehouse & olap developer / data analyst / data miner
db developer / administrator
debt collection specialist to join the debt collection & claims division in vilnius 
dekanas
demografijos statistikas
departamento direktoriaus pavaduotojas
departamento direktorius
departamento patarėjas
dermatovenerologas
didžėjus
didžėjų
dietologas
diktatoriui
diktatorių
diktorius
direktoriaus
direktoriaus pavaduotoja
direktoriaus pavaduotojas
direktoriumi
direktorius
direktorių
dirigentas
dirvožemininkas
diskotekos vedėjas
dispečeris
dizainerio
dizaineris
dizaineriu
dj
doc.
docentas
drabužių modeliuotojas
dramaturgas
draudimo agentas
draudimo brokeris
draudimo konsultantams
draudimo statistikos matematikas
draudimo vadybininkas
duomenų bazių administratorius
duomenų bazių analitikas
duomenų bazių programuotojas
duomenų bazių specialistas
duomenų suvedimo skyriaus asistentas
dvasininkas
dėstytojas
echoskopuotojas
eismo policijos pareigūnas
eismo reguliuotojas
ekologas
ekonomikos direktorius
ekonomikos ir finansų direktorius
ekonomikos statistikas
ekonomistas
ekskursijų vadovas
ekspedicijos vadybininkas
ekspedicijos vadybinkas
ekspedijavimo vadybininkų
ekspeditorius
ekspertas
ekspertė
eksploatacijos direktorius
eksporto  vadybininkas klaipėdoje
eksporto specialistas 
eksporto vadybininkas
eksporto vadybininkas 
eksporto vadybininko 
eksporto vadybininko bulgarijai
eksporto vadybininko kaliningrado sričiai
elektrikas 
elektrikos inžinierius
elektromonteriui
elektromontuotojas
elektronikos inžinierius
elektronikos prietaisų inžinierius
elektros inžinieriui
elektrotechnikus
encuestadores
endokrinologas
english teachers
enquÊteurs
epidemiologas
ergoterapeutas
erotinės tematikos fotografas
escape mergina
eseistas
eskortas
etimologas
etnologas
europarlamentaras
fanai
fantastas
farmakologas
farmakologas toksikologas
federalinio rezervo vadovus
festivalio direktorių
filialo vadovas
filialo vadovo
filologas
filosofas
filosofas politologas
finansininkas
finansų analitikas
finansų direktorius
finansų makleris
finansų statistikas
finansų vadybininkas
finansų vadybininką
firewall specialist
fizikas
fizikas teoretikas
fiziologas
fotografas
fotografas 
fotokorespondentas
frakcijos seniūnas
frakcijos seniūno pavaduotojas
freigt forwarder
full-time senior translator
gamybos direktorius
gamybos pamainos meistras
gamybos vadovas
garantinio skyriaus vadovą
garso operatorius
garso režisierius
gastroenterologas
gatvės muzikantas
geležinkelių projektavimo inžinierius
geležinkelių transporto ekspedicijos vadybininkas 
genealogas
generalinio
generalinio direktoriaus
generalinio direktoriaus asistentė
generalinio direktoriaus pavaduotojas
generalinis
generalinis direktorius
generalinis direktorius 
generalinis inspektorius
generalinis konsulas
generalinis sekretorius
generalinis urėdas
generolui
genetikas
geografas
geografijos mokytojas
geografinių informacinių sistemų analitikas
geotechnikos inžinierius
gestų kalbos vertėjas
ginekologas
gitaristas
go-go šokėja
grafikas
grafinių sistemų analitikas
grafologas
grimuotojas
grupės narys
grupės vadovas
grupės vokalistu
grupės vokalistė
guru
gydytojai darbui vokietijoje
gydytojas  oftalmologas
gydytojas stažuotojas
gynybos patarėjas
gynybos patarėjo pavaduotojas
gynėjas
gyvulininkystės specialistas
gėlininkystės specialistas
hidrobiologas
homeopatas
hr paslaugų pardavimo vadybininko/-ės
ikiukas parduotuvės vadovas klaipėdoje
imamas
importo vadybininkas
importo vadybininką 
imunologas
indų plovėjas
infektologas
instrumentalistas
interjero architektas
interjero dizaineris
internetinio tinklapio kūrėjo
interneto portalo vadovo 
interneto reklamos pardavimo vadybininkas
intervencinės radiologijos gydytojas
intervistatori
investicijų brokeris
inžinieriai
inžinieriaus
inžinieriaus - mechaniko
inžinieriui šilumininkui
inžinierius
inžinierius - technikas
inžinierius energetikas
inžinierius genetikas
inžinierius programuotojas
inžinierius technologas
inžinierius – projektuotojas
inžinierius-sąmatininkas
is konsultantas
is projektų grupės vadovas
istorijos mokytojas
istorikas
it inžinierius
it pardavimų vadovo
it paslaugų ir pardavimo vadovas
it produktų pardavivo vadybininkas
it projektų koordinatorius
it projektų vadovas
it specialist
it specialistas
it support representative
it systems administrator 
it vadovas
java application developers / testers
java programuotojai
java programuotoją 
junior accountant / bookeeper
junior navision developer 
juristas
juristas 
jūrų transporto ekspedicijos vadybininkas
kalbininkas
kambarinių
kameros operatorius
kanceliarijos padėjėjas
kanclerio pavaduotojas
kancleris
kapelionas
kapelmeisteris
kapitonas
kardiologas
karių
karjeros konsultantas
karjeros valstybės tarnautojas
karvedys
karys
kasininkas
kasininkas - pardavėjas
kasininkė
kauno regiono vadybininkei 
kelininko
kelionių agentui su verslo klientais vilniuje
kelionių konsultantas
kelionių organizatorius
kelių eismo inžinierius
kelių eismo sistemos planuotojas
kelių projektuotojas
ketvirtu numeriu
kineziterapeutas
kino aktorius
kino filmo operatorius
kino filmų kritikas
kino filmų režisierius
kino operatorius
kirpėjas
kirpėjas modeliuotojas
klavišininko
klebonas
klientų aptarnavimo atstovas
klientų aptarnavimo specialistas
klientų aptarnavimo telefonu specialisto
klientų vadybininkas
klimatologas
knygų kritikas
knygų redaktorius
kokybės inspektoriui
kokybės sistemų technologo
kokybės vadybininkas
komandos narys 
komercijos - marketingo vadovas
komercijos direktoriaus
komercijos direktoriaus vengrijoje
komercijos direktorius
komercijos vadovas
komercijos vadovo klaipėdoje
komercijos vadovo parduotuvėje vilniuje
komisijos pirmininkas
komisijos pirmininką
komiteto pirmininkas
komiteto pirmininko pavaduotojas
kompiuterinių sistemų analitikas
kompiuterinių sistemų inžinierius
kompiuterinių sistemų projektuotojas
kompiuterių ryšių analitikas
kompiuterių sistemų specialistas
kompiuterių tinklo administratorius
kompozitorius
komunistų partijos sekretorių
koncertmeisteris
koncertų organizatorius
konferansjė
kongresmenas
konstruktoriaus
konstruktorius
konsulas
konsultanto
konsultantė
kontaktų centro ekspertas
kontrolieriaus pavaduotojas
kontrolierius
kosmetikas
kosmoso tyrinėtojai
kraujagyslių chirurgijos gydytojas
kraštovaizdžio architektas
kredito rizikos analitikas
krepšininkų
kriminologas
kritikas
krovininių  automobilių autoelektrikas kaune
krovininių  automobilių autošaltkalvis kaune
kulinaras
kultūros istorikas
kūrinio autorius
laidų vedėja
laikinasis reikalų patikėtinis
laikraščio redaktorius
laivo kapitonas
laivo virėjas
lakūnas
lakūnas bandytojas
legal advisor for baltics
lektoriai
lektorius
lektorė
lengvasis krašto puolėjas
lengvųjų automobilių autošaltkalvis vilniuje
lengvųjų automobilių serviso vadovas   panevėžyje
lietuvių kalbos konsultantas
lietuvių kalbos mokytojas
lietuvos nuolatinis atstovas
literatūrologas
literatūros kritikas
locmanas
logistas
logistics manager
logistikos specialistas
logistikos vadybininkas
logistikos vyr. vadybininkas
lyderio
lyderis
madų demonstruotojas
madų kūrėjas
maisto kokybės technologas
maketuotojas
maketuotojos
makiažo specialistas
manekenas
manikiūrininkas
manualinės terapijos gydytojas
marketingo praktikantą
marketingo vadovas
marketingo vadybininkas
masažistės
masažuotojas
masažuotojų
matematikas
matematikos mokytojas
mažmeninės prekybos vadovas regionams
mažmeninės prekybos vadybininkas
mechanikos inžinierius   
medicinos atstovas kauno apskrityje
medicinos atstovas klaipėdos apskrityje
medicinos atstovas panevėžio apskrityje
medicinos atstovas vilniaus apskrityje
medicinos atstovas šiaulių apskrityje
medicinos atstovų
medicinos patologas
medicinos psichologas
menininkas
meno kritikas
meras
mero padėjėjas
mero patarėjas
meteorologas
meteorologas klimatologas
miesto projektuotojas
mikrobiologas
ministerijos sekretorius
ministrais pirmininkais
ministras
ministras patarėjas
ministras pirmininkas
ministro atstovas spaudai
ministro padėjėjas
ministro patarėjas
ministro pirmininko atstovas spaudai
ministro pirmininko padėjėjas
ministro pirmininko patarėjas
ministro pirmininko patarėjas 
ministro pirmininko sekretoriato vadovas
ministro pirmininko vyriausiasis patarėjas
ministrui
ministrų
ministrų pirmininkų
misionierius
miškininkas
miškininkystės specialistas
modelis
mokslininkai
mokslininkas
mokslininko
mokslo darbuotojas
molekulių biologas
monitoringo specialistas šiauliuose
montažo vadovas
moterų kirpėjas
ms sharepoint consultant
muitinės inspektorius
muitinės tarpininkas
muzikantas
muzikantų
muzikologas
muzikos aranžuotojas
muzikos kritikas
muzikos mokytojas
muzikos prodiuseris
mūrininkas
naktinio klubo administratorė
naktinio klubo barmenė 
naktinio klubo šokėjas
naktinių klubų vadovas
naktinių klubų vadovas latvijoje
nariui
narys
nekilnojamo turto konsultanto
nekilnojamojo turto agentas
nekilnojamojo turto pardavėjas
network engineer
network inventory & expense analyst
neurochirurgas
neurologas
neuropatologas
notaras
novelistas
numerologas
nuomos projektų vadovas
odontologai
odontologas
oftalmologas
oligarchų
onkologas
onkologas chemoterapeutas
onkologas chirurgas
online marketing business analyst 
operacijų tyrimo analitikas
operatoriaus padėjėjas
operatorius
operos dainininkas
optikos fizikas 
oracle database administrator
oracle e-business suite konsultantas
organizatorius
orkestro vadovas
orlaivio vadas
ornitologas
ortopedas technikas
otorinolaringologas
padalinio vadovas
padavėjas
padavėjų
padavėjų vaikų centre
padedantys dainininkai
padėjėjas
pagalbinis virtuvės darbuotojas
pagrindinis grupės gitaristas
pakomitečio pirmininkas
pamainos vadovo
pamainos viršininkas
pamainų vadovo
pardavimo agentas
pardavimo konsultanto kaune
pardavimo projektų vadovas
pardavimo vadovas
pardavimo vadovas 
pardavimo vadovo
pardavimo vadovo ypatingai svarbiems klientams
pardavimo vadybininkas
pardavimo vadybininkas 
pardavimo vadybininkas šiauliuose
pardavimo vadybininkas(-ė)
pardavimo vadybininko 
pardavimo vadybininko italų arba ispanų kalba
pardavimo vadybininkui  raseiniuose
pardavimo vadybininkui  vilniuje
pardavimo vadybininką
pardavimų atstovas
pardavimų atstovą
pardavimų atstovų
pardavimų inžinieriaus
pardavimų inžinieriaus kaune
pardavimų projektų vadovas
pardavimų projektų vadovui  vilniuje
pardavimų telefonu specialistų
pardavimų vadovas
pardavimų vadovas 
pardavimų vadybinikas
pardavimų vadybininkams
pardavimų vadybininkas
pardavimų vadybininkas 
pardavimų vadybininkas klaipėdoje
pardavimų vadybininkas vilniuje
pardavimų vadybininkas šiauliuose
pardavimų vadybininko
pardavimų vadybininko schÜco produkcijai
pardavimų vadybininką
pardavimų verslo klientams vadovas
pardavėja pc "akropolis" šiauliuose
pardavėja pc mega
pardavėja pc mega, nepilnai darbo dienai
pardavėja – kasininkė 
pardavėjai
pardavėjai vilniuje
pardavėjas
pardavėjas pc"akropolis"
pardavėjo
parduotuvės vadovas
parduotuvės vadybininkas
parduotuvės vedėja pc "mega"
pareigūnai
parlamentaras
partnership manager
pasienietis
pastatų architektas
pastorius
patarėjas
patologas
patologas chirurgas
patologas veterinaras
pavaduotojo patarėjas
penkto numerio pozicija
penktu numeriu
penktų numerių
pensijų kaupimo sutarčių pardavimo grupių vadovus kaune 
personal assistant
personalo atrankos projektų vadovas
personalo atrankos specialistas
personalo direktorius
personalo mokymo specialistas
personalo rengimo specialistas
personalo specialistas
personalo vadovas
personalo vadybininkas
personalo vadybininkei vilniuje
php programuotojai
php programuotojas
pilotas
pilotas bandytojas
pirkimo agentas
pirkimo vadybininkas
pirmasis sekretorius
pirmininkais
pirmininkas
pirmininko pavaduotojas
pirmininką
pirmininkų
pirtininkas
pjesių autorius
planning engineer
platintoja
poetas
poetės
policijos pareigūnas
policijos patrulis
policininkas
politiko
politologas
praktikantas
praktikantas 
prekių žinovas
prekybos atstovas lietuvoje ir kaliningrado srityje
prekybos atstovo
prekybos centro administratorius
prekybos centro administratorius 
prekybos centro direktoriaus pavaduotojas
prekybos centro direktoriaus pavaduotoją
prekybos centro direktorius
prekybos centro skyriaus vadovai
prekybos centro skyriaus vadovas
prekybos centro vadovo 
prekybos direktorius
prekybos vadovas
prekybos vadovo
prekybos vadovą
premjeras
prezidentas
prezidento
prezidento atstovas spaudai
prezidento konsultantas
prezidento padėjėjas
prezidento patarėjas
prezidento patarėjo padėjėjas
prezidento patarėjo pavaduotojas
prezidento referentas
prezidentūros sekretoriaus padėjėjas
prezidentų
prezidiumo narys
prezidiumo sekretorius
priklausomybės ligų psichiatras
prodekanas
prodiuseris
prodiuserį
product manager
produkto pardavimo vadovas
produkto vadybininkas
produkto vadybininkas 
produktų grupės vadovas
produktų grupės vadybininkas
prof.
profesijos konsultantas
profesinio orientavimo konsultantas
profesoriaus
profesorius
profesorė
programinės įrangos
programinės įrangos inžinierius
programuotojas
programuotojas 
programų direktorius
programų koordinatorius
project manager
projektavimo skyriaus vadovas
projektavimo įmonės vadovas  vilniuje
projekto vadovas
projektuotojas
projektuotojas konstruktorius
projektuotojo kaune
projektuotojo-konstruktoriaus
projektų administravimo ekspertas
projektų vadovas
projektų vadovas 
projektų vadovo
projektų vadovo asistentas
projektų vadovė
projektų vadovės asistentas/-ė
prokuroras
prokuroro padėjėjas
prorektorius
psichiatras
psichologas
psichologas psichoterapeutas
psichoterapeutas
pulmonologas
puolėjas
puslaidininkių fizikas
quality assurance engineer 
rabinas
radijo laidų kritikas
radijo laidų vedėjas
rašytojas
rašytojas fantastas
rašytojo
redaktorius
redaktorių
referentas
reginio vedėjas
regiono mažmeninės prekybos vadovui 
reikalingos merginos fotosesijoms
reikalų tvarkytoja
reklaminės akcijos dalyvis klaipėdoje
reklaminės akcijos dalyvis šiauliuose
reklamos gamintojas
reklamos modelis
reklamos tekstų autorius
rektorius
remedy bmc specialist
renginio organizatorius
reporteris
respublikonų kongresmenas
respublikos prezidentas
respublikos prezidento atstovas spaudai
respublikos prezidento atstovas ypatingiems pavedimams
respublikos prezidento atstovo spaudai padėjėjas
respublikos prezidento konsultantas
respublikos prezidento patarėjas 
respublikos prezidento patarėjo padėjėjas
respublikos prezidento patarėjo pavaduotojas
respublikos prezidento referentas
restauratorius
retail chain manager position
reumatologas
režisierius
režisierė
režisierės
rinkodaros ir pardavimų vadybininkui
rinkodaros ir rinkotyros direktorius
rinkodaros specialistas
rinkodaros vadovas
rinkodaros vadybininkas
rinkodaros vadybininko
rinkos tyrimo analitikas
rokerio
romanistas
ruby on rails developer
ryšių programuotojas
ryšių su žiniasklaida specialistas
rūbininkė
sales manager 
sales manager lithuania
sales representative
salės vadybininko
sandėlininkui – logistikos vadovui klaipėdoje
sandėlio darbininkai
sandėlio darbuotojas
sandėlio vadovas
sap basis administrator
sap functional consultant - hr, mm, pp, bw
savivaldybės kontrolieriaus pavaduotojas
savivaldybės kontrolierius
scenografas
seimo frakcijos seniūnas
seimo frakcijos seniūno pavaduotojas
seimo frakcijos seniūno referentas
seimo kanceliarijos padėjėjas
seimo kanceliarijos patarėjas
seimo kanceliarijos vyresnysis patarėjas
seimo kanceliarijos vyriausiasis patarėjas
seimo kanclerio pavaduotojas
seimo kancleris
seimo komiteto pirmininko pavaduotojas
seimo nario padėjejas
seimo nariui
seimo narys
seimo pirmininkas
seimo pirmininko atstovas spaudai
seimo pirmininko padėjėjas
seimo pirmininko patarėjas
seimo pirmininko pavaduotojas
seimo pirmininko pavaduotojo patarėjas
seimo pirmininko sekretoriato vadovas
seimo pirmininko sekretoriato vadovo pavaduotojas
seimo pirmininko vyresnysis patarėjas
sekretoriato vadovas
sekretoriato vadovo pavaduotojas
sekretoriaus padėjėjas
sekretorius
sekretorių
sekretorė
senatorius
senior .net developer
senior accountant
senior business consultant
senior crm consultant
senior java developer
senior microsoft sql developer
senior navision developer 
seniūnas
seniūno pavaduotojas
server management - aix/unix
server management iseries - as/400
server management wintel
service desk analyst
serviso inžinierius
serviso vadovo
servisų tinklo plėtros koordinatorius
sinoptikas
sistemų administratorių
siūlome darbą buhalteriui vilniuje
siūlome darbą konditeriui panevėžyje.
siūlome darbą kvalifikuotiems virėjams ir kepėjams vilniuje.
siūlome darbą padavėjams kaune.
siūlome darbą technologui panevėžyje.
siūlome darbą verslo analitikui vilniuje
siūlome darbą verslo vystymo vadovui vilniuje:
siūlome darbą virėjui kaune.
siūlome darbą virėjui kinų restorane
skaitmeninės spaudos mašinų operatorius 
sklandytojas
skrajučių platintojai
skulptorius
skyriaus patarėjas
skyriaus vadovas
skyriaus vedėjas 
skyriaus vedėjo pavaduotojas
slaugytojai
slaugė
socialinis darbuotojas
socialinis pedagogas
sociologas
sociologas kriminologas
sodininkystės specialistas
software salesman
spaudos fotografas
spec. darbų vadovas(-ė)
specialiojo atašė pavaduotojas
specialistai
specialistas
specialistė
specialusis atašė
sportinių šokių šokėjas
sporto komentatorius
sporto redaktorius
sr. developer - ruby on rails
sraigtasparnio pilotas
statinio statybos vadovas
statistikas
statybos darbų projektų vadovas
stilistas
storage engineer
strategas
striptizo šokėja
striptizo šokėjas
sunkiojo transporto pardavimo vadybininkas
sunkusis krašto puolėjas
suskystintų dujų degalinės operatorius
suvirinimo darbų inžinierius 
svarbiausių klientų vadybininkas
sveikatos statistikas ir informatikas
svetainės administratoriumi
system administrator 
sąmatininkui
tapytojas
tardytojas
tatuiruotojas
tautinių šokių šokėjas
tautosakininkas
teatro aktorius
teatro kritikas
teatro režisierius
technikas kaune
technikos direktorius
technikos direktorius 
technikui
techninis programuotojas
techninis redaktorius
techninių projektų asistentas
technologas
technologas tauragėje
teisininkams
teisininkas
teisininko padėjėjas
teisininkė
teismo antstolis
teismo bylų advokatas
teismo medicinos ekspertas
teismo medicinos gydytojas 
teismo medicinos patologas
teismo pirmininkas
teismo pirmininko padėjėjas
teismo pirmininko patarėjas
teismo psichiatras
teismo vykdytojas
teisėjas
teisėjo padėjėjas
tekstų ekspertas
telekomunikacijų inžinierius
telemarketingo vadybininkas
televizijos laidų kritikas
televizijos laidų vedėjas
teologas
teoretikas
teritorijų planavimo architektas
teritorijų planavimo specialistas
termodinamikos fizikas 
territory manager
test engineers
tiekimo inžinierius
tiekimo skyriaus vadybininką 
tiekimo vadovas
tiekimo vadovo
tiekimo vadybininko
tiekėjas
tinklaraštininkas
tolimųjų reisų vairuotojas
transporto ekspedicijos vadybininkas 
transporto ekspedicijos vadybininko
transporto paslaugų pardavimo vadybininkas skandinavijos rinkoje
transporto paslaugų pardavimo vadybininko
transporto vadybininkas
transporto vadybininkas 
transporto vadybininkas darbui su didžiosios britanijos rinka
transporto vadybininko
transporto vadybininką
treneris
treneriui
trečiasis sekretorius
turizmo vadybininkas
turizmo vadybininkė
turto agentas
turto pardavėjas
turto vertintojo 
tyrimų statistikas
tyrinėtojai
ugniagesys
ugniagesys gelbėtojas
universiteto profesorius
unix/linux administrator
uosto kapitonas
urologas
užimtumo specialistas
vadas
vadovai
vadovas
vadovus
vadovą 
vadovų
vadybininkas
vadybininkas 
vadybininkas darbui su ypatingai svarbiais klientais 
vadybininkas reprezentantas
vadybininko
vadybininko elektrotechnikos srityje
vadybininko statybinių medžiagų pardavimams vilniuje
vadybininkui  vilniuje
vadybininkus  kaune, rokiškyje, panevėžyje, kupiškyje
vadybininkės 
vaikų ligų gydytojas
vaikų skyriaus vadovas
vairuotojas-sandėlininkas
vaistininkas
valdybos pirmininkas
valdybos pirmininko pavaduotojas
valdybos sekretorius
valdytojas
valstybinis auditorius
valstybės sekretorius
valytojas
valytojų
vedėja
vedėjas
vedėjo pavaduotojas
vedėjos
verslo konsultantė
verslo organizatorius
verslo valdymo sistemų konsultantams
verslo valdymo sistemų specialistas
vertybinių popierių brokeris
vertybinių popierių pardavėjas
vertėjas
vertėjas latvių - lietuvių
vertėjas referentas
vertėjos
vicekonsulas
viceministras
viceprezidento
vidaus auditorius
vidaus ligų gydytojas
vidurio puolėjas
vienuolis
vienuolė
viešbučio valdytojas
viešosios nuomonės apklausos statistikas
vilniaus terminalo logistinių sprendimų vadovo asistentas
virtuvės valytojo
virėjas
virėjų
viršininkas
viršininko pavaduotojas
visažistė
visuomenės informavimo specialistas
vokalistu
vokalistė
vokalistę
vykdantysis direktorius
vyr. .net programuotojas
vyr. apskaitininko
vyr. buhalteris
vyr. buhalterės
vyr. finansininkas
vyr. finansininko
vyr. finansininko pavaduotojas
vyr. medicinos sesuo - administratorė
vyr. virėja 
vyr.buhalterio
vyr.buhalteris
vyresnioji specialistė
vyresnysis auditorius
vyresnysis patarėjas
vyresnysis specialistas
vyresnysis turto žalų ekspertas 
vyresnysis vadybininkas
vyresnysis valstybinis auditorius
vyresnysis verslo klientų projektų vadovas kaune
vyresnysis vidaus auditorius
vyriausiajam treneriui
vyriausias padavėjas
vyriausiasis
vyriausiasis architektas
vyriausiasis auditorius
vyriausiasis buhalteris
vyriausiasis dailininkas
vyriausiasis finansininkas
vyriausiasis gydytojas
vyriausiasis laikraščio redaktorius
vyriausiasis patarėjas
vyriausiasis programų direktorius
vyriausiasis prokuroras
vyriausiasis redaktorius
vyriausiasis režisierius
vyriausiasis specialistas
vyriausiasis strategas
vyriausiasis valstybinis auditorius
vyriausiasis vidaus auditorius
vyriausiasis virėjas
vyriausiasis žurnalo redaktorius
vyriausioji finansininkė
vyriausioji specialistė
vyriausioji teisininkė
vyriausybės kanclerio pavaduotojas
vyriausybės kancleris
vyriausybės įgaliotinio pavaduotojas
vyriausybės įgaliotinis
vyrų kirpėjas
vyskupas
waitress in restaurant
web developer with database experience
web modeliai
windows servers administrator
ypatingai svarbių klientų vadybininkas
ypatingo statinio projekto dalies vadovas
zoologas
zootechnikas
čempionas
įgaliotasis ministras
įgaliotinio pavaduotojas
įgaliotinis
įkūrėja
įkūrėjas
įmonių grupės vadovas gamybai
įmonės likvidatorius
įmonės vadovas
šaltkalviai įrankininkai
šaltkalviai-surinkėjai
šaltkalvis elektrikas 5 kateg. 
šaltkalvis remontininkas 
šaltkalvis remontininkas 4 kateg., armatūros remonto brigadoje
šeimos gydytojas
šilumininkui-santechnikui
širdies chirurgijos gydytojas
šokių mokytoja
šokėja
šturmanas
žaidėjui
žemės ūkio specialistas
žiniasklaidos atstovams
žinių komentatorius
žinių vedėjas
žmonių elgesio ekspertė
žurnalistai
žurnalistams
žurnalistas
žurnalistės
žvejų
