Abramikienė
Aleknaitė
Auštrevičius
Aakjaer
Aalto
Aames
Aasen
Aav
Abarienė
Abarius
Abariūtė
Abartienė
Abartis
Abartytė
Abašidzė
Abbott
Abdalchakas
Abelkienė
Abelkis
Abelkytė
Abišala
Abišalaitė
Abišalienė
Abraitienė
Abraitis
Abraitytė
Abramauskaitė
Abramauskas
Abramauskienė
Abramavičienė
Abramavičius
Abramavičiūtė
Abramovaitė
Abramovas
Abramovienė
Abramovičienė
Abramovičius
Abramovičiūtė
Abromaitienė
Abromaitis
Abromaitytė
Abromavičienė
Abromavičius
Abromavičiūtė
Abrutienė
Abrutis
Abrutytė
Abukevičienė
Abukevičius
Abukevičiūtė
Acukaitė
Acukas
Acukienė
Adamaitienė
Adamaitis
Adamaitytė
Adamas
Adamkavičienė
Adamkavičius
Adamkavičiūtė
Adamkevičienė
Adamkevičius
Adamkevičiūtė
Adams
Addo
Adlerienė
Adleris
Adlerytė
Adomaitienė
Adomaitis
Adomaitytė
Adomauskaitė
Adomauskas
Adomauskienė
Adomavičienė
Adomavičius
Adomavičiūtė
Adomonienė
Adomonis
Adomonytė
Adomynaitė
Adomynas
Adomynienė
Adomėnaitė
Adomėnas
Adomėnienė
Agintaitė
Agintas
Agintienė
Agripa
Agripaitė
Agripienė
Ahmed
Aizinbudaitė
Aizinbudas
Aizinbudienė
Aižinaitė
Aižinas
Aižinienė
Ajauskaitė
Ajauskas
Ajauskienė
Akelaitienė
Akelaitis
Akelaitytė
Akmenskienė
Akmenskis
Akmenskytė
Akramavičienė
Akramavičius
Akramavičiūtė
Aksamitauskaitė
Aksamitauskas
Aksamitauskienė
Aksomaitienė
Aksomaitis
Aksomaitytė
Akstinaitė
Akstinas
Akstinavičienė
Akstinavičius
Akstinavičiūtė
Akstinienė
Akulavičienė
Akulavičius
Akulavičiūtė
Alantaitė
Alantas
Alantienė
Albavičienė
Albavičius
Albavičiūtė
Albertynaitė
Albertynas
Albertynienė
Albinaitė
Albinas
Albinienė
Albrechtaitė
Albrechtas
Albrechtienė
Albridzio
Alechnavičienė
Alechnavičius
Alechnavičiūtė
Alekna
Aleknaitė
Aleknavičienė
Aleknavičius
Aleknavičiūtė
Aleknienė
Aleknonienė
Aleknonis
Aleknonytė
Aleksa
Aleksaitė
Aleksandravičienė
Aleksandravičius
Aleksandravičiūtė
Aleksandrovaitė
Aleksandrovas
Aleksandrovienė
Aleksandrovičienė
Aleksandrovičius
Aleksandrovičiūtė
Aleksejūnaitė
Aleksejūnas
Aleksejūnienė
Aleksienė
Aleksis
Aleksiūnaitė
Aleksiūnas
Aleksiūnienė
Aleksynaitė
Aleksynas
Aleksynienė
Aleksytė
Aleliūnaitė
Aleliūnas
Aleliūnienė
Alesionka
Alesionkaitė
Alesionkienė
Aleškevičienė
Aleškevičius
Aleškevičiūtė
Algirdaitienė
Algirdaitis
Algirdaitytė
Alijevas
Alijošienė
Alijošius
Alijošiūtė
Alimaitė
Alimas
Alimienė
Aliukevičienė
Aliukevičius
Aliukevičiūtė
Aliukonienė
Aliukonis
Aliukonytė
Aliulienė
Aliulis
Aliulytė
Ališaitė
Ališanka
Ališankaitė
Ališankienė
Ališas
Ališauskaitė
Ališauskas
Ališauskienė
Ališienė
Alksninienė
Alksninis
Alksninytė
Allen
Almenaitė
Almenas
Almenienė
Alminaitė
Alminas
Alminienė
Almonaitienė
Almonaitis
Almonaitytė
Alonso
Alperavičienė
Alperavičius
Alperavičiūtė
Alseika
Alseikaitė
Alseikienė
Alsienė
Alsys
Alsytė
Altman
Alton
Altonenas
Alunderienė
Alunderis
Alunderytė
Alyta
Alytaitė
Alytienė
Alšauskaitė
Alšauskas
Alšauskienė
Alšėnaitė
Alšėnas
Alšėnienė
Alšėniškienė
Alšėniškis
Alšėniškytė
Ambrasaitienė
Ambrasaitis
Ambrasaitytė
Ambrasaitė
Ambrasas
Ambrasienė
Ambrazaitė
Ambrazas
Ambrazevičienė
Ambrazevičius
Ambrazevičiūtė
Ambraziejienė
Ambraziejus
Ambraziejūtė
Ambrazienė
Ambraziūnaitė
Ambraziūnas
Ambraziūnienė
Ambraška
Ambraškaitė
Ambraškienė
Ambrose
Ambrozaitienė
Ambrozaitis
Ambrozaitytė
Ambrozevičienė
Ambrozevičius
Ambrozevičiūtė
Ambroževičienė
Ambroževičius
Ambroževičiūtė
Ambrukaitienė
Ambrukaitis
Ambrukaitytė
Ananas
Ananjevaitė
Ananjevas
Ananjevienė
Ananka
Anankaitė
Anankienė
Ancelienė
Ancelis
Ancelytė
Ancevičienė
Ancevičius
Ancevičiūtė
Anciūnaitė
Anciūnas
Anciūnienė
Ancukevičienė
Ancukevičius
Ancukevičiūtė
Ancuta
Ancutaitė
Ancutienė
Andersen
Andraitienė
Andraitis
Andraitytė
Andrašūnaitė
Andrašūnas
Andrašūnienė
Andrejauskaitė
Andrejauskas
Andrejauskienė
Andrejevaitė
Andrejevas
Andrejevienė
Andrejevs
Andreotti
Andrews
Andrienė
Andrijauskaitė
Andrijauskas
Andrijauskienė
Andriolienė
Andriolis
Andriolytė
Andriukaitienė
Andriukaitis
Andriukaitytė
Andriukonienė
Andriukonis
Andriukonytė
Andriulienė
Andriulis
Andriulytė
Andrius
Andriušienė
Andriušis
Andriuška
Andriuškaitė
Andriuškevičienė
Andriuškevičius
Andriuškevičiūtė
Andriuškienė
Andriušytė
Andriškevičienė
Andriškevičius
Andriškevičiūtė
Andriūnaitė
Andriūnas
Andriūnienė
Andriūtė
Andrulienė
Andrulis
Andrulytė
Andrušaitienė
Andrušaitis
Andrušaitytė
Andruševičienė
Andruševičius
Andruševičiūtė
Andruškevič
Andruškevičienė
Andruškevičius
Andruškevičiūtė
Andziulaitienė
Andziulaitis
Andziulaitytė
Andziulienė
Andziulis
Andziulytė
Anelka
Angel
Anglickaitė
Anglickas
Anglickienė
Anglickis
Anglickytė
Angrabaitienė
Angrabaitis
Angrabaitytė
Anisimovaitė
Anisimovas
Anisimovienė
Aniulienė
Aniulis
Aniulytė
Aničaitė
Aničas
Aničienė
Ankienė
Ankus
Ankutė
Antanaitienė
Antanaitis
Antanaitytė
Antanavičienė
Antanavičius
Antanavičiūtė
Antanovičienė
Antanovičius
Antanovičiūtė
Antanėlienė
Antanėlis
Antanėlytė
Antinienė
Antinis
Antinytė
Antonievičienė
Antonievičius
Antonievičiūtė
Antonioni
Antonovičienė
Antonovičius
Antonovičiūtė
Anulienė
Anulis
Anulytė
Anusauskaitė
Anusauskas
Anusauskienė
Anusavičienė
Anusavičius
Anusavičiūtė
Anušauskaitė
Anušauskas
Anušauskienė
Anuškevičienė
Anuškevičius
Anuškevičiūtė
Anužienė
Anužis
Anužytė
Anzulović
Apel
Apukaitė
Apukas
Apukienė
Aputienė
Aputis
Aputytė
Apšega
Apšegaitė
Apšegienė
Aramavičienė
Aramavičius
Aramavičiūtė
Araminaitė
Araminas
Araminienė
Arbaitė
Arbas
Arbačiauskaitė
Arbačiauskas
Arbačiauskienė
Arbienė
Arce
Arlauskaitė
Arlauskas
Arlauskienė
Arminaitė
Arminas
Arminienė
Armstrong
Arnašienė
Arnašius
Arnašiūtė
Asevičienė
Asevičius
Asevičiūtė
Aso
Astikaitė
Astikas
Astikienė
Astramskaitė
Astramskas
Astramskienė
Astrauskaitė
Astrauskas
Astrauskienė
Atkočaitienė
Atkočaitis
Atkočaitytė
Atkočiūnas
Atkočiūnienė
Atkočiūnitė
Audzejevičius
Audzevičienė
Audzevičius
Audzevičiūtė
Audzijonienė
Audzijonis
Audzijonytė
Auerbach
Augustaitienė
Augustaitis
Augustaitytė
Augustaitė
Augustas
Augustienė
Augustinaitė
Augustinas
Augustinienė
Augutienė
Augutis
Augutytė
Auryla
Aurylaitė
Aurylienė
Aušra
Aušraitė
Aušrienė
Avižienienė
Avižienis
Avižienytė
Avižonienė
Avižonis
Avižonytė
Ayala
Ačas
Ašmantaitė
Ašmantas
Ašmantienė
Ašmienė
Ašmys
Ašmytė
Ažubalis
Baguška
Balsienė
Baltraitienė
Balčytis
Barakauskas
Baranauskas
Baškienė
Bašys
Bekintienė
Bernatonis
Blinkevičiūtė
Bobelis
Bogušis
Boreikienė
Bosas
Bradauskas
Bucevičius
Bukauskas
Butkevičius
Bužinskas
Babilienė
Babilius
Babiliūtė
Babkauskaitė
Babkauskas
Babkauskienė
Babrauskaitė
Babrauskas
Babrauskienė
Babravičienė
Babravičius
Babravičiūtė
Bacevičienė
Bacevičius
Bacevičiūtė
Bacon
Bagdanavičienė
Bagdanavičius
Bagdanavičiūtė
Bagdonaitė
Bagdonas
Bagdonavičienė
Bagdonavičius
Bagdonavičiūtė
Bagdonienė
Bagdžienė
Bagdžius
Bagdžiūtė
Baginskaitė
Baginskas
Baginskienė
Bagočienė
Bagočius
Bagočiūtė
Bajerčienė
Bajerčius
Bajerčiūtė
Bajoraitienė
Bajoraitis
Bajoraitytė
Bajoraitė
Bajoras
Bajorienė
Bakaitienė
Bakaitis
Bakaitytė
Bakaitė
Bakas
Bakienė
Bakšienė
Bakšys
Bakšytė
Bakūnaitė
Bakūnas
Bakūnienė
Balaišienė
Balaišis
Balaišytė
Balakauskaitė
Balakauskas
Balakauskienė
Balandienė
Balandis
Balandytė
Balašaitienė
Balašaitis
Balašaitytė
Baldauskaitė
Baldauskas
Baldauskienė
Baldžienė
Baldžius
Baldžiūtė
Baleišienė
Baleišis
Baleišytė
Balevičienė
Balevičius
Balevičiūtė
Balinskienė
Balinskis
Balinskytė
Balkauskaitė
Balkauskas
Balkauskienė
Balkevičienė
Balkevičius
Balkevičiūtė
Balsienė
Balsys
Balsytė
Baltakienė
Baltakis
Baltakytė
Baltramaitienė
Baltramaitis
Baltramaitytė
Baltramiejūnaitė
Baltramiejūnas
Baltramiejūnienė
Baltrušaitienė
Baltrušaitis
Baltrušaitytė
Baltrūnaitė
Baltrūnas
Baltrūnienė
Baltuonienė
Baltuonis
Baltuonytė
Baltušienė
Baltušis
Baltuška
Baltuškaitė
Baltuškienė
Baltušnikaitė
Baltušnikas
Baltušnikienė
Baltušytė
Baltūsienė
Baltūsis
Baltūsytė
Baluodienė
Baluodis
Baluodytė
Balutienė
Balutis
Balutytė
Balvočienė
Balvočius
Balvočiūtė
Balčiauskaitė
Balčiauskas
Balčiauskienė
Balčienė
Balčikonienė
Balčikonis
Balčikonytė
Balčius
Balčiūnaitė
Balčiūnas
Balčiūnienė
Balčiūtė
Balčytienė
Balčytis
Balčytytė
Banaitienė
Banaitis
Banaitytė
Bancevičienė
Bancevičius
Bancevičiūtė
Banevičienė
Banevičius
Banevičiūtė
Banionienė
Banionis
Banionytė
Baniulienė
Baniulis
Baniulytė
Barakauskaitė
Barakauskas
Barakauskienė
Baranauskaitė
Baranauskas
Baranauskienė
Baranovaitė
Baranovas
Baranovienė
Barasa
Barasaitė
Barasienė
Barauskaitė
Barauskas
Barauskienė
Baravykaitė
Baravykas
Baravykienė
Bareikienė
Bareikis
Bareikytė
Barevičienė
Barevičius
Barevičiūtė
Barkauskaitė
Barkauskas
Barkauskienė
Baronaitė
Baronas
Baronienė
Barsteiga
Barsteigaitė
Barsteigienė
Bartkienė
Bartkus
Bartkutė
Bartulienė
Bartulis
Bartulytė
Bartusevičienė
Bartusevičiūtė
Bartusevičus
Barysaitė
Barysas
Barysienė
Barčaitė
Barčas
Barčienė
Baršauskaitė
Baršauskas
Baršauskienė
Barštienė
Barštys
Barštytė
Basanavičienė
Basanavičius
Basanavičiūtė
Bastienė
Bastys
Bastytė
Baubinaitė
Baubinas
Baubinienė
Baublienė
Baublys
Baublytė
Bauer
Baušienė
Baušys
Baušytė
Baužienė
Baužys
Baužytė
Bačkienė
Bačkis
Bačkytė
Beišienė
Beišys
Beišytė
Bekerienė
Bekeris
Bekerytė
Belaitė
Belas
Belevičienė
Belevičius
Belevičiūtė
Belienė
Belkevičienė
Belkevičius
Belkevičiūtė
Bendikaitė
Bendikas
Bendikienė
Benetienė
Benetis
Benetytė
Beniušienė
Beniušis
Beniušytė
Berentaitė
Berentas
Berentienė
Beresnevičienė
Beresnevičius
Beresnevičiūtė
Bergaitė
Bergas
Bergienė
Beriozovaitė
Beriozovas
Beriozovienė
Berkmanaitė
Berkmanas
Berkmanienė
Bernatonienė
Bernatonis
Bernatonytė
Bernotaitė
Bernotas
Bernotienė
Bertašienė
Bertašius
Bertašiūtė
Bertulienė
Bertulis
Bertulytė
Beržanskienė
Beržanskis
Beržanskytė
Beržinienė
Beržinis
Beržinytė
Bialozoraitė
Bialozoras
Bialozorienė
Bieliakaitė
Bieliakas
Bieliakienė
Bieliauskaitė
Bieliauskas
Bieliauskienė
Bielinienė
Bielinis
Bielinytė
Bieliukaitė
Bieliukas
Bieliukienė
Bielskienė
Bielskis
Bielskus
Bielskutė
Bielskytė
Bilevičienė
Bilevičius
Bilevičiūtė
Bimba
Bimbaitė
Bimbienė
Birbilaitė
Birbilas
Birbilienė
Birgelienė
Birgelis
Birgelytė
Birieta
Birietaitė
Birietienė
Birinčikaitė
Birinčikas
Birinčikienė
Birutienė
Birutis
Birutytė
Biržiška
Biržiškaitė
Biržiškienė
Biržiškis
Biržiškytė
Biskienė
Biskys
Biskytė
Bistrickaitė
Bistrickas
Bistrickienė
Bitaitė
Bitienė
Bitinaitė
Bitinas
Bitinienė
Bitvinskaitė
Bitvinskas
Bitvinskienė
Bitė
Biveinienė
Biveinis
Biveinytė
Bizauskaitė
Bizauskas
Bizauskienė
Biziulevičienė
Biziulevičius
Biziulevičiūtė
Bičiūnaitė
Bičiūnas
Bičiūnienė
Bičkauskaitė
Bičkauskas
Bičkauskienė
Bižokaitė
Bižokas
Bižokienė
Blažaitienė
Blažaitis
Blažaitytė
Blaževičienė
Blaževičius
Blaževičiūtė
Blažienė
Blažys
Blažytė
Blinstrubaitė
Blinstrubas
Blinstrubienė
Bliūdžius
Bliūdžiuvienė
Bliūdžiūtė
Blotnaitė
Blotnas
Blotnienė
Bloznelienė
Bloznelis
Bloznelytė
Bložaitė
Bložienė
Bložė
Blūšienė
Blūšius
Blūšiūtė
Bobadilla
Bobelienė
Bobelis
Bobelytė
Bogdanovičienė
Bogdanovičius
Bogdanovičiūtė
Boguševičienė
Boguševičius
Boguševičiūtė
Boka
Borisevičienė
Borisevičius
Borisevičiūtė
Bortkevičienė
Bortkevičius
Bortkevičiūtė
Boruta
Borutaitė
Borutienė
Bosaitė
Bosas
Bosienė
Bowie
Boyd
Božimovskienė
Božimovskis
Božimovskytė
Bradauskaitė
Bradauskas
Bradauskienė
Bradūnaitė
Bradūnas
Bradūnienė
Brakaitė
Brakas
Brakienė
Brazaitė
Brazauskaitė
Brazauskas
Brazauskienė
Brazdžaitė
Brazdžius
Brazdžiuvienė
Brazienė
Brazis
Braziulaitė
Braziulienė
Braziulis
Brazys
Brazytė
Bražinskaitė
Bražinskas
Bražinskienė
Bražėnaitė
Bražėnas
Bražėnienė
Bridžienė
Bridžius
Bridžiūtė
Briedienė
Briedis
Briedytė
Brizgienė
Brizgys
Brizgytė
Broga
Brogaitė
Brogienė
Brown
Brukaitė
Brukas
Brukienė
Bruožienė
Bruožis
Bruožytė
Bružaitė
Bružas
Bružienė
Brėdikienė
Brėdikis
Brėdikytė
Bubnienė
Bubnys
Bubnytė
Bubulienė
Bubulis
Bubulytė
Budnaitė
Budnas
Budnienė
Budnikaitė
Budnikas
Budnikienė
Budreika
Budreikaitė
Budreikienė
Budrevičienė
Budrevičius
Budrevičiūtė
Budrienė
Budrius
Budriūnaitė
Budriūnas
Budriūnienė
Budriūtė
Budrys
Budrytė
Budvytienė
Budvytis
Budvytytė
Buinevičienė
Buinevičius
Buinevičiūtė
Buivydaitė
Buivydas
Buivydienė
Bujanauskaitė
Bujanauskas
Bujanauskienė
Bujauskaitė
Bujauskas
Bujauskienė
Bukauskaitė
Bukauskas
Bukauskienė
Bukelienė
Bukelis
Bukelytė
Bukota
Bukotaitė
Bukotienė
Bulavaitė
Bulavas
Bulavienė
Bulota
Bulotaitė
Bulotienė
Burba
Burbaitė
Burbienė
Burokaitė
Burokas
Burokevičienė
Burokevičius
Burokevičiūtė
Burokienė
Burton
Bush
Butautaitė
Butautas
Butautienė
Buterlevičienė
Buterlevičius
Buterlevičiūtė
Butkevičienė
Butkevičius
Butkevičiūtė
Butkienė
Butkus
Butkutė
Bučinskaitė
Bučinskas
Bučinskienė
Buškevičienė
Buškevičius
Buškevičiūtė
Byron
Bytautaitė
Bytautas
Bytautienė
Byčienė
Byčius
Byčiūtė
Bėkšta
Bėkštaitė
Bėkštienė
Bėčienė
Bėčius
Bėčiutė
Būda
Būdaitė
Būdienė
Būdvytienė
Būdvytis
Būdvytytė
Būčienė
Būčys
Būčytė
Bžostovskienė
Bžostovskis
Bžostovskytė
Bžozovskienė
Bžozovskis
Bžozovskytė
Calderón
Camara
Campbell
Card
Cardozo
Carter
Cartier
Castillo
Castro
Cesiulienė
Cesiulis
Cesiulytė
Chadaravičienė
Chadaravičius
Chadaravičiūtė
Chagall
Chlebinskaitė
Chlebinskas
Chlebinskienė
Chodakauskaitė
Chodakauskas
Chodakauskienė
Chodkevičienė
Chodkevičius
Chodkevičiūtė
Chodzka
Chodzkaitė
Chodzkienė
Cholina
Chominskienė
Chominskis
Chominskytė
Ciapinskienė
Ciapinskis
Ciapinskytė
Cibulskaitė
Cibulskas
Cibulskienė
Cibulskis
Cibulskytė
Cicėnaitė
Cicėnas
Cicėnienė
Cimkauskaitė
Cimkauskas
Cimkauskienė
Ciparienė
Ciparis
Ciparytė
Cipelienė
Cipelis
Cipelytė
Cirtautaitė
Cirtautas
Cirtautienė
Ciunienė
Ciunis
Ciunytė
Civilka
Civilkaitė
Civilkienė
Civinskaitė
Civinskas
Civinskienė
Clark
Cohen
Cole
Collins
Conrad
Cook
Cooper
Cori
Costa
Cretu
Cruz
Curie
Cvirka
Cvirkaitė
Cvirkienė
Córdoba
Dagys
Daukšys
Dautartas
Degutienė
Domarkas
Draugelis
Dumčius
Dabrila
Dabrilaitė
Dabrilienė
Dabulskienė
Dabulskis
Dabulskytė
Dagienė
Dagilienė
Dagilis
Dagilytė
Dagys
Dagytė
Dailidaitė
Dailidienė
Dailidė
Dainauskaitė
Dainauskas
Dainauskienė
Dainienė
Dainius
Dainiūtė
Dainys
Dainytė
Dalinkevičienė
Dalinkevičius
Dalinkevičiūtė
Dambrauskaitė
Dambrauskas
Dambrauskienė
Damulienė
Damulis
Damulytė
Danielienė
Danielius
Danieliūtė
Danienė
Danilevičienė
Danilevičius
Danilevičiūtė
Danys
Danytė
Dapkienė
Dapkus
Dapkutė
Dapšienė
Dapšys
Dapšytė
Dargienė
Dargis
Dargytė
Darienė
Dariūtė
Daugiala
Daugialaitė
Daugialienė
Daugintienė
Daugintis
Daugintytė
Daugirdaitė
Daugirdas
Daugirdienė
Dauguvietienė
Dauguvietis
Dauguvietytė
Daugėla
Daugėlaitė
Daugėlienė
Daujotaitė
Daujotas
Daujotienė
Daujotis
Daujotytė
Daukantaitė
Daukantas
Daukantienė
Dauknienė
Dauknys
Dauknytė
Daukša
Daukšaitė
Daukšas
Daukšienė
Daukšys
Daukšytė
Daumantaitė
Daumantas
Daumantienė
Daunienė
Daunora
Daunoraitė
Daunoras
Daunorienė
Daunys
Daunytė
David
Davienė
Davis
Davytė
Degen
Degutienė
Degutis
Degutytė
Delgado
Deltuva
Deltuvaitė
Deltuvienė
Dembskienė
Dembskis
Dembskytė
Dereškevičienė
Dereškevičius
Dereškevičiūtė
Derkintienė
Derkintis
Derkintytė
Devenienė
Devenis
Devenytė
Diarra
Diawara
Dickinson
Didžgalvienė
Didžgalvis
Didžgalvytė
Didžiokaitė
Didžiokas
Didžiokienė
Didžiulienė
Didžiulis
Didžiulytė
Dienienė
Dienys
Dienytė
Digrienė
Digrys
Digrytė
Dijokaitė
Dijokas
Dijokienė
Dinas
Dineika
Dineikaitė
Dineikienė
Dirgėla
Dirgėlaitė
Dirgėlienė
Dirsienė
Dirsytė
Dirsė
Dluskienė
Dluskis
Dluskytė
Dmachauskaitė
Dmachauskas
Dmachauskienė
Dobilaitė
Dobilas
Dobilienė
Dobkevičienė
Dobkevičius
Dobkevičiūtė
Dobužinskienė
Dobužinskis
Dobužinskytė
Domarkaitė
Domarkas
Domarkienė
Dombrovskienė
Dombrovskis
Dombrovskytė
Doniela
Donielaitė
Donielienė
Dorohostaiskienė
Dorohostaiskis
Dorohostaiskytė
Dovydėnaitė
Dovydėnas
Dovydėnienė
Drake
Draugelienė
Draugelis
Draugelytė
Drazdauskaitė
Drazdauskas
Drazdauskienė
Dringelienė
Dringelis
Dringelytė
Dromantaitė
Dromantas
Dromantienė
Druktenienė
Druktenis
Druktenytė
Drunga
Drungaitė
Drungienė
Dubickaitė
Dubickas
Dubickienė
Dudėnaitė
Dudėnas
Dudėnienė
Dulkaitė
Dulkienė
Dulkė
Dumbliauskaitė
Dumbliauskas
Dumbliauskienė
Dumbrava
Dumbravaitė
Dumbravienė
Dumčienė
Dumčius
Dumčiūtė
Duncan
Dundulienė
Dundulis
Dundulytė
Durant
Dvaranauskaitė
Dvaranauskas
Dvaranauskienė
Dvarionaitė
Dvarionas
Dvarionienė
Dyncenhoferis
Díaz
Džiaukštaitė
Džiaukštas
Džiaukštienė
Endzinas
Eidukaitienė
Eidukaitis
Eidukaitytė
Eidukaitė
Eidukas
Eidukienė
Eigirdaitė
Eigirdas
Eigirdienė
Eimutienė
Eimutis
Eimutytė
Eitminavičienė
Eitminavičius
Eitminavičiūtė
Eitutavičienė
Eitutavičius
Eitutavičiūtė
Endriukaitienė
Endriukaitis
Endriukaitytė
Eriksonas
Ežerskienė
Ežerskis
Ežerskytė
Faye
Fedaravičienė
Fedaravičius
Fedaravičiūtė
Felton
Ferdinand
Fernández
Ferrari
Ferreira
Feuerbach
Fischer
Fitzgerald
Fledžinskaitė
Fledžinskas
Fledžinskienė
Fonseca
Ford
Franckaitienė
Franckaitis
Franckaitytė
Franco
Franklin
Frykaitė
Frykas
Frykienė
Fukuda
Funkaitė
Funkas
Funkienė
Gaižutis
Galvonas
Garbaravičius
Gedvilas
Girdauskas
Glaveckas
Graužinienė
Gražulis
Grubliauskas
Gabrienė
Gabrys
Gabrytė
Gabšienė
Gabšys
Gabšytė
Gadeikienė
Gadeikis
Gadeikytė
Gadliauskaitė
Gadliauskas
Gadliauskienė
Gadonaitė
Gadonas
Gadonienė
Gaidienė
Gaidys
Gaidytė
Gailevičienė
Gailevičius
Gailevičiūtė
Gailienė
Gailiušienė
Gailiušis
Gailiušytė
Gailiūnaitė
Gailiūnas
Gailiūnienė
Gailys
Gailytė
Gaičiūnaitė
Gaičiūnas
Gaičiūnienė
Gaižauskaitė
Gaižauskas
Gaižauskienė
Galaunaitė
Galaunienė
Galaunė
Galdikaitė
Galdikas
Galdikienė
Galinienė
Galinis
Galinytė
Galminaitė
Galminas
Galminienė
Galvanauskaitė
Galvanauskas
Galvanauskienė
Galvydienė
Galvydis
Galvydytė
Gamarra
Gapšienė
Gapšys
Gapšytė
García
Gargasaitė
Gargasas
Gargasienė
Garmienė
Garmus
Garmutė
Garška
Garškaitė
Garškienė
Garšva
Garšvaitė
Garšvienė
Gascevičienė
Gascevičius
Gascevičiūtė
Gasiūnaitė
Gasiūnas
Gasiūnienė
Gasol
Gasparaitienė
Gasparaitis
Gasparaitytė
Gates
Gaudiešienė
Gaudiešius
Gaudiešiūtė
Gaučienė
Gaučys
Gaučytė
Gavelienė
Gavelis
Gavelytė
Gaška
Gaškaitė
Gaškienė
Gecevičienė
Gecevičius
Gecevičiūtė
Gedvila
Gedvilaitė
Gedvilas
Gedvilienė
Gefenaitė
Gefenas
Gefenienė
Geleževičienė
Geleževičius
Geleževičiūtė
Gendrolienė
Gendrolis
Gendrolytė
Genienė
Geniušaitė
Geniušas
Geniušienė
Genys
Genytė
Germanaitė
Germanas
Germanienė
Gerrard
Gerulienė
Gerulis
Gerulytė
Gečienė
Gečys
Gečytė
Geštautaitė
Geštautas
Geštautienė
Giedraitienė
Giedraitis
Giedraitytė
Giedrienė
Giedrimaitė
Giedrimas
Giedrimienė
Giedrius
Giedriūtė
Giedrys
Giedrytė
Gilienė
Gilys
Gilytė
Gineika
Gineikaitė
Gineikienė
Gineitienė
Gineitis
Gineitytė
Ginevičienė
Ginevičius
Ginevičiūtė
Giniotienė
Giniotis
Giniotytė
Gintalaitė
Gintalas
Gintalienė
Gintautaitė
Gintautas
Gintautienė
Ginzburgaitė
Ginzburgas
Ginzburgienė
Gira
Giraitienė
Giraitis
Giraitytė
Giraitė
Girdauskaitė
Girdauskas
Girdauskienė
Girdenienė
Girdenis
Girdenytė
Girdvainienė
Girdvainis
Girdvainytė
Girdzijauskaitė
Girdzijauskas
Girdzijauskienė
Girienė
Girnienė
Girnius
Girniūtė
Girštautaitė
Girštautas
Girštautienė
Goebbels
Gogh
Golokvoščienė
Golokvoščius
Golokvoščiūtė
Goltz
González
Gonçalves
Gordon
Gore
Gorskienė
Gorskis
Gorskytė
Gosievskienė
Gosievskis
Gosievskytė
Goya
Goštautaitė
Goštautas
Goštautienė
Grabauskaitė
Grabauskas
Grabauskienė
Gradeckaitė
Gradeckas
Gradeckienė
Graičiūnaitė
Graičiūnas
Graičiūnienė
Grajauskaitė
Grajauskas
Grajauskienė
Grant
Gravrogkaitė
Gravrogkas
Gravrogkienė
Gray
Graževičienė
Graževičius
Graževičiūtė
Gražulienė
Gražulis
Gražulytė
Greimaitė
Greimas
Greimienė
Greičius
Greičiutė
Greičiuvienė
Greičiūnaitė
Greičiūnas
Greičiūnienė
Gricienė
Gricius
Griciutė
Griffin
Grigaitienė
Grigaitis
Grigaitytė
Grigaliūnaitė
Grigaliūnas
Grigaliūnienė
Griganavičienė
Griganavičius
Griganavičiūtė
Grigonienė
Grigonis
Grigonytė
Grigorianaitė
Grigorianas
Grigorianienė
Grikevičienė
Grikevičius
Grikevičiūtė
Grincevičienė
Grincevičius
Grincevičiūtė
Grinienė
Grinius
Grinkevičienė
Grinkevičius
Grinkevičiūtė
Grinytė
Griškevičienė
Griškevičius
Griškevičiūtė
Griškonienė
Griškonis
Griškonytė
Grosaitė
Grosas
Grosienė
Grušaitė
Grušas
Grušienė
Grybauskaitė
Grybauskas
Grybauskienė
Gudaitienė
Gudaitis
Gudaitytė
Gudaitė
Gudas
Gudauskaitė
Gudauskas
Gudauskienė
Gudavičienė
Gudavičius
Gudavičiūtė
Gudelienė
Gudelis
Gudelytė
Gudienė
Gudynaitė
Gudynas
Gudynienė
Gumuliauskaitė
Gumuliauskas
Gumuliauskienė
Guobienė
Guobys
Guobytė
Gureckaitė
Gureckas
Gureckienė
Gurskaitė
Gurskas
Gurskienė
Gusevaitė
Gusevas
Gusevienė
Gustaitienė
Gustaitis
Gustaitė
Gustavsonas
Gustavsovaitė
Gustavsovienė
Gutauskaitė
Gutauskas
Gutauskienė
Gutiérrez
Gutmanaitė
Gutmanas
Gutmanienė
Guzevičienė
Guzevičius
Guzevičiūtė
Guzmán
Gučaitė
Gučas
Gučienė
Gužaitė
Gužas
Gužienė
Gyan
Gylienė
Gylys
Gylytė
Haase
Hardy
Harris
Harrison
Harvey
Hawkins
Hayden
Hayek
Henry
Holiakaitė
Holiakas
Holiakienė
Ivanauskas
Ivanauskaitė
Ivanauskas
Ivanauskienė
Jagminas
Jakavonis
Jakučionis
Jankauskas
Jaruševičius
Juknevičienė
Juozapaitis
Juršėnas
Jakavičienė
Jakavičius
Jakavičiūtė
Jakubėnaitė
Jakubėnas
Jakubėnienė
Jakštaitė
Jakštas
Jakštienė
Janavičienė
Janavičius
Janavičiūtė
Jankauskaitė
Jankauskas
Jankauskienė
Janonienė
Janonis
Janonytė
Januška
Januškaitė
Januškienė
Jaraitė
Jaras
Jarienė
Jasaitienė
Jasaitis
Jasaitytė
Jasenauskaitė
Jasenauskas
Jasenauskienė
Jaskelevičienė
Jaskelevičius
Jaskelevičiūtė
Jaunienė
Jaunius
Jauniūtė
Javtokaitė
Javtokas
Javtokienė
Jašinskaitė
Jašinskas
Jašinskienė
Jelskienė
Jelskis
Jelskytė
Jonušaitė
Jonušas
Jonušienė
Jovaiša
Jovaišaitė
Jovaišas
Jovaišienė
Jucevičienė
Jucevičius
Jucevičiūtė
Jukna
Juknaitė
Juknevičienė
Juknevičius
Juknevičiūtė
Juknienė
Juodienė
Juodis
Juodka
Juodkaitė
Juodkienė
Juodytė
Juozapaitienė
Juozapaitis
Juozapaitė
Juozapavičienė
Juozapavičius
Juozapavičiūtė
Jurevičienė
Jurevičius
Jurevičiūtė
Jurkevičienė
Jurkevičius
Jurkevičiūtė
Jurkūnaitė
Jurkūnas
Jurkūnienė
Juzėnaitė
Juzėnas
Juzėnienė
Juška
Juškaitė
Juškienė
Kamblevičius
Karbauskis
Karosas
Karpickienė
Kašėta
Kirkilas
Klumbys
Kubilius
Kupčinskas
Kairienė
Kairys
Kairytė
Kajackaitė
Kajackas
Kajackienė
Kajeckaitė
Kajeckas
Kajeckienė
Kalvaitienė
Kalvaitis
Kalvaitytė
Kaminskaitė
Kaminskas
Kaminskienė
Kaniava
Kaniavaitė
Kaniavienė
Karabinaitė
Karabinas
Karabinienė
Karosaitė
Karosas
Karosienė
Karvelienė
Karvelis
Karvelytė
Kasakaitienė
Kasakaitis
Kasakaitytė
Katilienė
Katilius
Katiliūtė
Katinaitė
Katinas
Katinienė
Katkevičienė
Katkevičius
Katkevičiūtė
Kavaliauskaitė
Kavaliauskas
Kavaliauskienė
Kazakevičienė
Kazakevičius
Kazakevičiūtė
Kazlauskaitė
Kazlauskas
Kazlauskienė
Kazėnaitė
Kazėnas
Kazėnienė
Kačinskaitė
Kačinskas
Kačinskienė
Kašėta
Kašėtaitė
Kašėtienė
Kernagienė
Kernagis
Kernagytė
Klimaitė
Klimas
Klimavičienė
Klimavičius
Klimavičiūtė
Klimienė
Komskienė
Komskis
Komskytė
Kosakovskienė
Kosakovskis
Kosakovskytė
Kovaitė
Kovas
Kovienė
Krasauskaitė
Krasauskas
Krasauskienė
Kriaučiūnaitė
Kriaučiūnas
Kriaučiūnienė
Krikštopaitienė
Krikštopaitis
Krikštopaitytė
Kriščiūnaitė
Kriščiūnas
Kriščiūnienė
Kubilienė
Kubilius
Kubiliutė
Kudirka
Kudirkaitė
Kudirkienė
Kudzienė
Kudzys
Kudzytė
Kundrotaitė
Kundrotas
Kundrotienė
Kuprevičienė
Kuprevičius
Kuprevičiūtė
Kurtinaitienė
Kurtinaitis
Kurtinaitytė
Kuzmickaitė
Kuzmickas
Kuzmickienė
Kuzminskaitė
Kuzminskas
Kuzminskienė
Kučinskaitė
Kučinskas
Kučinskienė
Kšanienė
Kūrienė
Kūris
Kūrytė
Lapėnas
Lionginas
Lydeka
Labutienė
Labutis
Labutytė
Lapėnaitė
Lapėnas
Lapėnienė
Lastaitė
Lastas
Lastienė
Laukaitienė
Laukaitis
Laukaitytė
Laurinavičienė
Laurinavičius
Laurinavičiūtė
Levickienė
Levickis
Levickytė
Liepa
Liepaitė
Liepienė
Linkevičienė
Linkevičius
Linkevičiūtė
Lozoraitienė
Lozoraitis
Lozoraitytė
Lukaševičienė
Lukaševičius
Lukaševičiūtė
Lukoševičienė
Lukoševičius
Lukoševičiūtė
Lukšienė
Lukšys
Lukšytė
Margevičienė
Markauskas
Martinkaitienė
Masiulis
Matulas
Matulevičius
Mazuronis
Mikelis
Mikolaitis
Mikutienė
Mikutis
Mogenienė
Monkevičius
Muntianas
Macijauskaitė
Macijauskas
Macijauskienė
Mackevičienė
Mackevičius
Mackevičiūtė
Makauskaitė
Makauskas
Makauskienė
Maksimavičienė
Maksimavičius
Maksimavičiūtė
Makūnaitė
Makūnas
Makūnienė
Malakauskaitė
Malakauskas
Malakauskienė
Malinauskaitė
Malinauskas
Malinauskienė
Mamontovaitė
Mamontovas
Mamontovienė
Marcinkevičienė
Marcinkevičius
Marcinkevičiūtė
Marcinkienė
Marcinkus
Marcinkutė
Markauskaitė
Markauskas
Markauskienė
Markevičienė
Markevičius
Markevičiūtė
Martavičienė
Martavičius
Martavičiūtė
Martinaitienė
Martinaitis
Martinaitytė
Martinkienė
Martinkus
Martinkutė
Martynaitienė
Martynaitis
Martynaitytė
Marčėnaitė
Marčėnas
Marčėnienė
Masiokaitė
Masiokas
Masiokienė
Masionienė
Masionis
Masionytė
Masiulienė
Masiulis
Masiulytė
Matonienė
Matonis
Matonytė
Matulaitienė
Matulaitis
Matulaitytė
Matulevičienė
Matulevičius
Matulevičiūtė
Mačienė
Mačiulienė
Mačiulis
Mačiulytė
Mačys
Mačytė
Mažeika
Mažeikaitė
Mažeikienė
Merkienė
Merkys
Merkytė
Mickevičienė
Mickevičius
Mickevičiūtė
Mikalauskaitė
Mikalauskas
Mikalauskienė
Mikelionienė
Mikelionis
Mikelionytė
Miknienė
Miknius
Mikniūtė
Mikulėnaitė
Mikulėnas
Mikulėnienė
Mikutavičienė
Mikutavičius
Mikutavičiūtė
Mikėnaitė
Mikėnas
Mikėnienė
Mikšienė
Mikšys
Mikšytė
Milašienė
Milašius
Milašiūtė
Miliauskaitė
Miliauskas
Miliauskienė
Misiūnaitė
Misiūnas
Misiūnienė
Mišeikienė
Mišeikis
Mišeikytė
Miškinienė
Miškinis
Miškinytė
Mockienė
Mockus
Mockutė
Montvila
Montvilaitė
Montvilienė
Navickas
Nagurskienė
Nagurskis
Nagurskytė
Narbekovaitė
Narbekovas
Narbekovienė
Narbutaitė
Narbutas
Narbutienė
Narkevičienė
Narkevičius
Narkevičiūtė
Naujokaitė
Naujokas
Naujokienė
Nausėda
Nausėdaitė
Nausėdienė
Navickaitė
Navickas
Navickienė
Navickis
Navickytė
Navikaitė
Navikas
Navikienė
Nekrašaitė
Nekrašas
Nekrašienė
Nekrošienė
Nekrošius
Nekrošiūtė
Noreika
Noreikaitė
Noreikienė
Norkienė
Norkus
Norkutė
Normantaitė
Normantas
Normantienė
Olekas
Orechov
Oginskienė
Oginskis
Oginskytė
Ožalaitė
Ožalas
Ožalienė
Pabedinskas
Padaiga
Palaitis
Paleckis
Palionis
Paulauskas
Pauža
Pavilionienė
Pavilionis
Pekeliūnas
Petrauskienė
Pečeliūnas
Pinskus
Pitrėnienė
Počikovska
Prudnikovas
Prunskienė
Pupinis
Pakalnienė
Pakalnis
Pakalniškienė
Pakalniškis
Pakalniškytė
Pakalnytė
Paleckienė
Paleckis
Paleckytė
Palionienė
Palionis
Palionytė
Palubinskaitė
Palubinskas
Palubinskienė
Paplauskaitė
Paplauskas
Paplauskienė
Paukštienė
Paukštys
Paukštytė
Paulauskaitė
Paulauskas
Paulauskienė
Petkevičienė
Petkevičius
Petkevičiūtė
Petraitienė
Petraitis
Petraitytė
Petrauskaitė
Petrauskas
Petrauskienė
Petrikaitė
Petrikas
Petrikienė
Petrulienė
Petrulis
Petrulytė
Petruškevičienė
Petruškevičius
Petruškevičiūtė
Plečkaitienė
Plečkaitis
Plečkaitytė
Pocienė
Pocius
Pociutė
Povilaitienė
Povilaitis
Povilaitytė
Povilionienė
Povilionis
Povilionytė
Poškienė
Poškus
Poškutė
Pranaitienė
Pranaitis
Pranaitytė
Pranckevičienė
Pranckevičius
Pranckevičiūtė
Prapiestienė
Prapiestis
Prapiestytė
Purvinienė
Purvinis
Purvinytė
Ramanauskas
Ramonas
Razma
Remeika
Rimas
Rinkevičius
Ropė
Rozova
Raila
Railaitė
Railienė
Rajeckaitė
Rajeckas
Rajeckienė
Rakauskaitė
Rakauskas
Rakauskienė
Ramanauskaitė
Ramanauskas
Ramanauskienė
Račkauskaitė
Račkauskas
Račkauskienė
Rimdžienė
Rimdžius
Rimdžiūtė
Rimkienė
Rimkus
Rimkutė
Rimša
Rimšaitė
Rimšienė
Rinkevičienė
Rinkevičius
Rinkevičiūtė
Romanovaitė
Romanovas
Romanovienė
Rudienė
Rudys
Rudytė
Rutkauskaitė
Rutkauskas
Rutkauskienė
Ruškienė
Ruškys
Ruškytė
Sabatauskas
Sabutis
Sadeckas
Salamakinas
Saulis
Sereika
Simulik
Sivickis
Skardžius
Smetona
Stankevič
Staponkienė
Starkevičius
Stasiškis
Steiblienė
Steponavičius
Subačius
Sysas
Sabaliauskaitė
Sabaliauskas
Sabaliauskienė
Sadauskaitė
Sadauskas
Sadauskienė
Sakalauskaitė
Sakalauskas
Sakalauskienė
Samulevičienė
Samulevičius
Samulevičiūtė
Sasnauskaitė
Sasnauskas
Sasnauskienė
Selemenavičienė
Selemenavičius
Selemenavičiūtė
Seniūnaitė
Seniūnas
Seniūnienė
Senkiene
Senkus
Senkutė
Simonavičienė
Simonavičius
Simonavičiūtė
Simutienė
Simutis
Simutytė
Sinkevičienė
Sinkevičius
Sinkevičiūtė
Slavinskaitė
Slavinskas
Slavinskienė
Sokaitė
Sokas
Sokienė
Songaila
Songailaitė
Songailienė
Stanevičienė
Stanevičius
Stanevičiūtė
Stanišauskaitė
Stanišauskas
Stanišauskienė
Stankevičienė
Stankevičius
Stankevičiūtė
Stankūnaitė
Stankūnas
Stankūnienė
Stasiūnaitytė
Stasiūnas
Stasiūnienė
Staškevičienė
Staškevičius
Staškevičiūtė
Staškienė
Staškus
Staškutė
Steponavičienė
Steponavičius
Steponavičiūtė
Stonienė
Stonkienė
Stonkus
Stonkutė
Stonys
Stonytė
Strazdaitė
Strazdas
Strazdienė
Sutkienė
Sutkus
Sutkutė
Teišerskytė
Tomaševski
Turčinskas
Taminskaitė
Taminskas
Taminskienė
Tamošauskaitė
Tamošauskas
Tamošauskienė
Tamulienė
Tamulis
Tamulytė
Taranda
Tarandaitė
Tarandienė
Tiškevičienė
Tiškevičius
Tiškevičiūtė
Tonkūnaitė
Tonkūnas
Tonkūnienė
Trečiokaitė
Trečiokas
Trečiokienė
Umbrasienė
Uspaskich
Urbonaitė
Urbonas
Urbonavičienė
Urbonavičius
Urbonavičiūtė
Urbonienė
Uždavinienė
Uždavinys
Uždavinytė
Valionis
Valiukevičiūtė
Vareikis
Venclovas
Vertelienė
Veselka
Vilkas
Visockytė
Volčiok
Vrubliauskas
Vabalaitė
Vabalas
Vabalienė
Vaina
Vainaitė
Vainauskaitė
Vainauskas
Vainauskienė
Vainienė
Vaitkevičienė
Vaitkevičius
Vaitkevičiūtė
Vaitkienė
Vaitkus
Vaitkutė
Vaičienė
Vaičiulienė
Vaičiulis
Vaičiulytė
Vaičius
Vaičiūtė
Valaitienė
Valaitis
Valaitytė
Valiukaitė
Valiukas
Valiukienė
Valiulienė
Valiulis
Valiulytė
Valiūnaitė
Valiūnas
Valiūnienė
Vanagaitė
Vanagas
Vanagienė
Vancevičienė
Vancevičius
Vancevičiūtė
Vansevičienė
Vansevičius
Vansevičiūtė
Variakojienė
Variakojis
Variakojytė
Varnas
Varnienė
Varnytė
Vasiliauskaitė
Vasiliauskas
Vasiliauskienė
Velička
Veličkaitė
Veličkienė
Vidžiūnaitė
Vidžiūnas
Vidžiūnienė
Vijūkaitė
Vijūkas
Vijūkienė
Vilimaitė
Vilimas
Vilimienė
Vilkas
Vilkienė
Vilkytė
Vilčinskaitė
Vilčinskas
Vilčinskienė
Viskanta
Viskantaitė
Viskantienė
Visockaitė
Visockas
Visockienė
Vitkauskaitė
Vitkauskas
Vitkauskienė
Vitkienė
Vitkus
Vitkutė
Vizbaraitė
Vizbaras
Vizbarienė
Vyšniauskaitė
Vyšniauskas
Vyšniauskienė
Vėsaitė
Zingeris
Zinkevičiūtė
Zuokas
Zabiela
Zabielaitė
Zabielienė
Zenkevičienė
Zenkevičius
Zenkevičiūtė
Zigmantaitė
Zigmantas
Zigmantienė
Čaplikas
Čekuolis
Čepas
Čigriejienė
Čilinskas
Čekanavičienė
Čekanavičius
Čekanavičiūtė
Čepulienė
Čepulis
Čepulytė
Šatkauskas
Šiaulienė
Šileikis
Škil
Šukys
Šalkauskienė
Šalkauskis
Šalkauskytė
Šaltenienė
Šaltenis
Šaltenytė
Šarkauskaitė
Šarkauskas
Šarkauskienė
Šatūnaitė
Šatūnas
Šatūnienė
Šaulienė
Šaulys
Šaulytė
Šaučiūnaitė
Šaučiūnas
Šaučiūnienė
Šedbaraitė
Šedbaras
Šedbarienė
Šernaitė
Šernas
Šernienė
Šidlauskaitė
Šidlauskas
Šidlauskienė
Šileikienė
Šileikis
Šileikytė
Šimaitienė
Šimaitis
Šimaitytė
Šimkienė
Šimkus
Šimkutė
Šimkūnaitė
Šimkūnas
Šimkūnienė
Šimonienė
Šimonis
Šimonytė
Šinkūnaitė
Šinkūnas
Šinkūnienė
Šiurienė
Šiurys
Šiurytė
Štaraitė
Štaras
Štarienė
Šulskienė
Šulskis
Šulskytė
Švedaitė
Švedas
Švedienė
Žakaitienė
Žakaris
Žiemelis
Žukauskas
Žvikienė
Žymantas
Žalnerauskaitė
Žalnerauskas
Žalnerauskienė
Žebrauskaitė
Žebrauskas
Žebrauskienė
Želvienė
Želvys
Želvytė
Žemaitienė
Žemaitis
Žemaitytė
Žilienė
Žilinskaitė
Žilinskas
Žilinskienė
Žilys
Žilytė
Žukauskaitė
Žukauskas
Žukauskienė
Žvirblienė
Žvirblis
Žvirblytė
