Abchazija
Abchazijos Respublika
Afganistanas  
Afganistano Islamo Valstybė
Airija  
Airijos Respublika
Alandai  
Alandų salos
Albanija  
Albanijos Respublika
Alžyras
Alžyro Liaudies Demokratinė Respublika
Amerikos Samoa  
Rytų Samoa
Andora  
Andoros Kunigaikštystė
Angilija
Angola
Angolos Respublika
Antarktida
Antarktis
Antigva ir Barbuda  
Argentina
Argentinos Respublika
Armėnija  
Armėnijos Respublika
Aruba  
Australija  
Australijos Sandrauga
Austrija  
Austrijos Respublika
Azerbaidžanas  
Azerbaidžano Respublika
Azorai
Azorų salos
Bahamos
Bahamų Sandrauga
Bahamai
Bahreinas
Bahreino Karalystė
Baltarusija
Baltarusijos Respublika
Gudija
Bangladešas  
Bangladešo Liaudies Respublika
Barbadosas
Belgija
Belgijos Karalystė
Belizas  
Beninas
Benino Respublika
Bermuda  
Bermudai
Bisau Gvinėja
Bisau Gvinėjos Respublika
Bolivija  
Bolivijos Respublika
Bosnija ir Hercegovina
Bosnijos ir Hercegovinos Respublika
Botsvana
Botsvanos Respublika
Brazilija  
Brazilijos Federacinė Respublika
Brunėjus
Brunėjaus Darusalamas
Bulgarija  
Bulgarijos Respublika
Burkina Fasas  
Burundis  
Burundžio Respublika
Norvegija
Buvė
Buvė sala
Butanas  
Butano Karalystė
Centrinės Afrikos Respublika
Čadas  
Čado Respublika
Čekija
Čekijos Respublika
Čilė  
Čilės Respublika
Danija  
Danijos Karalystė
Didžiosios Britanijos Mergelių salos
Mergelių salos
Dominika
Dominikos Sandrauga
Dominikos Respublika
Dramblio Kaulo Krantas  
Dramblio Kaulo Kranto Respublika
Kot d'Ivuaras
Džersis
Džibutis
Džibučio Respublika
Egiptas
Egipto Arabų Respublika
Ekvadoras
Ekvadoro Respublika
Eritrėja  
Estija  
Estijos Respublika
Etiopija
Abisinija
Etiopijos Federacinė Demokratinė Respublika
Falklando salos
Malvinų salos
Farerų salos  
Farerai
Fidžis
Fidžio Salų Respublika
Filipinai
Filipinų Respublika
Gabonas
Gabono Respublika
Gajana
Gajanos Respublika
Gambija  
Gambijos Respublika
Gana  
Ganos Respublika
Gernsis  
Gibraltaras
Graikija
Graikijos Respublika
Grenada
Grenlandija
Gruzija
Guamas  
Gvadelupė Gvadelupa  
Gvatemala
Gvatemalos Respublika
Gvinėja  
Gvinėjos Respublika
Haitis  
Haičio Respublika
Herdo ir Makdonaldo salos  
Hondūras
Hondūro Respublika
Honkongas  
Siangangas
Indija  
Indijos Respublika
Indijos vandenyno britų salos
Indonezija  
Indonezijos Respublika
Irakas
Irako Respublika
Iranas
Irano Islamo Respublika
Islandija
Islandijos Respublika
Ispanija  
Ispanijos Karalystė
Italija
Italijos Respublika
Izraelis
Izraelio Valstybė
Jamaika
Japonija  
Jemenas
Jemeno Respublika
Jordanija  
Jordanijos Hašimitų Karalystė
Jungtiniai Arabų Emyratai  
Jungtinė Karalystė
Jungtinė Didžiosios Britanijos ir Šiaurės Airijos Karalystė
Didžioji Britanija
Jungtinės Amerikos Valstijos
JAV
Juodkalnija  
Juodkalnijos Respublika
Kaimanų salos
Kalėdų sala
Kalnų Karabachas  
Kambodža
Kambodžos Karalystė
Kamerūnas  
Kamerūno Respublika
Kanada
Kataras
Kataro Valstybė
Kazachija  
Kazachstano Respublika
Kenija  
Kenijos Respublika
Kinija
Kinijos Liaudies Respublika
Kipras
Kipro Respublika
Kirgizija  
Kirgizijos Respublika
Kirgizstanas
Kiribatis  
Kiribačio Respublika
Kokosų salos
Kilingo salos
Kolumbija  
Kolumbijos Respublika
Komorai
Komorų Federacinė Islamo Respublika
Kongo Demokratinė Respublika
Zairas
Kongas  
Kongo Respublika
Kosovas  
Kosovo Respublika
Kosta Rika
Kosta Rikos Respublika
Kroatija  
Kroatijos Respublika
Kuba
Kubos Respublika
Kuko salos  
Kuveitas
Kuveito Valstybė
Laosas
Laoso Liaudies Demokratinė Respublika
Latvija  
Latvijos Respublika
Lenkija  
Lenkijos Respublika
Lesotas
Lesoto Karalystė
Libanas
Libano Respublika
Liberija  
Liberijos Respublika
Libija  
Libijos Arabų Socialistinė Liaudies Džamahirija
Lichtenšteinas  
Lichtenšteino Kunigaikštytė
Lietuva
Lietuvos Respublika
Liuksemburgas  
Liuksemburgo Didžioji Hercogystė
Majotas  
Makao  
Aomenas
Madagaskaras
Madagaskaro Respublika
Makedonija  
Makedonijos Respublika
Buvusioji Jugoslavijos Respublika Makedonija
Malaizija  
Malavis  
Malavio Respublika
Maldyvai
Maldyvų Respublika
Malis  
Malio Respublika
Malta
Maltos Respublika
Marianos šiaurinės salos  
Marokas
Maroko Karalystė
Martinika
Maršalo salos  
Maršalo Salų Respublika
Mauricijus  
Mauricijaus Respublika
Mauritanija  
Mauritanijos Islamo Respublika
Meksika  
Meksikos Jungtinės Valstijos
Meno sala  
Mergelių salos
Mianmaras
Mianmaro Sąjunga
Birma
Mikronezijos Federacinės Valstijos
Moldavija
Moldovos Respublika
Moldova
Monakas  
Monako Kunigaikštystė
Mongolija  
Montseratas
Mozambikas
Mozambiko Respublika
Namibija  
Namibijos Respublika
Naujoji Kaledonija  
Naujoji Zelandija
Nauru
Nauru Respublika
Nepalas
Nepalo Karalystė
Nyderlandai
Nyderlandų Karalystė
Olandija
Nyderlandų Antilai  
Nigerija  
Nigerijos Federacinė Respublika
Nigeris
Nigerio Respublika
Nikaragva
Nikaragvos Respublika
Niujė
Niujės sala
Norfolkas
Norfolko sala
Norvegija  
Norvegijos Karalystė
Omanas
Omano Sultonatas
Padniestrė
Padniestrės Moldavijos Respublika
Pakistanas
Pakistano Islamo Respublika
Palau
Palau Respublika
Palestina  
Okupuota Palestinos teritorija
Gazos Ruožas
Vakarų Krantas
Palestinos valstybė
Panama
Panamos Respublika
Papua Naujoji Gvinėja  
Paragvajus
Paragvajaus Respublika
Pietų Afrikos Respublika
Pietų Džordžija ir Pietų Sandvičo salos
Pietų Korėja  
Korėjos Respublika
Pietų Osetija  
Pitkerno salos  
Portugalija  
Portugalijos Respublika
Prancūzijos Gviana
Prancūzijos Polinezija  
Prancūzija
Prancūzijos Respublika
Prancūzijos Pietų ir Antarkties sritys
Puerto Rikas
Pusiaujo Gvinėja  
Pusiaujo Gvinėjos Respublika
Reunionas
Ruanda
Ruandos Respublika
Rumunija  
Rusija
Rusijos Federacija
Rytų Timoras
Saliamono salos
Salvadoras  
Salvadoro Respublika
Samoa
Samoa Nepriklausomoji Valstybė
San Marinas  
San Marino Respublika
San Tomė ir Prinsipė  
San Tomės ir Prinsipės Demokratinė Respublika
Saudo Arabija  
Saudo Arabijos Karalystė
Seišeliai  
Seišelių Respublika
Sen Pjeras ir Mikelonas  
Senegalas
Senegalo Respublika
Sent Kitsas ir Nevis  
Sent Lusija
Sent Vinsentas ir Grenadinai
Serbija  
Serbijos Respublika
Siera Leonė  
Siera Leonės Respublika
Sylendas
Nepriklausomas Sylendo Fortas
Singapūras  
Singapūro Respublika
Sirija  
Sirijos Arabų Respublika
Slovakija  
Slovakijos Respublika
Slovėnija  
Slovėnijos Respublika
Somalis
Somalio Demokratinė Respublika
Somalilandas  
Somalilando Respublika
Sudanas
Sudano Respublika
Suomija
Suomijos Respublika
Surinamas  
Surinamo Respublika
Svalbardas  
Svalbardas ir Jan Mayenas
Svazilandas
Svazilando Karalystė
Šiaurės Korėja  
Korėjos Liaudies Demokratinė Respublika
Šri Lanka
Šri Lankos Demokratinė Socialistinė Respublika
Šventoji Elena  
Šventosios Elenos sala
Švedija  
Švedijos Karalystė
Šveicarija  
Šveicarijos Konfederacija
Tadžikija  
Tadžikistano Respublika
Tadžikistanas
Tailandas  
Tailando Karalystė
Tamil Elamas
Taivanas
Kinijos Respublika
Formoza
Tanzanija  
Tanzanijos Jungtinė Respublika
Terksas ir Kaikosas
Tibetas  
Togas  
Togo Respublika
Tokelau  
Tonga
Tongos Karalystė
Trinidadas ir Tobagas
Trinidado ir Tobago Respublika
Tristanas da Kunja  
Tunisas
Tuniso Respublika
Turkija  
Turkijos Respublika
Turkmėnija
Turkmėnistanas
Turkų Kipras
Šiaurės Kipro Turkų Respublika
Tuvalu
Uganda
Ugandos Respublika
Ukraina
Urugvajus
Urugvajaus Rytų Respublika
Uzbekija
Uzbekistano Respublika
Uzbekistanas
Vakarų Sachara  
Sacharos Arabų Demokratinė Respublika
Vanuatu
Vanuatu Respublika
Vatikanas  
Vatikano Miesto Valstybė
Šventasis Sostas
Velykų sala  
Venesuela
Venesuelos Respublika
Vengrija  
Vengrijos Respublika
Vietnamas
Vietnamo Socialistinė Respublika
Vokietija
Vokietijos Federacinė Respublika
Volisas ir Futuna  
Zambija  
Zambijos Respublika
Zimbabvė
Zimbabvės Respublika
Žaliasis Kyšulys
Žaliojo Kyšulio Respublika
Kabo Verdė
