Abdonas
Abigailė
Abrahimas
Abraomas
Achilas
Ada
Adaira
Adalberta
Adalbertas
Adas
Adauktas
Adelaidė
Adelija
Adelina
Adelita
Adelė
Adeodatas
Adolfa
Adolfas
Adolfina
Adolis
Adomas
Adonis
Adriana
Adrianas
Adrija
Adrijus
Aelita
Afra
Afroditė
Agapitas
Agata
Agatas
Agatonas
Ageda
Agedas
Agilas
Agilė
Agna
Agnetė
Agnietė
Agnija
Agnijus
Agnius
Agnė
Agota
Agrikola
Agripina
Agėjus
Aida
Aidanas
Aidas
Aidis
Aidė
Aina
Ainis
Ainė
Aira
Airida
Airidas
Airidė
Airina
Airinga
Airingas
Airis
Airė
Airūnas
Airūnė
Aistis
Aistė
Aitvaras
Aiva
Aivaras
Akselis
Akvilas
Akvilija
Akvilijus
Akvilina
Akvilinas
Akvilė
Ala
Alanas
Alanta
Alantas
Alba
Albas
Alberta
Albertas
Albertina
Albertinas
Albina
Albinas
Albrechtas
Albutas
Albutė
Alda
Aldas
Aldita
Alditas
Aldona
Aldonas
Aldvinas
Aleksandra
Aleksandras
Aleksas
Aleksys
Aleksė
Aleksėjus
Alenas
Alfa
Alfas
Alfonija
Alfonsa
Alfonsas
Alfonsina
Alfreda
Alfredas
Alfridas
Algauda
Algaudas
Algaudė
Algedas
Algedė
Algimantas
Algimantė
Algina
Alginas
Alginta
Algintas
Algintė
Alginė
Algirda
Algirdas
Algirdė
Algis
Algita
Algitas
Algmina
Algminas
Algvilas
Algvilė
Algė
Alicija
Alida
Alija
Alijus
Alina
Aliodija
Aliona
Alisa
Alius
Alkanta
Alkantas
Alkas
Alkis
Alkmena
Alkmenas
Alla
Alma
Almana
Almanas
Almanta
Almantas
Almantė
Almas
Almeda
Almedas
Almilas
Almilė
Almina
Alminas
Alminta
Almintas
Almintė
Alminė
Almis
Almė
Alna
Alodija
Alodijus
Alona
Alonas
Alondra
Aloyza
Aloyzas
Alsa
Altautas
Aluona
Alva
Alvas
Alvesta
Alvilas
Alvilė
Alvina
Alvinas
Alvita
Alvitas
Alvyda
Alvydas
Alvydė
Alvyra
Alvyras
Alvė
Amalija
Amanda
Amandas
Amarilė
Ambraziejus
Amelija
Amelita
Aminta
Amūras
Ana
Anakletas
Ananda
Anandas
Anastasas
Anastasija
Anastazas
Anastazija
Anastazijus
Anatolija
Anatolijus
Ancelė
Ancė
Andrejus
Andriejus
Andrius
Andromeda
Andrė
Andrėja
Andžela
Andžiejus
Andžėjus
Anelius
Anelė
Angelas
Angelius
Angelė
Angerona
Ania
Aniceta
Anicetas
Anielius
Anielė
Ankantas
Anna
Antanas
Antanina
Antanė
Antas
Antonina
Antoninas
Antosė
Antėjas
Anupras
Anys
Anzelma
Anzelmas
Anzelmina
Anzelminas
Anžela
Anžėjus
Apoferija
Apoferijus
Apolinaras
Apolinarija
Apolonas
Apolonija
Apolonijus
Aramis
Aras
Arbutas
Archeris
Archibaldas
Aretas
Aretė
Argas
Argauda
Argaudas
Argaudė
Arginta
Argintas
Argintė
Argus
Ariadnė
Ariana
Arianas
Ariandas
Arielis
Arielius
Arielė
Arifas
Arijus
Arimantas
Arimantė
Aristida
Aristidas
Aristotelis
Arkadijus
Armandas
Armantas
Armantė
Armida
Armidas
Arminas
Arminė
Armonda
Armondas
Arnas
Arneta
Arnita
Arnoldas
Arnulfas
Arnulpas
Arona
Aronas
Artautas
Artautė
Artekas
Artemidė
Artiomas
Artūras
Arvaida
Arvaidas
Arvaidė
Arvalda
Arvaldas
Arvaldė
Arvila
Arvilas
Arvilė
Arvyda
Arvydas
Arvystas
Arvystė
Arėjas
Arūnas
Arūnė
Asta
Asterija
Asterijus
Astijus
Astra
Astrida
Atalija
Atanazas
Atauta
Atautė
Atlanta
Atlantas
Atėnė
Aubartas
Aubartė
Audangas
Audangė
Audinga
Audingas
Audingė
Audra
Audrinas
Audrius
Audronis
Audronius
Audronė
Audrė
Audrūnė
Augantas
Augantė
Augeda
Augedas
Augenis
Augenė
Augis
Augmantas
Augmantė
Augmilas
Augmilė
Augmina
Augminas
Augraudas
Augraudė
Augtaris
Augtarė
Augusta
Augustas
Augustina
Augustinas
Augustė
Augutis
Augutė
Augvilas
Augvilė
Augvinas
Augvyda
Augvydas
Augė
Augūna
Augūnas
Augūnė
Auksuolė
Auksys
Auksė
Auktumas
Aumantas
Aumantė
Aura
Aurelija
Aurelijus
Aurika
Aurikija
Aurikijus
Aurimas
Aurimė
Aurora
Aurys
Aurė
Aurėja
Ausma
Austra
Austė
Austėja
Aušdangas
Aušdangė
Aušra
Aušrinė
Aušrius
Aušrys
Aušrė
Aušrūna
Aušrūnas
Aušvyda
Aušvydas
Aušvydė
Ašmantas
Ašmantė
Ašvila
Ašvilas
Ašvyda
Ašvydas
Baironas
Baltazaras
Baltenis
Baltenė
Baltramiejus
Baltras
Baltrus
Baltys
Balys
Banga
Bangas
Banguolis
Banguolė
Baniutė
Barbora
Barbė
Bargailas
Bargailė
Barintas
Barintė
Baris
Barkinta
Barkintas
Barkintė
Barmantas
Barmantė
Barnabas
Bartas
Bartautas
Bartautė
Bartenis
Bartenė
Bartimina
Bartminas
Bartolomėja
Bartolomėjas
Bartė
Barvainas
Barvainė
Barvyda
Barvydas
Barvydė
Bazilijus
Bazilė
Beata
Beatas
Beatrisa
Beatrisas
Beatričė
Bebas
Beda
Bedas
Beinora
Beinoras
Beivyda
Beivydas
Bela
Belinda
Benas
Benedikta
Benediktas
Bengtas
Benigna
Benignas
Benita
Benitas
Benius
Benjaminas
Benona
Benonas
Benvenutas
Benė
Berenikė
Bergta
Bergtas
Bergtora
Bergtoras
Beris
Berita
Bernadas
Bernadeta
Bernarda
Bernardas
Bernardina
Bernardinas
Berta
Bertautas
Bertolda
Bertoldas
Bervainas
Bervainė
Beržas
Beta
Bilginas
Bilis
Bilmantas
Bilmantė
Bilmina
Bilminas
Bilvina
Bilvinas
Birenis
Birenė
Birutis
Birutė
Birvyda
Birvydas
Birytė
Bitė
Blanka
Blanša
Blažiejus
Blažys
Bogdanas
Bogumilas
Boleslova
Boleslovas
Bolius
Bona
Bonaventūra
Bonaventūras
Bonifacas
Bonifacija
Bonifacijus
Bonis
Bonita
Bonitas
Bonius
Borisas
Borislova
Borislovas
Božena
Brainas
Brenda
Brendonas
Breta
Bretas
Brigita
Britnė
Bronis
Bronislova
Bronislovas
Bronius
Bronys
Bronė
Brunhilda
Brunona
Brunonas
Budrius
Budrys
Budvilas
Budvilė
Budvyda
Budvydas
Bugailas
Bugaudas
Bugaudė
Bugvilas
Bugvilė
Buivyda
Buivydas
Bukanta
Bukantas
Burgailas
Burgailė
Burkantas
Burkantė
Burtautas
Burtautė
Burvilas
Burvilė
Burvyda
Burvydas
Butautas
Butautė
Butgailas
Butgailė
Butgina
Butginas
Butigeidas
Butigeidis
Butigeidė
Butrimas
Butrimė
Butvilas
Butvilė
Butvyda
Butvydas
Butvydė
Bygailas
Bygailė
Bylius
Bylotas
Bylotė
Bytautas
Bytautė
Byvainas
Byvainė
Cecilija
Cecilijus
Cecilė
Celerina
Celerinas
Celesta
Celestas
Celestina
Celestinas
Celestė
Celijus
Celina
Celsas
Cezarija
Cezarijus
Cezaris
Cezarė
Chavjeras
Chloja
Chorchė
Chosė
Chuanas
Chulijo
Chuljeta
Cilas
Cilė
Dafnė
Dagmara
Dagnis
Dagnius
Dagnė
Dailis
Dailius
Daima
Daina
Dainius
Dainora
Dainoras
Dainota
Dainotas
Dainys
Dainė
Daiva
Daivis
Dalia
Dalija
Dalila
Dalilė
Dalius
Damazas
Damijonas
Damyra
Damyras
Dana
Danas
Dangira
Dangiras
Dangirutis
Dangirutė
Dangius
Danguolis
Danguolė
Dangutė
Dangė
Danielis
Danielius
Danielė
Danutė
Darata
Dargailas
Dargailė
Dargauda
Dargaudas
Darginas
Darginta
Dargintas
Dargintė
Darginė
Dargiris
Dargvilas
Dargvilė
Darija
Darijus
Darius
Darmantas
Darmantė
Darminta
Darmintas
Darmintė
Darutis
Darutė
Darvyda
Darvydas
Dasijus
Dauga
Daugailas
Daugailė
Daugalis
Daugalė
Dauganta
Daugantas
Daugardas
Daugardė
Daugas
Daugauda
Daugaudas
Daugaudė
Daugilas
Daugilė
Daugina
Dauginas
Dauginta
Daugintas
Daugira
Daugiras
Daugirda
Daugirdas
Daugirutis
Daugirutė
Daugvilas
Daugvilė
Daugvyda
Daugvydas
Daugvydė
Daujota
Daujotas
Daumantas
Daumantė
Daumilas
Daumilė
Daunora
Daunoras
Daura
Dausprungas
Dautara
Dautaras
Dautartas
Dautartė
Debora
Deimantas
Deimantė
Deimas
Deimena
Deimilas
Deimilė
Deimina
Deiminas
Deiminta
Deimintas
Deimintė
Deiminė
Deimis
Deimonas
Deimė
Deira
Deividas
Deivilas
Deivilė
Deivis
Deksteris
Delfina
Demetra
Demetras
Demetrija
Demetrijus
Denas
Denisas
Deodata
Deodatas
Devina
Devinas
Deziderijus
Diana
Didonė
Digna
Dilanas
Dima
Dimitrijus
Dina
Dinara
Dinaras
Dingailas
Dingailė
Diodoras
Diomedas
Dionis
Dionyzas
Dirmantas
Dirmantė
Ditė
Dmitrijus
Dobilas
Dobilė
Doloresa
Doma
Domantas
Domantė
Domas
Domicelė
Domicijonas
Domilas
Domilė
Dominga
Domingas
Dominijonas
Dominyka
Dominykas
Domė
Dona
Donalda
Donaldas
Donarda
Donardas
Donata
Donatas
Donatela
Donatilė
Dongas
Donė
Dora
Dorijana
Dorijanas
Dorota
Dorotas
Dorotėja
Dorotėjas
Dorė
Dovaidas
Dovaidė
Dovainas
Dovainis
Dovainė
Dovaldas
Dovaldė
Dovas
Dovilas
Doviltas
Doviltė
Dovilė
Dovinas
Dovinė
Dovydas
Dovė
Dragas
Dravenis
Dravenė
Dravys
Dromantas
Dromantė
Drovydas
Drovydė
Drąsius
Drąsutis
Drąsutė
Dzeusas
Dzintra
Džakas
Džefris
Džekas
Dženifer
Džeraldas
Džilda
Džileta
Džilė
Džiuga
Džiugas
Džiugena
Džiugenis
Džiugenė
Džiugilė
Džiuginta
Džiugintas
Džiugė
Džoana
Džonas
Džonatanas
Džordana
Džordanas
Džordžas
Džovanis
Džulija
Džuljeta
Edena
Edgaras
Edilija
Edita
Edma
Edmundas
Edmundė
Edmutis
Eduardas
Eduardė
Edvardas
Edvina
Edvinas
Efrema
Efremas
Egbertas
Egidija
Egidijus
Egilas
Egilis
Egis
Eglė
Egmontas
Eibartas
Eibartė
Eidimtas
Eidimtė
Eidmantas
Eidmantė
Eidminas
Eidmintas
Eidvilas
Eidvilė
Eigilas
Eigilė
Eiginta
Eigintas
Eigintė
Eigirdas
Eigirdė
Eigmina
Eigminas
Eimantas
Eimantė
Eimina
Eiminas
Eiminta
Eimintas
Eimutis
Eimutė
Einara
Einaras
Einarta
Einartas
Einartė
Einas
Einius
Einora
Einoras
Einorė
Einys
Eirimas
Eirimė
Eismantas
Eismantė
Eisvina
Eisvinas
Eisvydas
Eisvydė
Eisvys
Eisvė
Eitautas
Eitautė
Eitmantas
Eitmantė
Eitvilas
Eitvilė
Eitvydas
Eitvydė
Eivilas
Eivilita
Eivilitas
Eivilitė
Eivilta
Eiviltas
Eiviltė
Eivilė
Eivina
Eivinas
Eivinta
Eivintas
Eivydas
Eivydė
Elada
Eladija
Eladijus
Elana
Elanas
Eldaras
Elena
Eleonora
Elfrida
Elida
Elidijus
Eligas
Eligija
Eligijus
Elijas
Elijotas
Elijus
Elinga
Elingas
Eliotas
Elis
Elius
Eliza
Elma
Elmaras
Elmyra
Elmyras
Elona
Eluna
Elunas
Elverija
Elverijus
Elvina
Elvinas
Elvis
Elvita
Elvitas
Elvudas
Elvyra
Elvyras
Elvė
Elzbieta
Elzė
Elžbieta
Ema
Emanuelis
Emanuelė
Emerencija
Emerikas
Emerita
Emilas
Emilija
Emilijona
Emilijonas
Emilijus
Emilis
Emilė
Emira
Emiras
Engelberta
Engelbertas
Enola
Enolas
Enrika
Enrikas
Enrikis
Enzas
Enzo
Erazma
Erazmas
Erdenis
Erdenė
Erdmas
Erdmis
Erdmė
Erdvilas
Erdvilė
Erika
Erikas
Erlandas
Ermelinda
Erminija
Ernesta
Ernestas
Ernestina
Ernis
Erodas
Eronas
Ervina
Ervinas
Esmeralda
Esmilis
Esmilė
Estela
Estera
Estida
Estrela
Estrėja
Etela
Etmė
Eudemija
Eudemijus
Eudokija
Eudokijus
Eudora
Eufemija
Eufrozija
Eufrozina
Eugenas
Eugenija
Eugenijus
Eugenė
Eulalija
Eulalė
Eularija
Eularijus
Eulogija
Eureka
Eurelijus
Eurika
Eustachas
Eustachijus
Eustakas
Eutalija
Eutalė
Euzebija
Euzebijus
Eva
Evalda
Evaldas
Evangelina
Evaristas
Evaristė
Evelina
Everardas
Evita
Fabija
Fabijolė
Fabijonas
Fabijus
Fajetona
Fajetonas
Fatima
Fausta
Faustas
Faustina
Faustinas
Faustė
Felicija
Felicijonas
Felicijus
Felicisimas
Felicita
Feliksas
Felisitė
Ferdinandas
Feridas
Feridė
Fernanda
Fernandas
Fida
Fidelija
Fidelis
Fidentas
Fidė
Fijona
Filadelfija
Filadelfijus
Filemona
Filemonas
Filomela
Filomena
Filomenas
Fiodoras
Fiona
Firmas
Firmina
Firminas
Flandrija
Flandrijus
Flavija
Flavijus
Flora
Floras
Florenta
Florentas
Florentina
Florentinas
Florijona
Florijonas
Fortūna
Fortūnas
Fortūnata
Fortūnatas
Francas
Frankas
Fredas
Fredis
Frida
Fridas
Fridrika
Fridrikas
Fulgensas
Fulgentas
Gabija
Gabijus
Gabrielis
Gabrielius
Gabrielė
Gabrius
Gabrys
Gabrė
Gaida
Gaila
Gailenis
Gailenė
Gailigedas
Gailigedė
Gailintas
Gailintė
Gailius
Gailutis
Gailutė
Gailė
Gaisva
Gaiva
Gaivilas
Gaivilė
Gaja
Gajus
Galginta
Galgintas
Galgintė
Galia
Galiganta
Galigantas
Galigina
Galiginas
Galiginta
Galigintas
Galiginė
Galiminta
Galimintas
Galimintė
Galina
Galindas
Galindė
Galintas
Galintė
Galius
Galmantas
Galmantė
Galmina
Galminas
Galvirda
Galvirdas
Galvirdė
Galvyda
Galvydas
Galvydė
Galė
Ganimedas
Ganta
Gantas
Gantautas
Gantautė
Gantė
Ganvilas
Ganvilė
Gardenija
Garsė
Gaudencija
Gaudenda
Gaudendas
Gaudenis
Gaudenta
Gaudentas
Gaudenė
Gaudilas
Gaudilė
Gaudrimas
Gaudrimė
Gaudrius
Gaudrys
Gaudrė
Gaudvilas
Gaudvilė
Gaudvina
Gaudvinas
Gaudvyda
Gaudvydas
Gaudvydė
Gedartas
Gedartė
Gedas
Gedautas
Gedautė
Gedenis
Gedenė
Gedeonas
Gedgailas
Gedgailė
Gedganta
Gedgantas
Gedgaudas
Gedgaudė
Gedilas
Gedilė
Gediminas
Gediminė
Gedimtas
Gedimtė
Geditas
Gedmantas
Gedmantė
Gedminas
Gedmintas
Gedmintė
Gedminė
Gedrimas
Gedrimė
Gedvalda
Gedvaldas
Gedvaldė
Gedvarda
Gedvardas
Gedvilas
Gedvilė
Gedvinas
Gedvinė
Gedvyda
Gedvydas
Gedvydė
Gedėtas
Geismantas
Geismantė
Geistautas
Geistautė
Geisvilas
Geisvilė
Geisvyda
Geisvydas
Geisvė
Gelgauda
Gelgaudas
Gelma
Gelmina
Gelminas
Gelminė
Gelmius
Gelmė
Gelvyda
Gelvydas
Gelvydė
Gema
Genadijus
Gendrius
Gendrutis
Gendrutė
Gendrys
Gendrė
Gendvilas
Gendvilė
Genovaitė
Gentvainas
Gentvainė
Gentvila
Genutviltė
Genutvilė
Genutė
Genviltas
Genviltė
Genė
Georgas
Geraldas
Gerardas
Gerasimas
Gerda
Gerdas
Gerdvilas
Gerdvilė
Gerimantas
Gerimantė
Germanas
Germantas
Germantė
Germilas
Germilė
Germinas
Germinė
Gertautas
Gertautė
Gertrūda
Gervazas
Gervyda
Gervydas
Getautas
Getautė
Gevardė
Giedra
Giedrima
Giedrimas
Giedrius
Giedruolis
Giedruolė
Giedrė
Gilanda
Gilas
Gilbertas
Gilda
Gildė
Gilius
Gilmina
Gilminas
Gilminta
Gilmintas
Gilvainas
Gilvainė
Gilvilas
Gilvilė
Gilvina
Gilvinas
Gilvinė
Gilvyda
Gilvydas
Gilvydė
Gina
Ginas
Ginbutas
Ginbutė
Gindvilas
Gindvilė
Gineta
Ginta
Gintara
Gintaras
Gintarė
Gintas
Gintauta
Gintautas
Gintautė
Gintis
Gintvilas
Gintvilė
Gintvyda
Gintvydas
Gintvydė
Gintė
Ginvilas
Ginvilė
Ginvyda
Ginvydas
Ginvydė
Girdenis
Girdenė
Girdutis
Girdutė
Girdvainis
Girdvainė
Girdvilas
Girdvilė
Girdvyda
Girdvydas
Girdvydė
Girenė
Giriotas
Giriotė
Girius
Girkantas
Girkantė
Girmantas
Girmantė
Girmintas
Girmintė
Girstautas
Girstautė
Girtautas
Girtautė
Girtutis
Girvina
Girvinas
Girvydas
Girvydė
Girė
Girėnas
Gitana
Gitanas
Gizela
Gizelė
Gladesė
Gladisė
Glebas
Glorija
Goda
Gomantas
Gomantė
Gordonas
Gostautas
Gostautė
Gotautas
Gotautė
Gotfridas
Gotlibas
Gracija
Gracijonas
Gracijus
Grantas
Grasilda
Grasilė
Gratas
Gražina
Gražvilas
Gražvilė
Gražvyda
Gražvydas
Greta
Gretė
Grigalius
Grigas
Grigorijus
Grintautas
Grintautė
Grinvyda
Grinvydas
Gryta
Grytė
Grėjus
Gulinara
Gulinaras
Gunda
Gundas
Guntilda
Guoda
Guostė
Gustas
Gustautas
Gustautė
Gustava
Gustavas
Gustenė
Gustis
Gustė
Gutautas
Gutautė
Gvidas
Gvidonas
Gvidonija
Gytautas
Gytautė
Gytenis
Gytenė
Gytis
Gytė
Gėja
Haidė
Hamletas
Hana
Hansas
Harada
Haris
Haroldas
Harpija
Hektoras
Helbertas
Helena
Helga
Helianta
Heliodoras
Helmutas
Helė
Henrieta
Henrika
Henrikas
Henris
Heraklis
Heraldas
Herbertas
Herkulis
Herkus
Hermanas
Hermina
Hermiona
Hermis
Herodotas
Hiacinta
Hiacintas
Hilaras
Hilarija
Hilarijus
Hilda
Hildė
Hiliaras
Hiliarijonas
Hiliarijonė
Honorata
Honoratas
Honorijus
Horacijus
Hortenzija
Hubertas
Hugonas
Ibrahimas
Ichtiandras
Ida
Idalija
Idilija
Idrakas
Iduna
Ieva
Iglesija
Iglesijus
Ignacas
Ignacija
Ignacijus
Ignas
Igneta
Ignius
Ignotas
Ignė
Igoris
Ilja
Ilma
Ilona
Ilzė
Ilžė
Imodžena
Imodženas
Ina
Indira
Indraja
Indrajas
Indrija
Indrijas
Indronis
Indronė
Indrė
Inesa
Ineta
Ineza
Inga
Ingeborga
Ingida
Ingmara
Ingmaras
Ingra
Ingramas
Ingras
Ingrida
Ingvaras
Ingė
Inocenta
Inocentas
Ipolitas
Ira
Irena
Irenijus
Irenėjas
Irenėjus
Irina
Irma
Irmantas
Irmantė
Irmgarda
Irmina
Irmė
Irtautas
Irtautė
Irvita
Irūna
Irūnė
Ivanas
Ivas
Iveta
Ivita
Ivona
Ivonas
Izabelė
Izaokas
Izaura
Izidorius
Izolda
Izolina
Jacinta
Jacintas
Jackus
Jadvyga
Jadzė
Janina
Janis
Jankas
Jankus
Januarija
Januarijus
Janė
Jarda
Jaromiras
Jaronas
Jaroslava
Jaroslavas
Jarūnas
Jarūnė
Jasonas
Jaunius
Jaunutis
Jaunutė
Jazmina
Jazminas
Jekaterina
Jelena
Jerachmilas
Jeremėjus
Jeronima
Jeronimas
Jevgenija
Jevgenijus
Joakimas
Joana
Jobas
Jodauga
Jodaugas
Jogaila
Jogailė
Jogilė
Joginta
Jogintas
Jogintė
Jogirda
Jogirdas
Jogundas
Jogundė
Jogėlas
Johana
Johanas
Jokimas
Jokimė
Jokūbas
Jolana
Jolanas
Jolanda
Jolandas
Jolanta
Jolantas
Jolita
Jomantas
Jomantė
Jomilas
Jomilė
Jonas
Jordana
Jordanas
Joris
Jorius
Jorė
Jorūnas
Jorūnė
Josifas
Joskaudas
Joskaudė
Jostautas
Jostautė
Jotautas
Jotautė
Jotvilas
Jotvilė
Jotvingas
Jotvingė
Jovaras
Jovas
Jovilas
Jovilta
Joviltas
Jovilė
Jovis
Jovita
Jovitas
Jovydas
Jovydė
Jošua
Judas
Judita
Judra
Judrė
Jukunda
Jukundas
Julia
Julija
Julijona
Julijonas
Julijus
Julita
Julius
Julė
Junona
Juozapa
Juozapas
Juozapota
Juozapotas
Juozas
Juozė
Juras
Jurga
Jurgina
Jurgis
Jurgita
Jurijus
Justas
Justina
Justinas
Justė
Juta
Jutina
Juvenalis
Juvencijus
Juventa
Juventas
Juzefas
Juzė
Jėzus
Jūra
Jūratė
Jūrena
Jūris
Kainas
Kaja
Kajetona
Kajetonas
Kajus
Kalikstas
Kalikstė
Kamilas
Kamilija
Kamilijus
Kamilis
Kamilė
Kandela
Kandeliarija
Kandeliarijus
Kandida
Kandidas
Kantautas
Kantautė
Kantrimas
Kantrimė
Kantvilas
Kantvilė
Kantvyda
Kantvydas
Kantvydė
Kanutas
Kargaudas
Kaributas
Karigaila
Karigailė
Karigaudė
Karijotas
Karina
Kariotas
Karla
Karlas
Karlita
Karlitas
Karmela
Karolina
Karolis
Karolė
Karstenas
Kasijonas
Kasijus
Kasparas
Kastancija
Kastancijos
Kastanta
Kastantas
Kastas
Kastautas
Kastautė
Kastytis
Kastytė
Kastė
Katarina
Katrė
Kazimiera
Kazimieras
Kazimira
Kazys
Kazė
Kentas
Kernius
Kevinas
Kintautas
Kintautė
Kintenis
Kintenė
Kintvilas
Kintvilė
Kipras
Kiprijonas
Kira
Kirana
Kiranas
Kiras
Kirilas
Kirilė
Kirjana
Kitis
Klaidas
Klara
Klaudija
Klaudijus
Klausas
Klemensa
Klemensas
Klementina
Klementinas
Kleopas
Kleopatra
Kletas
Klodas
Klodoaldas
Klotilda
Klėja
Knutas
Koleta
Koletė
Kolumba
Kolumbanas
Kolumbas
Konkordija
Konkordijus
Konrada
Konradas
Konstancija
Konstancijus
Konstanta
Konstantas
Konstantina
Konstantinas
Kornelija
Kornelijus
Koryna
Kostas
Kostė
Kotryna
Kovaldas
Kovaldė
Krescencija
Krescencijus
Krisas
Kristijona
Kristijonas
Kristina
Kristinas
Kristis
Kristofas
Kristoferis
Kristoforas
Kristupas
Kristė
Krizantas
Krizas
Krizostomas
Ksavera
Ksaveras
Ksaverija
Ksaverijus
Ksena
Ksenija
Kseverina
Kunigunda
Kunigundė
Kunotas
Kvirinas
Kęsbartas
Kęsbartė
Kęsgailas
Kęsgailė
Kęsmina
Kęsminas
Kęsminė
Kęstas
Kęstutis
Labgaudas
Labvardas
Labys
Lada
Laertas
Laima
Laimantas
Laimantė
Laiminta
Laimintas
Laimis
Laimona
Laimonas
Laimonė
Laimutis
Laimutė
Laimė
Laimūnas
Laimūnė
Laisvis
Laisvyda
Laisvydas
Laisvydė
Laisvė
Laisvūnas
Laisvūnė
Lama
Lana
Larisa
Lauksmina
Lauksminas
Lauksminė
Laumė
Laura
Lauras
Laurencija
Laurencijus
Laureta
Lauris
Laurita
Lauryna
Laurynas
Leandras
Leda
Leifa
Leifas
Leila
Leira
Lelija
Lencas
Lengvenis
Lengvenė
Lengvinas
Lengvinė
Lengvys
Leokadija
Leokadijus
Leonarda
Leonardas
Leonas
Leoncija
Leoncijus
Leonidas
Leonidė
Leonilė
Leonora
Leontas
Leontina
Leonė
Leopolda
Leopoldas
Lera
Leslis
Leslė
Leta
Letas
Leticija
Leticijus
Leva
Levas
Liana
Liaudgina
Liaudginas
Liaudmina
Liaudminas
Liaugaudas
Liaugaudė
Libartė
Liberata
Liberatas
Liberta
Libertas
Lidija
Liepa
Ligija
Ligijus
Ligita
Ligitas
Lijana
Liliana
Lilija
Lilijana
Lilita
Lina
Linas
Linda
Lingailas
Lingailė
Linvyda
Linvydas
Linvydė
Linė
Liongina
Lionginas
Liuba
Liubartas
Liubartė
Liubomira
Liubomiras
Liubovė
Liuciferis
Liucija
Liucijus
Liucilija
Liucilijus
Liucilis
Liucilė
Liucina
Liucius
Liucė
Liuda
Liudas
Liudgaras
Liudgardas
Liudgina
Liudginas
Liudmila
Liudvika
Liudvikas
Liudvina
Liugailė
Liusjenas
Liustina
Liusė
Liutauras
Liutavaras
Liutgarda
Liventas
Liveta
Livija
Livijus
Liza
Lola
Lolita
Lorensas
Loreta
Loretas
Loriana
Lozorius
Luisa
Luisas
Luiza
Luizas
Lukas
Luknė
Lukošius
Lukrecija
Lukrecijus
Luminata
Lunija
Lurdes
Lygeda
Lygedas
Lymantas
Lymantė
Lynartas
Lynartė
Lėja
Lėjus
Machmudas
Madajus
Magda
Magdalena
Magdė
Magnas
Maiklas
Maja
Maksas
Maksima
Maksimas
Maksimilijona
Maksimilijonas
Malena
Malgožata
Malvina
Mamerta
Mamertas
Mandravas
Mandravė
Mandrius
Mandrė
Manfredas
Mangailas
Mangailė
Mangirda
Mangirdas
Mantas
Mantautas
Mantautė
Mantgailas
Mantgailė
Mantgirda
Mantgirdas
Mantigailas
Mantigailė
Mantigirda
Mantigirdas
Mantilas
Mantilė
Mantmilas
Mantmilė
Mantminas
Mantminė
Mantrima
Mantrimas
Mantrimė
Mantrius
Mantrė
Mantvilas
Mantvilė
Mantvina
Mantvinas
Mantvinė
Mantvyda
Mantvydas
Mantvydė
Mantė
Manvyda
Manvydas
Manvydė
Maratas
Marcelijus
Marcelina
Marcelinas
Marcelis
Marcelė
Marcijona
Marcijonas
Marcė
Marekas
Margarita
Margiris
Marija
Marijona
Marijonas
Marijus
Marina
Marinas
Marius
Markas
Marsas
Marta
Martina
Martinas
Martinijonas
Martys
Martė
Marytė
Marčius
Marė
Matas
Matilda
Mauras
Mauricijus
Mažena
Mažvilas
Mažvilė
Mažvyda
Mažvydas
Meda
Medardas
Medeina
Medeinė
Medėja
Megana
Megė
Meilius
Meilutė
Meilė
Meinardas
Melanija
Melanijus
Melchioras
Meleta
Melisa
Melita
Melitonas
Merkelis
Merūnas
Metodijus
Mečislovas
Mečys
Michalina
Migla
Miglius
Miglė
Mikalina
Mikalojus
Mikas
Mikis
Mikolojus
Mila
Milagra
Milana
Milanas
Milbartas
Milbartė
Milda
Milena
Mileta
Milgauda
Milgaudas
Milgaudė
Milgeda
Milgedas
Milgedė
Milginta
Milgintas
Milgintė
Milita
Militas
Militina
Milmantas
Milmantė
Milnora
Milnoras
Milvydas
Milvydė
Mina
Minajus
Minas
Mindaugas
Mindaugė
Mineta
Minetė
Mingailas
Mingailė
Mingauda
Mingaudas
Mingaudė
Mingedas
Mingedė
Minginta
Mingintas
Mingintė
Minius
Mintara
Mintaras
Mintarė
Mintas
Mintautas
Mintautė
Mintgailas
Mintgailė
Mintija
Mintijus
Mintė
Minvyda
Minvydas
Minvydė
Mirabela
Mirabelė
Miranda
Mirekas
Mirela
Mireta
Mirga
Miriana
Mirianas
Miroslavas
Mirta
Mirėja
Mišelis
Mišelė
Modesta
Modestas
Mona
Monika
Morena
Morenas
Morgana
Morganas
Morisas
Morkus
Morta
Motiejus
Mozė
Muchamedas
Mudrė
Mustafa
Mykolas
Mykolė
Mąstautas
Mąstautė
Mąstvilas
Mąstvilė
Mėta
Nadežda
Nadiežda
Naglis
Nandas
Napalys
Napoleonas
Narcizas
Narimantas
Narimantė
Narutis
Narutė
Narvyda
Narvydas
Narvydė
Narūnas
Narūnė
Nastas
Nastys
Nastė
Natalija
Natalis
Natanaelis
Natanas
Naubartas
Naubartė
Naura
Nauris
Naurūnas
Naurūnė
Nazaras
Nazarijus
Nedas
Nefertitė
Neilas
Neimantas
Neimantė
Neivyda
Neivydas
Neivydė
Nelė
Nemira
Nemumas
Nencė
Nendrė
Nensė
Neonas
Neonelė
Nerida
Nerija
Nerijus
Nerilis
Nerilė
Nerimantas
Nerimantė
Neringa
Neris
Nerita
Nerius
Nervilas
Nervilė
Nervyda
Nervydas
Nervydė
Nerėjas
Nerūnas
Nerūnė
Nicetas
Nida
Nijolė
Nikandras
Nikas
Nikiforas
Nikita
Nikodemas
Nikolajus
Nikoleta
Nikoletė
Nikolė
Nikė
Nilas
Nina
Nobas
Nobis
Nodravas
Nodravė
Nojus
Nomeda
Nomedas
Nona
Nonita
Nora
Norberta
Norbertas
Norgailas
Norgailė
Norgaudas
Norgaudė
Norgeda
Norgedas
Norgintas
Norgintė
Norimantas
Norimantė
Norius
Normantas
Normantė
Normilas
Normilė
Nortautas
Nortautė
Nortilas
Nortilė
Norvaidas
Norvaidė
Norvainas
Norvainė
Norvaišas
Norvaldas
Norvaldė
Norvilas
Norvilė
Norvyda
Norvydas
Norvydė
Notus
Notė
Novilas
Novilė
Nuelis
Nutautas
Nutautė
Odeta
Odilija
Odisėjas
Odri
Odrė
Ofelija
Oksana
Oksanas
Oktavija
Oktavijus
Olavas
Olegas
Olesis
Olesė
Olga
Olia
Olimpija
Olimpijus
Olivija
Ona
Opulencija
Opulencijus
Oresta
Orestas
Orinta
Orintas
Orlandas
Orvelas
Osama
Oskaras
Osmundas
Ostinas
Osvaldas
Otas
Otilija
Otonas
Ovidija
Ovidijus
Pajauta
Paladijus
Palemonas
Palma
Palmira
Panteleonas
Paola
Paskalis
Pastoras
Patas
Patijus
Patricija
Patricijus
Patrikas
Patrimpas
Patris
Paula
Paulina
Paulinas
Paulita
Paulius
Paulė
Pavelas
Pedro
Pelagija
Pelagijus
Penelopė
Perida
Perla
Perlas
Perpetua
Petras
Petronijus
Petronėlė
Petrė
Pijonija
Pijonijus
Pijus
Pilypa
Pilypas
Piotras
Placida
Placidas
Plegonas
Polikarpas
Polina
Polis
Polė
Poncijonas
Poncijus
Pontius
Porta
Portas
Povilas
Prakseda
Pranas
Pranciška
Pranciškus
Pranys
Pranė
Prima
Protenis
Protenė
Prudencija
Prudencijus
Pulcherija
Putinas
Putrimas
Rachelė
Rachmilas
Radegunda
Radegundas
Radislava
Radislavas
Radmila
Radmilas
Radmilė
Radolfas
Radvilas
Radvilė
Radvydas
Radvydė
Radys
Radė
Rafaelis
Rafaelė
Raigardas
Raima
Raimis
Raimonda
Raimondas
Raimunda
Raimundas
Rainolda
Rainoldas
Raitvilas
Raitvilė
Raivedys
Raivydas
Ralfas
Ramantas
Ramantė
Ramas
Ramazanas
Raminta
Ramintas
Ramojus
Ramona
Ramonas
Ramunė
Ramutis
Ramutė
Ramvyda
Ramvydas
Ramvydė
Ramūnas
Rapolas
Rapolė
Rasa
Rasma
Rasmas
Rasuolė
Rasvydas
Rasvydė
Ratautas
Ratautė
Raudvilas
Raudvilė
Razma
Razmas
Rebeka
Reda
Redanas
Redas
Redmundas
Regana
Reganas
Regimalda
Regimaldas
Regimantas
Regimantė
Regina
Reginalda
Reginaldas
Regvalda
Regvaldas
Reksas
Remigija
Remigijus
Renalda
Renaldas
Renata
Renatas
Renolda
Renoldas
Rikardas
Rima
Rimantas
Rimantė
Rimas
Rimberta
Rimbertas
Rimdaugas
Rimdaugė
Rimgailas
Rimgailė
Rimgaudas
Rimgaudė
Rimkantas
Rimkantė
Rimtas
Rimtautas
Rimtautė
Rimutis
Rimutė
Rimvaldas
Rimvaldė
Rimvilė
Rimvyda
Rimvydas
Rimvydė
Ringailas
Ringailė
Ringauda
Ringaudas
Ringaudė
Rita
Riva
Rivija
Ričardas
Roberta
Robertas
Robinas
Rodrigas
Rojus
Rokas
Roksana
Roksolana
Rolanda
Rolandas
Roma
Romana
Romanas
Romanė
Romas
Romeo
Romualda
Romualdas
Romula
Romulas
Romulė
Rona
Ronalda
Ronaldas
Roneta
Rosita
Rosvaldas
Rovena
Rovenas
Rozalija
Rozalinda
Rozina
Rozita
Rožė
Rudolfas
Rufas
Rufilė
Rufina
Rufinas
Rugilija
Rugilė
Rupertas
Ruslanas
Rusnė
Rykantas
Rykantė
Rymanta
Rytas
Rytautas
Rytautė
Rytis
Rytė
Rūstenis
Rūstis
Rūta
Rūtenis
Rūtenė
Sabilė
Sabina
Sabinas
Sabrina
Saliamonas
Salomėja
Salvadoras
Salvija
Salvijus
Salvinas
Salvinija
Salys
Samanta
Sambangas
Samsonas
Samuelis
Sandra
Sandrijus
Sandrita
Sandrius
Sangailas
Sangailė
Sangaudas
Sangaudė
Sangina
Sanginas
Sangirda
Sangirdas
Sanija
Sanijus
Sanita
Sanitas
Sanrimas
Sanrimė
Santa
Santara
Santaras
Santarė
Santautas
Santautė
Sara
Sarita
Sati
Saturnas
Saturnina
Saturninas
Saudravas
Saudravė
Saugarda
Saugardas
Saugardė
Saulenis
Saulenė
Saulina
Saulius
Saulė
Scholastika
Sebastijona
Sebastijonas
Secilija
Selina
Selma
Selmas
Selverina
Selverinas
Semas
Sensėjus
Serafina
Serafinas
Serapina
Serapinas
Serena
Serenas
Sergejus
Sergiejus
Sergijus
Servacijus
Severa
Severas
Severija
Severijonas
Severijus
Severina
Severinas
Sevilė
Siberija
Siberijus
Sibilė
Sida
Sidas
Sidona
Sidonas
Sidonė
Siga
Sigis
Sigisberta
Sigisbertas
Sigismunda
Sigismundas
Sigita
Sigitas
Sigutė
Siksta
Sikstas
Silva
Silvas
Silverija
Silverijus
Silvestra
Silvestras
Silvija
Silvijus
Sima
Simas
Simona
Simonas
Simonė
Simplicija
Simplicijus
Sintautas
Sintautė
Sintija
Siranas
Sirina
Sirkumstancija
Sirtautas
Sirtautė
Sirvilas
Sirvilė
Sirvyda
Sirvydas
Sirvydė
Skaidra
Skaidrys
Skaidrė
Skaistis
Skaistė
Skalvis
Skalvė
Skarlet
Skirgaila
Skirgailė
Skirgaudas
Skirgaudė
Skirmantas
Skirmantė
Skirtautas
Skirtautė
Skirvydas
Skirvydė
Skolastika
Skolė
Skomantas
Skomantė
Smiltė
Snežana
Snieguolė
Sofija
Sofronija
Sofronijus
Solveiga
Sonata
Sonia
Sotera
Soteras
Sovijus
Stanislova
Stanislovas
Stasys
Stasė
Stefa
Stefanija
Steiginta
Steigintas
Steigintė
Steigvilas
Steigvilė
Stela
Stelas
Stepanija
Stepas
Steponas
Steponė
Suzana
Svaigeda
Svaigedas
Svaigedė
Svaja
Svajonė
Svajūnas
Svajūnė
Svalia
Svetlana
Svirbutas
Svirbutė
Svirgailas
Svirgailė
Tadas
Tadeušas
Tadė
Tajus
Talius
Tamara
Tania
Tanvilas
Tanvilė
Tarena
Tarenas
Tarmantas
Tarmantė
Tarvainas
Tarvainė
Tarvilas
Tarvilė
Tarvina
Tarvinas
Tatjana
Taugintas
Tauras
Taurija
Taurijus
Taurius
Taurys
Taurė
Tautas
Tautenis
Tautenė
Tautgailas
Tautgailė
Tautgina
Tautginas
Tautginta
Tautgintė
Tautginė
Tautgirdas
Tautgirdė
Tautkanta
Tautkantas
Tautmilas
Tautmilė
Tautrimas
Tautrimė
Tautvaldas
Tautvaldė
Tautvilas
Tautvilė
Tautvyda
Tautvydas
Tautvydė
Tautė
Tedas
Teisius
Teisutis
Teisutė
Teklė
Telesforas
Temidė
Teobaldas
Teodora
Teodoras
Teodota
Teodotas
Teodozija
Teodozijus
Teofanas
Teofilas
Teofilija
Teofilijus
Teofilis
Teofilius
Teofilė
Teresijus
Teresė
Tija
Tilda
Timas
Timonas
Timotiejus
Timotis
Titas
Tobijus
Tobis
Todas
Tolmantas
Tolmantė
Tolmina
Tolminas
Tolvaldas
Tolvaldė
Tolvina
Tolvinas
Tolvydas
Tolvydė
Toma
Tomas
Tonis
Toras
Traidenis
Traidenė
Traviata
Trojus
Tulgaudas
Tulgaudė
Tulgedas
Tulgirdas
Tulė
Tvirmantas
Tyrūnas
Ubaldas
Ugnius
Ugnė
Uldis
Ulijona
Uljana
Uljanas
Ulrichas
Ulrichė
Ulrika
Ulrikas
Undinė
Unė
Uosis
Urbonas
Ursas
Ursinas
Urta
Urtė
Uršulė
Vaclav
Vaclova
Vaclovas
Vacys
Vacė
Vadimas
Vaida
Vaidas
Vaidevutis
Vaidevutė
Vaidgina
Vaidginas
Vaidginta
Vaidgintas
Vaidgintė
Vaidilas
Vaidilutė
Vaidilė
Vaidivutis
Vaidmantas
Vaidmantė
Vaidmina
Vaidminas
Vaidonė
Vaidota
Vaidotas
Vaidotė
Vaidutis
Vaidutė
Vaidvilas
Vaidvilė
Vaidys
Vaiga
Vaigailas
Vaigailė
Vaigaudas
Vaigaudė
Vaigeda
Vaigedas
Vaigedė
Vaigintas
Vaigintė
Vaigė
Vaina
Vaineta
Vainetas
Vaingeda
Vaingedas
Vaingedė
Vainius
Vainora
Vainoras
Vainota
Vainotas
Vainys
Vaitautas
Vaitautė
Vaiva
Vaišgina
Vaišginas
Vaišmantas
Vaišmantė
Vaišnora
Vaišnoras
Vaištautas
Vaištautė
Vaišvilas
Vaišvilkas
Vaišviltas
Vaišviltė
Vaišvilė
Vaišvyda
Vaišvydas
Vaišvydė
Vaižgantas
Vakaris
Vakarius
Vakarė
Valda
Valdas
Valdemar
Valdemara
Valdemaras
Valdonė
Valensija
Valensijus
Valentas
Valentina
Valentinas
Valerija
Valerijona
Valerijonas
Valerijus
Valius
Valmantas
Valmantė
Valteris
Valtrūda
Valys
Valė
Vanda
Vandalinas
Vandalius
Vandenis
Vandenė
Vanesa
Vanilija
Varvara
Varūna
Varūnas
Varūnė
Vasaris
Vasarė
Vasilijus
Vasilisa
Veda
Vedastas
Vedestas
Vega
Veliuona
Velta
Venancija
Venancijus
Venanta
Venantas
Veneranda
Venerandas
Venta
Ventūra
Vera
Veras
Verena
Verneris
Veronika
Verutė
Veslava
Veslavas
Vesta
Vestina
Večeslavas
Viačeslav
Viačeslavas
Vida
Vidas
Videta
Vidgailas
Vidgailė
Vidmantas
Vidmantė
Vidmina
Vidminas
Vidminė
Vidutis
Vientautas
Vientautė
Viešvilas
Viešvilė
Vigilija
Vijolė
Vijūnė
Viktor
Viktoras
Viktorija
Viktorina
Viktorinas
Vilanda
Vilandas
Vilas
Vilburas
Vilbutas
Vilbutė
Vilda
Vildas
Vildauga
Vildaugas
Vildaugė
Vilfreda
Vilfredas
Vilgailas
Vilgailė
Vilgardas
Vilgardė
Vilgaudas
Vilgaudė
Vilginta
Vilgintas
Vilgintė
Vilgirdas
Vilgirdė
Vilhelma
Vilhelmas
Vilhelmina
Vilhelminas
Vilija
Vilijus
Vilima
Vilimas
Vilinta
Vilintas
Vilintė
Vilius
Vilma
Vilmantas
Vilmantė
Vilmas
Vilmis
Vilnius
Vilnė
Viltaras
Viltarė
Viltautas
Viltautė
Viltenis
Viltenė
Viltvydas
Viltvydė
Viltė
Vilys
Vilė
Vilūnė
Vincas
Vincenta
Vincentas
Vincė
Vineta
Vinetu
Vinfredas
Vinfridas
Vingailas
Vingailė
Vingaudas
Vingaudė
Viola
Violeta
Violė
Virbutas
Virga
Virgailas
Virgailė
Virgas
Virgaudas
Virgaudė
Virgilija
Virgilijus
Virginija
Virginijus
Virgis
Virkantas
Virkantė
Virmantas
Virmantė
Visalgas
Visalgė
Visgailas
Visgailė
Visgaudas
Visgaudė
Visginta
Visgintas
Visgintė
Viskintas
Viskintė
Vismantas
Vismantė
Visvaldas
Visvaldė
Visvilas
Visvilė
Visvyda
Visvydas
Visvydė
Vita
Vitalija
Vitalijus
Vitalis
Vitalius
Vitalė
Vitanas
Vitas
Vitolda
Vitoldas
Viva
Vivaltas
Vivaltė
Viventas
Viviana
Vivjena
Vlada
Vladas
Vladimir
Vladimiras
Vladislava
Vladislavas
Vladys
Vladė
Voitekas
Volfas
Volfgangas
Volodia
Vudas
Vydas
Vydenis
Vydenė
Vydgina
Vydginas
Vydminta
Vydmintas
Vydota
Vydotas
Vydotė
Vydė
Vydūnas
Vygailas
Vygailė
Vygandas
Vygandė
Vygantas
Vygantė
Vygaudas
Vygaudė
Vygintas
Vygintė
Vygirda
Vygirdas
Vygirdė
Vygis
Vykantas
Vykantė
Vykinta
Vykintas
Vykintė
Vyliaudas
Vyliaudė
Vytaras
Vytarė
Vytas
Vytautas
Vytautė
Vytenis
Vytenė
Vytis
Vytė
Vėjas
Vėjūnas
Vėjūnė
Vėtra
Zacharijas
Zacharijus
Zariana
Zbignevas
Zebediejus
Zedas
Zedekijus
Zefrina
Zefrinas
Zefyrina
Zefyrinas
Zenius
Zenobija
Zenona
Zenonas
Zenė
Zigfrida
Zigfridas
Zigmantas
Zigmas
Zigmunda
Zigmundas
Zilbertas
Zina
Zinaida
Zinas
Zita
Zofija
Zoja
Zoriana
Zorianas
Zosė
Zuzana
Ąžuolas
Ąžuolis
Ąžuolė
Čarlis
Čarlzas
Česius
Česlova
Česlovas
Česys
Česė
Čianita
Čiovyda
Čiovydas
Šalnė
Šarūnas
Šarūnė
Širlis
Širlė
Švitrigaila
Švitrigailė
Švytrūnas
Švytrūnė
Ūdrys
Ūla
Žadgailas
Žadgailė
Žadmantas
Žadmantė
Žadvainas
Žadvainė
Žadvydas
Žadvydė
Žakas
Žaklina
Žana
Žanas
Žaneta
Žavinta
Žeimantas
Žeimantė
Žemyna
Ženevjeva
Žeraldas
Žermena
Žibuoklė
Žibutė
Žiedė
Žilvija
Žilvijus
Žilvinas
Žintautas
Žintautė
Živilis
Žvainibudas
Žvainys
Žybartas
Žybartė
Žydrius
Žydrutis
Žydrutė
Žydrė
Žydrūnas
Žydrūnė
Žygaudas
Žygaudė
Žygimantas
Žygimantė
Žyginta
Žygintas
Žygintė
Žygis
Žygmantas
Žygmantė
Žygūnas
Žymantas
Žymantė
Žyvilas
Žyvilė
Žėrutis
Žėrutė
